
> brian@1.0.0 test
> cross-env NODE_ENV=test jest --runInBand --verbose

Jest Global Setup: JWT_SECRET set for test environment.

Running Jest Global Setup: Setting up test database using isolated Umzug...
Jest Global Setup: Creating temporary Sequelize instance for migrations...
Jest Global Setup: Temporary migration instance authenticated.
Jest Global Setup: Umzug configured. Looking for migrations in: C:\Apps\Brian\migrations using pattern *.js
Jest Global Setup: Initial pending migrations after umzug setup: []
Jest Global Setup: Reverting all migrations (umzug.down)...
{ event: 'reverting', name: '20250417165214-create-jobs-table.js' }
Running migration DOWN: 20250417165214-create-jobs-table.js
{
  event: 'reverted',
  name: '20250417165214-create-jobs-table.js',
  durationSeconds: 0.02
}
{ event: 'reverting', name: '20250417133051-add-role-to-people.js' }
Running migration DOWN: 20250417133051-add-role-to-people.js
{
  event: 'reverted',
  name: '20250417133051-add-role-to-people.js',
  durationSeconds: 0.006
}
{ event: 'reverting', name: '20250416174419-add-project-fields.js' }
Running migration DOWN: 20250416174419-add-project-fields.js
{
  event: 'reverted',
  name: '20250416174419-add-project-fields.js',
  durationSeconds: 0.005
}
{ event: 'reverting', name: '20250416165917-add-task-audit-fields.js' }
Running migration DOWN: 20250416165917-add-task-audit-fields.js
{
  event: 'reverted',
  name: '20250416165917-add-task-audit-fields.js',
  durationSeconds: 0.004
}
{
  event: 'reverting',
  name: '20250416132000-create-project-assignments.js'
}
Running migration DOWN: 20250416132000-create-project-assignments.js
{
  event: 'reverted',
  name: '20250416132000-create-project-assignments.js',
  durationSeconds: 0.008
}
{
  event: 'reverting',
  name: '20250416131946-add-password-to-people.js'
}
Running migration DOWN: 20250416131946-add-password-to-people.js
{
  event: 'reverted',
  name: '20250416131946-add-password-to-people.js',
  durationSeconds: 0.005
}
{
  event: 'reverting',
  name: '20250416131635-create-baseline-tables.js'
}
Running migration DOWN: 20250416131635-create-baseline-tables.js
{
  event: 'reverted',
  name: '20250416131635-create-baseline-tables.js',
  durationSeconds: 0.038
}
Jest Global Setup: Migrations reverted.
Jest Global Setup: Explicitly dropping SequelizeMeta table...
Jest Global Setup: SequelizeMeta table dropped.
Jest Global Setup: Running all migrations (umzug.up)...
Jest Global Setup: Pending migrations before umzug.up(): [
  '20250416131635-create-baseline-tables.js',
  '20250416131946-add-password-to-people.js',
  '20250416132000-create-project-assignments.js',
  '20250416165917-add-task-audit-fields.js',
  '20250416174419-add-project-fields.js',
  '20250417133051-add-role-to-people.js',
  '20250417165214-create-jobs-table.js'
]
{
  event: 'migrating',
  name: '20250416131635-create-baseline-tables.js'
}
Running migration UP: 20250416131635-create-baseline-tables.js
{
  event: 'migrated',
  name: '20250416131635-create-baseline-tables.js',
  durationSeconds: 0.052
}
{
  event: 'migrating',
  name: '20250416131946-add-password-to-people.js'
}
Running migration UP: 20250416131946-add-password-to-people.js
Added password column to people table
{
  event: 'migrated',
  name: '20250416131946-add-password-to-people.js',
  durationSeconds: 0.007
}
{
  event: 'migrating',
  name: '20250416132000-create-project-assignments.js'
}
Running migration UP: 20250416132000-create-project-assignments.js
project_assignments table already exists, skipping creation
{
  event: 'migrated',
  name: '20250416132000-create-project-assignments.js',
  durationSeconds: 0.006
}
{ event: 'migrating', name: '20250416165917-add-task-audit-fields.js' }
Running migration UP: 20250416165917-add-task-audit-fields.js
Added column created_by_user_id to tasks table
Added column modified_by_user_id to tasks table
{
  event: 'migrated',
  name: '20250416165917-add-task-audit-fields.js',
  durationSeconds: 0.008
}
{ event: 'migrating', name: '20250416174419-add-project-fields.js' }
Running migration UP: 20250416174419-add-project-fields.js
Added column status_id to projects table
Added column created_by_user_id to projects table
Added column description to projects table
Added column notes to projects table
Added column project_open to projects table
Added column archived to projects table
Added column start_date to projects table
Added column due_date to projects table
Added column closed_at to projects table
{
  event: 'migrated',
  name: '20250416174419-add-project-fields.js',
  durationSeconds: 0.015
}
{ event: 'migrating', name: '20250417133051-add-role-to-people.js' }
Running migration UP: 20250417133051-add-role-to-people.js
{
  event: 'migrated',
  name: '20250417133051-add-role-to-people.js',
  durationSeconds: 0.005
}
{ event: 'migrating', name: '20250417165214-create-jobs-table.js' }
Running migration UP: 20250417165214-create-jobs-table.js
{
  event: 'migrated',
  name: '20250417165214-create-jobs-table.js',
  durationSeconds: 0.012
}
Jest Global Setup: umzug.up() executed. Migrations run: [
  '20250416131635-create-baseline-tables.js',
  '20250416131946-add-password-to-people.js',
  '20250416132000-create-project-assignments.js',
  '20250416165917-add-task-audit-fields.js',
  '20250416174419-add-project-fields.js',
  '20250417133051-add-role-to-people.js',
  '20250417165214-create-jobs-table.js'
]
Jest Global Setup: Migrations complete (post umzug.up).
Forcing recreation of project_assignments table for test environment...
project_assignments table recreated successfully.
Jest Global Setup: Closing temporary migration instance...
Jest Global Setup: Temporary migration instance closed.
Jest Global Setup: Loading application models for seeding...
Using TEST environment configuration from ../../config/config.json
Associating model: Job
Associating model: Person
Associating model: Project
Associating model: Task
--- Association Check (Project -> AssignedPeople) ---
Association Type: BelongsToMany
Target Model: Person
Through Model: ProjectAssignment
Through Model Table Name: project_assignments
Foreign Key: project_id
Other Key: user_id
----------------------------------------------------
--- ProjectAssignment Model Check ---
Model Name: ProjectAssignment
Table Name: project_assignments
-----------------------------------
Jest Global Setup: Application models loaded and authenticated.
Jest Global Setup: Seeding basic data...
Seeded default status.
node.exe : (sequelize) Warning: Unknown attributes (job_id) passed to defaults option of findOrCreate
At C:\Program Files\nodejs\npm.ps1:29 char:3
+   & $NODE_EXE $NPM_CLI_JS $args
+   ~~~~~~~~~~~~~~~~~~~~~~~~~~~~~
    + CategoryInfo          : NotSpecified: ((sequelize) War...of findOrCreate:String) [], RemoteException
    + FullyQualifiedErrorId : NativeCommandError
 
Seeded test user (ID 999).
Seeded test project (ID 7695).
Seeded default job.
Jest Global Setup: Basic data seeding complete.
Jest Global Setup: Resetting table sequences...
Reset "Jobs_id_seq" to start at 2
Jest Global Setup: Error resetting sequences: Error
    at Query.run (C:\Apps\Brian\node_modules\sequelize\lib\dialects\postgres\query.js:50:25)
    at C:\Apps\Brian\node_modules\sequelize\lib\sequelize.js:315:28
    at process.processTicksAndRejections (node:internal/process/task_queues:105:5)
    at async module.exports (C:\Apps\Brian\tests\globalSetup.js:234:36)
    at async C:\Apps\Brian\node_modules\@jest\core\build\runGlobalHook.js:109:13
    at async waitForPromiseWithCleanup (C:\Apps\Brian\node_modules\@jest\transform\build\ScriptTransformer.js:160:5)
    at async ScriptTransformer.requireAndTranspileModule (C:\Apps\Brian\node_modules\@jest\transform\build\ScriptTransformer.js:808:16)
    at async runGlobalHook (C:\Apps\Brian\node_modules\@jest\core\build\runGlobalHook.js:101:9)
    at async runJest (C:\Apps\Brian\node_modules\@jest\core\build\runJest.js:327:5)
    at async _run10000 (C:\Apps\Brian\node_modules\@jest\core\build\cli\index.js:343:7)
    at async runCLI (C:\Apps\Brian\node_modules\@jest\core\build\cli\index.js:198:3)
    at async Object.run (C:\Apps\Brian\node_modules\jest-cli\build\run.js:130:37) {
  name: 'SequelizeDatabaseError',
  parent: error: relation "Projects" does not exist
      at Parser.parseErrorMessage (C:\Apps\Brian\node_modules\pg-protocol\dist\parser.js:283:98)
      at Parser.handlePacket (C:\Apps\Brian\node_modules\pg-protocol\dist\parser.js:122:29)
      at Parser.parse (C:\Apps\Brian\node_modules\pg-protocol\dist\parser.js:35:38)
      at Socket.<anonymous> (C:\Apps\Brian\node_modules\pg-protocol\dist\index.js:11:42)
      at Socket.emit (node:events:524:28)
      at addChunk (node:internal/streams/readable:561:12)
      at readableAddChunkPushByteMode (node:internal/streams/readable:512:3)
      at Readable.push (node:internal/streams/readable:392:5)
      at TCP.onStreamRead (node:internal/stream_base_commons:189:23) {
    length: 107,
    severity: 'ERROR',
    code: '42P01',
    detail: undefined,
    hint: undefined,
    position: '30',
    internalPosition: undefined,
    internalQuery: undefined,
    where: undefined,
    schema: undefined,
    table: undefined,
    column: undefined,
    dataType: undefined,
    constraint: undefined,
    file: 'parse_relation.c',
    line: '1452',
    routine: 'parserOpenTable',
    sql: 'SELECT MAX(id) as maxid FROM "Projects";',
    parameters: undefined
  },
  original: error: relation "Projects" does not exist
      at Parser.parseErrorMessage (C:\Apps\Brian\node_modules\pg-protocol\dist\parser.js:283:98)
      at Parser.handlePacket (C:\Apps\Brian\node_modules\pg-protocol\dist\parser.js:122:29)
      at Parser.parse (C:\Apps\Brian\node_modules\pg-protocol\dist\parser.js:35:38)
      at Socket.<anonymous> (C:\Apps\Brian\node_modules\pg-protocol\dist\index.js:11:42)
      at Socket.emit (node:events:524:28)
      at addChunk (node:internal/streams/readable:561:12)
      at readableAddChunkPushByteMode (node:internal/streams/readable:512:3)
      at Readable.push (node:internal/streams/readable:392:5)
      at TCP.onStreamRead (node:internal/stream_base_commons:189:23) {
    length: 107,
    severity: 'ERROR',
    code: '42P01',
    detail: undefined,
    hint: undefined,
    position: '30',
    internalPosition: undefined,
    internalQuery: undefined,
    where: undefined,
    schema: undefined,
    table: undefined,
    column: undefined,
    dataType: undefined,
    constraint: undefined,
    file: 'parse_relation.c',
    line: '1452',
    routine: 'parserOpenTable',
    sql: 'SELECT MAX(id) as maxid FROM "Projects";',
    parameters: undefined
  },
  sql: 'SELECT MAX(id) as maxid FROM "Projects";',
  parameters: {}
}
Jest Global Setup: Seeding connection closed.
  console.log
    Using TEST environment configuration from ../../config/config.json

      at Object.log (src/models/index.js:22:9)

  console.log
    Associating model: Job

      at log (src/models/index.js:102:13)
          at Array.forEach (<anonymous>)

  console.log
    Associating model: Person

      at log (src/models/index.js:102:13)
          at Array.forEach (<anonymous>)

  console.log
    Associating model: Project

      at log (src/models/index.js:102:13)
          at Array.forEach (<anonymous>)

  console.log
    Associating model: Task

      at log (src/models/index.js:102:13)
          at Array.forEach (<anonymous>)

  console.log
    --- Association Check (Project -> AssignedPeople) ---

      at Object.log (src/models/index.js:109:11)

  console.log
    Association Type: BelongsToMany

      at Object.log (src/models/index.js:110:11)

  console.log
    Target Model: Person

      at Object.log (src/models/index.js:111:11)

  console.log
    Through Model: ProjectAssignment

      at Object.log (src/models/index.js:112:11)

  console.log
    Through Model Table Name: project_assignments

      at Object.log (src/models/index.js:113:11)

  console.log
    Foreign Key: project_id

      at Object.log (src/models/index.js:114:11)

  console.log
    Other Key: user_id

      at Object.log (src/models/index.js:115:11)

  console.log
    ----------------------------------------------------

      at Object.log (src/models/index.js:116:11)

  console.log
    --- ProjectAssignment Model Check ---

      at Object.log (src/models/index.js:122:13)

  console.log
    Model Name: ProjectAssignment

      at Object.log (src/models/index.js:123:13)

  console.log
    Table Name: project_assignments

      at Object.log (src/models/index.js:124:13)

  console.log
    -----------------------------------

      at Object.log (src/models/index.js:125:13)

  console.log
    Test DB Connection has been established successfully.

      at Object.log (tests/setup.js:18:13)

  console.log
    Test DB Connection has been closed successfully.

      at Object.log (tests/setup.js:31:13)

FAIL tests/integration/jobs.write.test.js
  Jobs API - Write Operations (/api/v1/jobs)
    POST /api/v1/jobs
      ├ù should create a new job with valid data and authentication (1 ms)
      ├ù should return 401 if not authenticated
      ├ù should return 400 if title is missing
      ├ù should return 400 if projectId is missing
      ├ù should return 400 if projectId is invalid
      ├ù should return 404 if project associated with projectId does not exist
      ├ù should return 400 if status is invalid
    PUT /api/v1/jobs/:id
      ├ù should update an existing job with valid data and authentication
      ├ù should allow partial updates (e.g., only status)
      ├ù should return 401 if not authenticated
      ├ù should return 404 if job ID does not exist
      ├ù should return 400 if job ID is invalid
      ├ù should return 400 if status is invalid
    DELETE /api/v1/jobs/:id
      ├ù should delete an existing job with valid authentication
      ├ù should return 401 if not authenticated
      ├ù should return 404 if job ID does not exist
      ├ù should return 400 if job ID is invalid

  ΓùÅ Jobs API - Write Operations (/api/v1/jobs) ΓÇ║ POST /api/v1/jobs ΓÇ║ should create a new job with valid data and authentication

    TypeError: generateTestToken is not a function

    [0m [90m 26 |[39m             [36mthrow[39m [36mnew[39m [33mError[39m([32m'Test user (project owner) could not be found after creation.'[39m)[33m;[39m
     [90m 27 |[39m         }
    [31m[1m>[22m[39m[90m 28 |[39m         [36mconst[39m token [33m=[39m generateTestToken(testUser[33m.[39memployee_id)[33m;[39m [90m// Use the correct user ID[39m
     [90m    |[39m                       [31m[1m^[22m[39m
     [90m 29 |[39m         authHeader [33m=[39m [32m`Bearer ${token}`[39m[33m;[39m [90m// Manually create the header string[39m
     [90m 30 |[39m     })[33m;[39m
     [90m 31 |[39m[0m

      at Object.generateTestToken (tests/integration/jobs.write.test.js:28:23)

  ΓùÅ Jobs API - Write Operations (/api/v1/jobs) ΓÇ║ POST /api/v1/jobs ΓÇ║ should return 401 if not authenticated

    TypeError: generateTestToken is not a function

    [0m [90m 26 |[39m             [36mthrow[39m [36mnew[39m [33mError[39m([32m'Test user (project owner) could not be found after creation.'[39m)[33m;[39m
     [90m 27 |[39m         }
    [31m[1m>[22m[39m[90m 28 |[39m         [36mconst[39m token [33m=[39m generateTestToken(testUser[33m.[39memployee_id)[33m;[39m [90m// Use the correct user ID[39m
     [90m    |[39m                       [31m[1m^[22m[39m
     [90m 29 |[39m         authHeader [33m=[39m [32m`Bearer ${token}`[39m[33m;[39m [90m// Manually create the header string[39m
     [90m 30 |[39m     })[33m;[39m
     [90m 31 |[39m[0m

      at Object.generateTestToken (tests/integration/jobs.write.test.js:28:23)

  ΓùÅ Jobs API - Write Operations (/api/v1/jobs) ΓÇ║ POST /api/v1/jobs ΓÇ║ should return 400 if title is missing

    TypeError: generateTestToken is not a function

    [0m [90m 26 |[39m             [36mthrow[39m [36mnew[39m [33mError[39m([32m'Test user (project owner) could not be found after creation.'[39m)[33m;[39m
     [90m 27 |[39m         }
    [31m[1m>[22m[39m[90m 28 |[39m         [36mconst[39m token [33m=[39m generateTestToken(testUser[33m.[39memployee_id)[33m;[39m [90m// Use the correct user ID[39m
     [90m    |[39m                       [31m[1m^[22m[39m
     [90m 29 |[39m         authHeader [33m=[39m [32m`Bearer ${token}`[39m[33m;[39m [90m// Manually create the header string[39m
     [90m 30 |[39m     })[33m;[39m
     [90m 31 |[39m[0m

      at Object.generateTestToken (tests/integration/jobs.write.test.js:28:23)

  ΓùÅ Jobs API - Write Operations (/api/v1/jobs) ΓÇ║ POST /api/v1/jobs ΓÇ║ should return 400 if projectId is missing

    TypeError: generateTestToken is not a function

    [0m [90m 26 |[39m             [36mthrow[39m [36mnew[39m [33mError[39m([32m'Test user (project owner) could not be found after creation.'[39m)[33m;[39m
     [90m 27 |[39m         }
    [31m[1m>[22m[39m[90m 28 |[39m         [36mconst[39m token [33m=[39m generateTestToken(testUser[33m.[39memployee_id)[33m;[39m [90m// Use the correct user ID[39m
     [90m    |[39m                       [31m[1m^[22m[39m
     [90m 29 |[39m         authHeader [33m=[39m [32m`Bearer ${token}`[39m[33m;[39m [90m// Manually create the header string[39m
     [90m 30 |[39m     })[33m;[39m
     [90m 31 |[39m[0m

      at Object.generateTestToken (tests/integration/jobs.write.test.js:28:23)

  ΓùÅ Jobs API - Write Operations (/api/v1/jobs) ΓÇ║ POST /api/v1/jobs ΓÇ║ should return 400 if projectId is invalid

    TypeError: generateTestToken is not a function

    [0m [90m 26 |[39m             [36mthrow[39m [36mnew[39m [33mError[39m([32m'Test user (project owner) could not be found after creation.'[39m)[33m;[39m
     [90m 27 |[39m         }
    [31m[1m>[22m[39m[90m 28 |[39m         [36mconst[39m token [33m=[39m generateTestToken(testUser[33m.[39memployee_id)[33m;[39m [90m// Use the correct user ID[39m
     [90m    |[39m                       [31m[1m^[22m[39m
     [90m 29 |[39m         authHeader [33m=[39m [32m`Bearer ${token}`[39m[33m;[39m [90m// Manually create the header string[39m
     [90m 30 |[39m     })[33m;[39m
     [90m 31 |[39m[0m

      at Object.generateTestToken (tests/integration/jobs.write.test.js:28:23)

  ΓùÅ Jobs API - Write Operations (/api/v1/jobs) ΓÇ║ POST /api/v1/jobs ΓÇ║ should return 404 if project associated with projectId does not exist

    TypeError: generateTestToken is not a function

    [0m [90m 26 |[39m             [36mthrow[39m [36mnew[39m [33mError[39m([32m'Test user (project owner) could not be found after creation.'[39m)[33m;[39m
     [90m 27 |[39m         }
    [31m[1m>[22m[39m[90m 28 |[39m         [36mconst[39m token [33m=[39m generateTestToken(testUser[33m.[39memployee_id)[33m;[39m [90m// Use the correct user ID[39m
     [90m    |[39m                       [31m[1m^[22m[39m
     [90m 29 |[39m         authHeader [33m=[39m [32m`Bearer ${token}`[39m[33m;[39m [90m// Manually create the header string[39m
     [90m 30 |[39m     })[33m;[39m
     [90m 31 |[39m[0m

      at Object.generateTestToken (tests/integration/jobs.write.test.js:28:23)

  ΓùÅ Jobs API - Write Operations (/api/v1/jobs) ΓÇ║ POST /api/v1/jobs ΓÇ║ should return 400 if status is invalid

    TypeError: generateTestToken is not a function

    [0m [90m 26 |[39m             [36mthrow[39m [36mnew[39m [33mError[39m([32m'Test user (project owner) could not be found after creation.'[39m)[33m;[39m
     [90m 27 |[39m         }
    [31m[1m>[22m[39m[90m 28 |[39m         [36mconst[39m token [33m=[39m generateTestToken(testUser[33m.[39memployee_id)[33m;[39m [90m// Use the correct user ID[39m
     [90m    |[39m                       [31m[1m^[22m[39m
     [90m 29 |[39m         authHeader [33m=[39m [32m`Bearer ${token}`[39m[33m;[39m [90m// Manually create the header string[39m
     [90m 30 |[39m     })[33m;[39m
     [90m 31 |[39m[0m

      at Object.generateTestToken (tests/integration/jobs.write.test.js:28:23)

  ΓùÅ Jobs API - Write Operations (/api/v1/jobs) ΓÇ║ PUT /api/v1/jobs/:id ΓÇ║ should update an existing job with valid data and authentication

    TypeError: generateTestToken is not a function

    [0m [90m 26 |[39m             [36mthrow[39m [36mnew[39m [33mError[39m([32m'Test user (project owner) could not be found after creation.'[39m)[33m;[39m
     [90m 27 |[39m         }
    [31m[1m>[22m[39m[90m 28 |[39m         [36mconst[39m token [33m=[39m generateTestToken(testUser[33m.[39memployee_id)[33m;[39m [90m// Use the correct user ID[39m
     [90m    |[39m                       [31m[1m^[22m[39m
     [90m 29 |[39m         authHeader [33m=[39m [32m`Bearer ${token}`[39m[33m;[39m [90m// Manually create the header string[39m
     [90m 30 |[39m     })[33m;[39m
     [90m 31 |[39m[0m

      at Object.generateTestToken (tests/integration/jobs.write.test.js:28:23)

  ΓùÅ Jobs API - Write Operations (/api/v1/jobs) ΓÇ║ PUT /api/v1/jobs/:id ΓÇ║ should allow partial updates (e.g., only status)

    TypeError: generateTestToken is not a function

    [0m [90m 26 |[39m             [36mthrow[39m [36mnew[39m [33mError[39m([32m'Test user (project owner) could not be found after creation.'[39m)[33m;[39m
     [90m 27 |[39m         }
    [31m[1m>[22m[39m[90m 28 |[39m         [36mconst[39m token [33m=[39m generateTestToken(testUser[33m.[39memployee_id)[33m;[39m [90m// Use the correct user ID[39m
     [90m    |[39m                       [31m[1m^[22m[39m
     [90m 29 |[39m         authHeader [33m=[39m [32m`Bearer ${token}`[39m[33m;[39m [90m// Manually create the header string[39m
     [90m 30 |[39m     })[33m;[39m
     [90m 31 |[39m[0m

      at Object.generateTestToken (tests/integration/jobs.write.test.js:28:23)

  ΓùÅ Jobs API - Write Operations (/api/v1/jobs) ΓÇ║ PUT /api/v1/jobs/:id ΓÇ║ should return 401 if not authenticated

    TypeError: generateTestToken is not a function

    [0m [90m 26 |[39m             [36mthrow[39m [36mnew[39m [33mError[39m([32m'Test user (project owner) could not be found after creation.'[39m)[33m;[39m
     [90m 27 |[39m         }
    [31m[1m>[22m[39m[90m 28 |[39m         [36mconst[39m token [33m=[39m generateTestToken(testUser[33m.[39memployee_id)[33m;[39m [90m// Use the correct user ID[39m
     [90m    |[39m                       [31m[1m^[22m[39m
     [90m 29 |[39m         authHeader [33m=[39m [32m`Bearer ${token}`[39m[33m;[39m [90m// Manually create the header string[39m
     [90m 30 |[39m     })[33m;[39m
     [90m 31 |[39m[0m

      at Object.generateTestToken (tests/integration/jobs.write.test.js:28:23)

  ΓùÅ Jobs API - Write Operations (/api/v1/jobs) ΓÇ║ PUT /api/v1/jobs/:id ΓÇ║ should return 404 if job ID does not exist

    TypeError: generateTestToken is not a function

    [0m [90m 26 |[39m             [36mthrow[39m [36mnew[39m [33mError[39m([32m'Test user (project owner) could not be found after creation.'[39m)[33m;[39m
     [90m 27 |[39m         }
    [31m[1m>[22m[39m[90m 28 |[39m         [36mconst[39m token [33m=[39m generateTestToken(testUser[33m.[39memployee_id)[33m;[39m [90m// Use the correct user ID[39m
     [90m    |[39m                       [31m[1m^[22m[39m
     [90m 29 |[39m         authHeader [33m=[39m [32m`Bearer ${token}`[39m[33m;[39m [90m// Manually create the header string[39m
     [90m 30 |[39m     })[33m;[39m
     [90m 31 |[39m[0m

      at Object.generateTestToken (tests/integration/jobs.write.test.js:28:23)

  ΓùÅ Jobs API - Write Operations (/api/v1/jobs) ΓÇ║ PUT /api/v1/jobs/:id ΓÇ║ should return 400 if job ID is invalid

    TypeError: generateTestToken is not a function

    [0m [90m 26 |[39m             [36mthrow[39m [36mnew[39m [33mError[39m([32m'Test user (project owner) could not be found after creation.'[39m)[33m;[39m
     [90m 27 |[39m         }
    [31m[1m>[22m[39m[90m 28 |[39m         [36mconst[39m token [33m=[39m generateTestToken(testUser[33m.[39memployee_id)[33m;[39m [90m// Use the correct user ID[39m
     [90m    |[39m                       [31m[1m^[22m[39m
     [90m 29 |[39m         authHeader [33m=[39m [32m`Bearer ${token}`[39m[33m;[39m [90m// Manually create the header string[39m
     [90m 30 |[39m     })[33m;[39m
     [90m 31 |[39m[0m

      at Object.generateTestToken (tests/integration/jobs.write.test.js:28:23)

  ΓùÅ Jobs API - Write Operations (/api/v1/jobs) ΓÇ║ PUT /api/v1/jobs/:id ΓÇ║ should return 400 if status is invalid

    TypeError: generateTestToken is not a function

    [0m [90m 26 |[39m             [36mthrow[39m [36mnew[39m [33mError[39m([32m'Test user (project owner) could not be found after creation.'[39m)[33m;[39m
     [90m 27 |[39m         }
    [31m[1m>[22m[39m[90m 28 |[39m         [36mconst[39m token [33m=[39m generateTestToken(testUser[33m.[39memployee_id)[33m;[39m [90m// Use the correct user ID[39m
     [90m    |[39m                       [31m[1m^[22m[39m
     [90m 29 |[39m         authHeader [33m=[39m [32m`Bearer ${token}`[39m[33m;[39m [90m// Manually create the header string[39m
     [90m 30 |[39m     })[33m;[39m
     [90m 31 |[39m[0m

      at Object.generateTestToken (tests/integration/jobs.write.test.js:28:23)

  ΓùÅ Jobs API - Write Operations (/api/v1/jobs) ΓÇ║ DELETE /api/v1/jobs/:id ΓÇ║ should delete an existing job with valid authentication

    TypeError: generateTestToken is not a function

    [0m [90m 26 |[39m             [36mthrow[39m [36mnew[39m [33mError[39m([32m'Test user (project owner) could not be found after creation.'[39m)[33m;[39m
     [90m 27 |[39m         }
    [31m[1m>[22m[39m[90m 28 |[39m         [36mconst[39m token [33m=[39m generateTestToken(testUser[33m.[39memployee_id)[33m;[39m [90m// Use the correct user ID[39m
     [90m    |[39m                       [31m[1m^[22m[39m
     [90m 29 |[39m         authHeader [33m=[39m [32m`Bearer ${token}`[39m[33m;[39m [90m// Manually create the header string[39m
     [90m 30 |[39m     })[33m;[39m
     [90m 31 |[39m[0m

      at Object.generateTestToken (tests/integration/jobs.write.test.js:28:23)

  ΓùÅ Jobs API - Write Operations (/api/v1/jobs) ΓÇ║ DELETE /api/v1/jobs/:id ΓÇ║ should return 401 if not authenticated

    TypeError: generateTestToken is not a function

    [0m [90m 26 |[39m             [36mthrow[39m [36mnew[39m [33mError[39m([32m'Test user (project owner) could not be found after creation.'[39m)[33m;[39m
     [90m 27 |[39m         }
    [31m[1m>[22m[39m[90m 28 |[39m         [36mconst[39m token [33m=[39m generateTestToken(testUser[33m.[39memployee_id)[33m;[39m [90m// Use the correct user ID[39m
     [90m    |[39m                       [31m[1m^[22m[39m
     [90m 29 |[39m         authHeader [33m=[39m [32m`Bearer ${token}`[39m[33m;[39m [90m// Manually create the header string[39m
     [90m 30 |[39m     })[33m;[39m
     [90m 31 |[39m[0m

      at Object.generateTestToken (tests/integration/jobs.write.test.js:28:23)

  ΓùÅ Jobs API - Write Operations (/api/v1/jobs) ΓÇ║ DELETE /api/v1/jobs/:id ΓÇ║ should return 404 if job ID does not exist

    TypeError: generateTestToken is not a function

    [0m [90m 26 |[39m             [36mthrow[39m [36mnew[39m [33mError[39m([32m'Test user (project owner) could not be found after creation.'[39m)[33m;[39m
     [90m 27 |[39m         }
    [31m[1m>[22m[39m[90m 28 |[39m         [36mconst[39m token [33m=[39m generateTestToken(testUser[33m.[39memployee_id)[33m;[39m [90m// Use the correct user ID[39m
     [90m    |[39m                       [31m[1m^[22m[39m
     [90m 29 |[39m         authHeader [33m=[39m [32m`Bearer ${token}`[39m[33m;[39m [90m// Manually create the header string[39m
     [90m 30 |[39m     })[33m;[39m
     [90m 31 |[39m[0m

      at Object.generateTestToken (tests/integration/jobs.write.test.js:28:23)

  ΓùÅ Jobs API - Write Operations (/api/v1/jobs) ΓÇ║ DELETE /api/v1/jobs/:id ΓÇ║ should return 400 if job ID is invalid

    TypeError: generateTestToken is not a function

    [0m [90m 26 |[39m             [36mthrow[39m [36mnew[39m [33mError[39m([32m'Test user (project owner) could not be found after creation.'[39m)[33m;[39m
     [90m 27 |[39m         }
    [31m[1m>[22m[39m[90m 28 |[39m         [36mconst[39m token [33m=[39m generateTestToken(testUser[33m.[39memployee_id)[33m;[39m [90m// Use the correct user ID[39m
     [90m    |[39m                       [31m[1m^[22m[39m
     [90m 29 |[39m         authHeader [33m=[39m [32m`Bearer ${token}`[39m[33m;[39m [90m// Manually create the header string[39m
     [90m 30 |[39m     })[33m;[39m
     [90m 31 |[39m[0m

      at Object.generateTestToken (tests/integration/jobs.write.test.js:28:23)

  console.log
    Using TEST environment configuration from ../../config/config.json

      at Object.log (src/models/index.js:22:9)

  console.log
    Associating model: Job

      at log (src/models/index.js:102:13)
          at Array.forEach (<anonymous>)

  console.log
    Associating model: Person

      at log (src/models/index.js:102:13)
          at Array.forEach (<anonymous>)

  console.log
    Associating model: Project

      at log (src/models/index.js:102:13)
          at Array.forEach (<anonymous>)

  console.log
    Associating model: Task

      at log (src/models/index.js:102:13)
          at Array.forEach (<anonymous>)

  console.log
    --- Association Check (Project -> AssignedPeople) ---

      at Object.log (src/models/index.js:109:11)

  console.log
    Association Type: BelongsToMany

      at Object.log (src/models/index.js:110:11)

  console.log
    Target Model: Person

      at Object.log (src/models/index.js:111:11)

  console.log
    Through Model: ProjectAssignment

      at Object.log (src/models/index.js:112:11)

  console.log
    Through Model Table Name: project_assignments

      at Object.log (src/models/index.js:113:11)

  console.log
    Foreign Key: project_id

      at Object.log (src/models/index.js:114:11)

  console.log
    Other Key: user_id

      at Object.log (src/models/index.js:115:11)

  console.log
    ----------------------------------------------------

      at Object.log (src/models/index.js:116:11)

  console.log
    --- ProjectAssignment Model Check ---

      at Object.log (src/models/index.js:122:13)

  console.log
    Model Name: ProjectAssignment

      at Object.log (src/models/index.js:123:13)

  console.log
    Table Name: project_assignments

      at Object.log (src/models/index.js:124:13)

  console.log
    -----------------------------------

      at Object.log (src/models/index.js:125:13)

  console.log
    Test DB Connection has been established successfully.

      at Object.log (tests/setup.js:18:13)

  console.log
    DEBUG: beforeAll - Starting test user creation...

      at Object.log (tests/integration/projects.read.test.js:27:13)

  console.log
    DEBUG: beforeAll - Attempting Person.findOrCreate for employee_id: 999

      at Object.log (tests/integration/projects.read.test.js:29:15)

  console.log
    DEBUG: beforeAll - Test user 999 created or found.

      at Object.log (tests/integration/projects.read.test.js:42:15)

  console.log
    DEBUG: beforeAll - Generating test token...

      at Object.log (tests/integration/projects.read.test.js:49:13)

  console.log
    DEBUG: beforeAll - Test token generated.

      at Object.log (tests/integration/projects.read.test.js:51:13)

  console.log
    DEBUG: beforeAll - Starting shared resource creation...

      at Object.log (tests/integration/projects.read.test.js:54:13)

  console.log
    DEBUG: beforeAll - Attempting Status.findOrCreate for id: 1

      at Object.log (tests/integration/projects.read.test.js:56:15)

  console.log
    DEBUG: beforeAll - Status 1 found or created.

      at Object.log (tests/integration/projects.read.test.js:65:15)

  console.log
    DEBUG: beforeAll - Attempting Project.create...

      at Object.log (tests/integration/projects.read.test.js:67:15)

  console.log
    DEBUG: beforeAll - Shared test project 2 created.

      at Object.log (tests/integration/projects.read.test.js:76:17)

  console.log
    DEBUG: beforeAll - Checking if project exists for task creation...

      at Object.log (tests/integration/projects.read.test.js:82:15)

  console.log
    DEBUG: beforeAll - Project 2 exists, attempting Task.create...

      at Object.log (tests/integration/projects.read.test.js:85:17)

  console.log
    DEBUG: beforeAll - Test task 1 created.

      at Object.log (tests/integration/projects.read.test.js:91:17)

  console.log
    DEBUG: beforeAll - Attempting Job.findOrCreate...

      at Object.log (tests/integration/projects.read.test.js:95:15)

  console.error
    DEBUG: beforeAll - CATCH block for shared resource creation: Error: 
        at Query.run (C:\Apps\Brian\node_modules\sequelize\src\dialects\postgres\query.js:76:25)
        at C:\Apps\Brian\node_modules\sequelize\src\sequelize.js:650:28
        at processTicksAndRejections (node:internal/process/task_queues:105:5)
        at PostgresQueryInterface.select (C:\Apps\Brian\node_modules\sequelize\src\dialects\abstract\query-interface.js:1001:12)
        at Function.findAll (C:\Apps\Brian\node_modules\sequelize\src\model.js:1824:21)
        at Function.findOne (C:\Apps\Brian\node_modules\sequelize\src\model.js:1998:12)
        at Function.findOrCreate (C:\Apps\Brian\node_modules\sequelize\src\model.js:2403:21)
        at Object.<anonymous> (C:\Apps\Brian\tests\integration\projects.read.test.js:99:19) {
      name: 'SequelizeDatabaseError',
      parent: error: column Job.name does not exist
          at Parser.parseErrorMessage (C:\Apps\Brian\node_modules\pg-protocol\src\parser.ts:368:69)
          at Parser.handlePacket (C:\Apps\Brian\node_modules\pg-protocol\src\parser.ts:187:21)
          at Parser.parse (C:\Apps\Brian\node_modules\pg-protocol\src\parser.ts:102:30)
          at Socket.<anonymous> (C:\Apps\Brian\node_modules\pg-protocol\src\index.ts:7:48)
          at Socket.emit (node:events:524:28)
          at addChunk (node:internal/streams/readable:561:12)
          at readableAddChunkPushByteMode (node:internal/streams/readable:512:3)
          at Socket.Readable.push (node:internal/streams/readable:392:5)
          at TCP.onStreamRead (node:internal/stream_base_commons:189:23) {
        length: 107,
        severity: 'ERROR',
        code: '42703',
        detail: undefined,
        hint: undefined,
        position: '113',
        internalPosition: undefined,
        internalQuery: undefined,
        where: undefined,
        schema: undefined,
        table: undefined,
        column: undefined,
        dataType: undefined,
        constraint: undefined,
        file: 'parse_relation.c',
        line: '3721',
        routine: 'errorMissingColumn',
        sql: `SELECT "id", "title", "description", "status", "projectId", "createdAt", "updatedAt" FROM "Jobs" AS "Job" WHERE "Job"."name" = 'Test Job' LIMIT 1;`,
        parameters: undefined
      },
      original: error: column Job.name does not exist
          at Parser.parseErrorMessage (C:\Apps\Brian\node_modules\pg-protocol\src\parser.ts:368:69)
          at Parser.handlePacket (C:\Apps\Brian\node_modules\pg-protocol\src\parser.ts:187:21)
          at Parser.parse (C:\Apps\Brian\node_modules\pg-protocol\src\parser.ts:102:30)
          at Socket.<anonymous> (C:\Apps\Brian\node_modules\pg-protocol\src\index.ts:7:48)
          at Socket.emit (node:events:524:28)
          at addChunk (node:internal/streams/readable:561:12)
          at readableAddChunkPushByteMode (node:internal/streams/readable:512:3)
          at Socket.Readable.push (node:internal/streams/readable:392:5)
          at TCP.onStreamRead (node:internal/stream_base_commons:189:23) {
        length: 107,
        severity: 'ERROR',
        code: '42703',
        detail: undefined,
        hint: undefined,
        position: '113',
        internalPosition: undefined,
        internalQuery: undefined,
        where: undefined,
        schema: undefined,
        table: undefined,
        column: undefined,
        dataType: undefined,
        constraint: undefined,
        file: 'parse_relation.c',
        line: '3721',
        routine: 'errorMissingColumn',
        sql: `SELECT "id", "title", "description", "status", "projectId", "createdAt", "updatedAt" FROM "Jobs" AS "Job" WHERE "Job"."name" = 'Test Job' LIMIT 1;`,
        parameters: undefined
      },
      sql: `SELECT "id", "title", "description", "status", "projectId", "createdAt", "updatedAt" FROM "Jobs" AS "Job" WHERE "Job"."name" = 'Test Job' LIMIT 1;`,
      parameters: {}
    }

    [0m [90m 142 |[39m
     [90m 143 |[39m     } [36mcatch[39m(error) {
    [31m[1m>[22m[39m[90m 144 |[39m         console[33m.[39merror([32m"DEBUG: beforeAll - CATCH block for shared resource creation:"[39m[33m,[39m error)[33m;[39m
     [90m     |[39m                 [31m[1m^[22m[39m
     [90m 145 |[39m         [90m// Ensure variables are null if setup fails (already initialized outside)[39m
     [90m 146 |[39m     }
     [90m 147 |[39m     console[33m.[39mlog([32m'DEBUG: beforeAll - Exiting beforeAll block.'[39m)[33m;[39m[0m

      at Object.error (tests/integration/projects.read.test.js:144:17)

  console.log
    DEBUG: beforeAll - Exiting beforeAll block.

      at Object.log (tests/integration/projects.read.test.js:147:13)

[0mGET /api/v1/projects [33m401[0m 2.095 ms - 61[0m
  console.error
    Authentication error: jwt malformed

    [0m [90m 67 |[39m   } [36mcatch[39m (error) {
     [90m 68 |[39m     [90m// Original error logging (optional to keep error.message)[39m
    [31m[1m>[22m[39m[90m 69 |[39m     console[33m.[39merror([32m'Authentication error:'[39m[33m,[39m error[33m.[39mmessage)[33m;[39m
     [90m    |[39m             [31m[1m^[22m[39m
     [90m 70 |[39m     [36mif[39m (error[33m.[39mname [33m===[39m [32m'TokenExpiredError'[39m) {
     [90m 71 |[39m       [36mreturn[39m res[33m.[39mstatus([35m401[39m)[33m.[39mjson({
     [90m 72 |[39m         success[33m:[39m [36mfalse[39m[33m,[39m[0m

      at error (src/middleware/auth.js:69:13)
      at Layer.handleRequest (node_modules/router/lib/layer.js:152:17)
      at trimPrefix (node_modules/router/index.js:342:13)
      at node_modules/router/index.js:297:9
      at processParams (node_modules/router/index.js:582:12)
      at next (node_modules/router/index.js:291:5)
      at Function.handle (node_modules/router/index.js:186:3)
      at router (node_modules/router/index.js:60:12)
      at Layer.handleRequest (node_modules/router/lib/layer.js:152:17)
      at trimPrefix (node_modules/router/index.js:342:13)
      at node_modules/router/index.js:297:9
      at processParams (node_modules/router/index.js:582:12)
      at next (node_modules/router/index.js:291:5)
      at urlencodedParser (node_modules/body-parser/lib/types/urlencoded.js:68:7)
      at Layer.handleRequest (node_modules/router/lib/layer.js:152:17)
      at trimPrefix (node_modules/router/index.js:342:13)
      at node_modules/router/index.js:297:9
      at processParams (node_modules/router/index.js:582:12)
      at next (node_modules/router/index.js:291:5)
      at jsonParser (node_modules/body-parser/lib/types/json.js:100:7)
      at Layer.handleRequest (node_modules/router/lib/layer.js:152:17)
      at trimPrefix (node_modules/router/index.js:342:13)
      at node_modules/router/index.js:297:9
      at processParams (node_modules/router/index.js:582:12)
      at next (node_modules/router/index.js:291:5)
      at logger (node_modules/morgan/index.js:144:5)
      at Layer.handleRequest (node_modules/router/lib/layer.js:152:17)
      at trimPrefix (node_modules/router/index.js:342:13)
      at node_modules/router/index.js:297:9
      at processParams (node_modules/router/index.js:582:12)
      at next (node_modules/router/index.js:291:5)
      at internalNext (node_modules/helmet/index.cjs:531:6)
      at xXssProtectionMiddleware (node_modules/helmet/index.cjs:311:3)
      at internalNext (node_modules/helmet/index.cjs:529:6)
      at xPoweredByMiddleware (node_modules/helmet/index.cjs:304:3)
      at internalNext (node_modules/helmet/index.cjs:529:6)
      at xPermittedCrossDomainPoliciesMiddleware (node_modules/helmet/index.cjs:297:3)
      at internalNext (node_modules/helmet/index.cjs:529:6)
      at xFrameOptionsMiddleware (node_modules/helmet/index.cjs:281:3)
      at internalNext (node_modules/helmet/index.cjs:529:6)
      at xDownloadOptionsMiddleware (node_modules/helmet/index.cjs:261:3)
      at internalNext (node_modules/helmet/index.cjs:529:6)
      at xDnsPrefetchControlMiddleware (node_modules/helmet/index.cjs:254:3)
      at internalNext (node_modules/helmet/index.cjs:529:6)
      at xContentTypeOptionsMiddleware (node_modules/helmet/index.cjs:246:3)
      at internalNext (node_modules/helmet/index.cjs:529:6)
      at strictTransportSecurityMiddleware (node_modules/helmet/index.cjs:239:3)
      at internalNext (node_modules/helmet/index.cjs:529:6)
      at referrerPolicyMiddleware (node_modules/helmet/index.cjs:207:3)
      at internalNext (node_modules/helmet/index.cjs:529:6)
      at originAgentClusterMiddleware (node_modules/helmet/index.cjs:182:3)
      at internalNext (node_modules/helmet/index.cjs:529:6)
      at crossOriginResourcePolicyMiddleware (node_modules/helmet/index.cjs:175:3)
      at internalNext (node_modules/helmet/index.cjs:529:6)
      at crossOriginOpenerPolicyMiddleware (node_modules/helmet/index.cjs:159:3)
      at internalNext (node_modules/helmet/index.cjs:529:6)
      at contentSecurityPolicyMiddleware (node_modules/helmet/index.cjs:124:4)
      at internalNext (node_modules/helmet/index.cjs:529:6)
      at helmetMiddleware (node_modules/helmet/index.cjs:533:6)
      at Layer.handleRequest (node_modules/router/lib/layer.js:152:17)
      at trimPrefix (node_modules/router/index.js:342:13)
      at node_modules/router/index.js:297:9
      at processParams (node_modules/router/index.js:582:12)
      at next (node_modules/router/index.js:291:5)
      at cors (node_modules/cors/lib/index.js:188:7)
      at node_modules/cors/lib/index.js:224:17
      at originCallback (node_modules/cors/lib/index.js:214:15)
      at node_modules/cors/lib/index.js:219:13
      at optionsCallback (node_modules/cors/lib/index.js:199:9)
      at corsMiddleware (node_modules/cors/lib/index.js:204:7)
      at Layer.handleRequest (node_modules/router/lib/layer.js:152:17)
      at trimPrefix (node_modules/router/index.js:342:13)
      at node_modules/router/index.js:297:9
      at processParams (node_modules/router/index.js:582:12)
      at next (node_modules/router/index.js:291:5)
      at Function.handle (node_modules/router/index.js:186:3)
      at Function.handle (node_modules/express/lib/application.js:177:15)
      at Server.app (node_modules/express/lib/express.js:38:9)

[0mGET /api/v1/projects [33m401[0m 10.691 ms - 42[0m
  console.log
    Executing Project.findAndCountAll with options: {
      "where": {},
      "order": [
        [
          "created_at",
          "DESC"
        ]
      ],
      "include": [],
      "limit": 10,
      "offset": 0,
      "distinct": false
    }

      at Object.log [as listProjects] (src/api/v1/projects/service.js:166:13)

[0mGET /api/v1/projects [32m200[0m 20.342 ms - 1044[0m
  console.log
    Executing Project.findAndCountAll with options: {
      "where": {},
      "order": [
        [
          "created_at",
          "DESC"
        ]
      ],
      "include": [],
      "limit": 5,
      "offset": 0,
      "distinct": false
    }

      at Object.log [as listProjects] (src/api/v1/projects/service.js:166:13)

[0mGET /api/v1/projects?limit=5&offset=0 [32m200[0m 7.376 ms - 1043[0m
  console.error
    Global Error Handler: {
      error: Error: Invalid limit
          at handleValidationErrors (C:\Apps\Brian\src\api\v1\projects\routes.js:16:17)
          at Layer.handleRequest (C:\Apps\Brian\node_modules\router\lib\layer.js:152:17)
          at next (C:\Apps\Brian\node_modules\router\lib\route.js:157:13)
          at middleware (C:\Apps\Brian\node_modules\express-validator\lib\middlewares\check.js:16:13)
          at processTicksAndRejections (node:internal/process/task_queues:105:5) {
        statusCode: 400,
        errors: [ [Object] ]
      },
      message: 'Invalid limit',
      statusCode: 400,
      name: 'Error',
      stack: 'Error: Invalid limit\n' +
        '    at handleValidationErrors (C:\\Apps\\Brian\\src\\api\\v1\\projects\\routes.js:16:17)\n' +
        '    at Layer.handleRequest (C:\\Apps\\Brian\\node_modules\\router\\lib\\layer.js:152:17)\n' +
        '    at next (C:\\Apps\\Brian\\node_modules\\router\\lib\\route.js:157:13)\n' +
        '    at middleware (C:\\Apps\\Brian\\node_modules\\express-validator\\lib\\middlewares\\check.js:16:13)\n' +
        '    at processTicksAndRejections (node:internal/process/task_queues:105:5)',
      path: '/api/v1/projects',
      method: 'GET'
    }

    [0m [90m  8 |[39m   
     [90m  9 |[39m   [90m// Enhanced logging for debugging[39m
    [31m[1m>[22m[39m[90m 10 |[39m   console[33m.[39merror([32m'Global Error Handler:'[39m[33m,[39m {
     [90m    |[39m           [31m[1m^[22m[39m
     [90m 11 |[39m     error[33m:[39m err[33m,[39m
     [90m 12 |[39m     message[33m:[39m err[33m.[39mmessage[33m,[39m
     [90m 13 |[39m     statusCode[33m:[39m statusCode[33m,[39m[0m

      at error (src/middleware/error-handler.js:10:11)
      at Layer.handleError (node_modules/router/lib/layer.js:116:17)
      at trimPrefix (node_modules/router/index.js:340:13)
      at node_modules/router/index.js:297:9
      at processParams (node_modules/router/index.js:582:12)
      at next (node_modules/router/index.js:291:5)
      at node_modules/router/index.js:688:15
      at next (node_modules/router/index.js:276:14)
      at next (node_modules/router/lib/route.js:132:14)
      at Layer.handleError (node_modules/router/lib/layer.js:111:12)
      at next (node_modules/router/lib/route.js:155:13)
      at next (src/api/v1/projects/routes.js:19:12)
      at Layer.handleRequest (node_modules/router/lib/layer.js:152:17)
      at next (node_modules/router/lib/route.js:157:13)
      at middleware (node_modules/express-validator/lib/middlewares/check.js:16:13)

[0mGET /api/v1/projects?limit=-1 [33m400[0m 10.415 ms - 41[0m
  console.error
    Global Error Handler: {
      error: Error: Invalid offset
          at handleValidationErrors (C:\Apps\Brian\src\api\v1\projects\routes.js:16:17)
          at Layer.handleRequest (C:\Apps\Brian\node_modules\router\lib\layer.js:152:17)
          at next (C:\Apps\Brian\node_modules\router\lib\route.js:157:13)
          at middleware (C:\Apps\Brian\node_modules\express-validator\lib\middlewares\check.js:16:13)
          at processTicksAndRejections (node:internal/process/task_queues:105:5) {
        statusCode: 400,
        errors: [ [Object] ]
      },
      message: 'Invalid offset',
      statusCode: 400,
      name: 'Error',
      stack: 'Error: Invalid offset\n' +
        '    at handleValidationErrors (C:\\Apps\\Brian\\src\\api\\v1\\projects\\routes.js:16:17)\n' +
        '    at Layer.handleRequest (C:\\Apps\\Brian\\node_modules\\router\\lib\\layer.js:152:17)\n' +
        '    at next (C:\\Apps\\Brian\\node_modules\\router\\lib\\route.js:157:13)\n' +
        '    at middleware (C:\\Apps\\Brian\\node_modules\\express-validator\\lib\\middlewares\\check.js:16:13)\n' +
        '    at processTicksAndRejections (node:internal/process/task_queues:105:5)',
      path: '/api/v1/projects',
      method: 'GET'
    }

    [0m [90m  8 |[39m   
     [90m  9 |[39m   [90m// Enhanced logging for debugging[39m
    [31m[1m>[22m[39m[90m 10 |[39m   console[33m.[39merror([32m'Global Error Handler:'[39m[33m,[39m {
     [90m    |[39m           [31m[1m^[22m[39m
     [90m 11 |[39m     error[33m:[39m err[33m,[39m
     [90m 12 |[39m     message[33m:[39m err[33m.[39mmessage[33m,[39m
     [90m 13 |[39m     statusCode[33m:[39m statusCode[33m,[39m[0m

      at error (src/middleware/error-handler.js:10:11)
      at Layer.handleError (node_modules/router/lib/layer.js:116:17)
      at trimPrefix (node_modules/router/index.js:340:13)
      at node_modules/router/index.js:297:9
      at processParams (node_modules/router/index.js:582:12)
      at next (node_modules/router/index.js:291:5)
      at node_modules/router/index.js:688:15
      at next (node_modules/router/index.js:276:14)
      at next (node_modules/router/lib/route.js:132:14)
      at Layer.handleError (node_modules/router/lib/layer.js:111:12)
      at next (node_modules/router/lib/route.js:155:13)
      at next (src/api/v1/projects/routes.js:19:12)
      at Layer.handleRequest (node_modules/router/lib/layer.js:152:17)
      at next (node_modules/router/lib/route.js:157:13)
      at middleware (node_modules/express-validator/lib/middlewares/check.js:16:13)

[0mGET /api/v1/projects?offset=abc [33m400[0m 5.316 ms - 42[0m
  console.error
    Global Error Handler: {
      error: Error: Invalid filter value
          at handleValidationErrors (C:\Apps\Brian\src\api\v1\projects\routes.js:16:17)
          at Layer.handleRequest (C:\Apps\Brian\node_modules\router\lib\layer.js:152:17)
          at next (C:\Apps\Brian\node_modules\router\lib\route.js:157:13)
          at middleware (C:\Apps\Brian\node_modules\express-validator\lib\middlewares\check.js:16:13)
          at processTicksAndRejections (node:internal/process/task_queues:105:5) {
        statusCode: 400,
        errors: [ [Object] ]
      },
      message: 'Invalid filter value',
      statusCode: 400,
      name: 'Error',
      stack: 'Error: Invalid filter value\n' +
        '    at handleValidationErrors (C:\\Apps\\Brian\\src\\api\\v1\\projects\\routes.js:16:17)\n' +
        '    at Layer.handleRequest (C:\\Apps\\Brian\\node_modules\\router\\lib\\layer.js:152:17)\n' +
        '    at next (C:\\Apps\\Brian\\node_modules\\router\\lib\\route.js:157:13)\n' +
        '    at middleware (C:\\Apps\\Brian\\node_modules\\express-validator\\lib\\middlewares\\check.js:16:13)\n' +
        '    at processTicksAndRejections (node:internal/process/task_queues:105:5)',
      path: '/api/v1/projects',
      method: 'GET'
    }

    [0m [90m  8 |[39m   
     [90m  9 |[39m   [90m// Enhanced logging for debugging[39m
    [31m[1m>[22m[39m[90m 10 |[39m   console[33m.[39merror([32m'Global Error Handler:'[39m[33m,[39m {
     [90m    |[39m           [31m[1m^[22m[39m
     [90m 11 |[39m     error[33m:[39m err[33m,[39m
     [90m 12 |[39m     message[33m:[39m err[33m.[39mmessage[33m,[39m
     [90m 13 |[39m     statusCode[33m:[39m statusCode[33m,[39m[0m

      at error (src/middleware/error-handler.js:10:11)
      at Layer.handleError (node_modules/router/lib/layer.js:116:17)
      at trimPrefix (node_modules/router/index.js:340:13)
      at node_modules/router/index.js:297:9
      at processParams (node_modules/router/index.js:582:12)
      at next (node_modules/router/index.js:291:5)
      at node_modules/router/index.js:688:15
      at next (node_modules/router/index.js:276:14)
      at next (node_modules/router/lib/route.js:132:14)
      at Layer.handleError (node_modules/router/lib/layer.js:111:12)
      at next (node_modules/router/lib/route.js:155:13)
      at next (src/api/v1/projects/routes.js:19:12)
      at Layer.handleRequest (node_modules/router/lib/layer.js:152:17)
      at next (node_modules/router/lib/route.js:157:13)
      at middleware (node_modules/express-validator/lib/middlewares/check.js:16:13)

[0mGET /api/v1/projects?status_id=invalid [33m400[0m 3.876 ms - 48[0m
  console.error
    Global Error Handler: {
      error: Error: Invalid sort field
          at handleValidationErrors (C:\Apps\Brian\src\api\v1\projects\routes.js:16:17)
          at Layer.handleRequest (C:\Apps\Brian\node_modules\router\lib\layer.js:152:17)
          at next (C:\Apps\Brian\node_modules\router\lib\route.js:157:13)
          at middleware (C:\Apps\Brian\node_modules\express-validator\lib\middlewares\check.js:16:13)
          at processTicksAndRejections (node:internal/process/task_queues:105:5) {
        statusCode: 400,
        errors: [ [Object] ]
      },
      message: 'Invalid sort field',
      statusCode: 400,
      name: 'Error',
      stack: 'Error: Invalid sort field\n' +
        '    at handleValidationErrors (C:\\Apps\\Brian\\src\\api\\v1\\projects\\routes.js:16:17)\n' +
        '    at Layer.handleRequest (C:\\Apps\\Brian\\node_modules\\router\\lib\\layer.js:152:17)\n' +
        '    at next (C:\\Apps\\Brian\\node_modules\\router\\lib\\route.js:157:13)\n' +
        '    at middleware (C:\\Apps\\Brian\\node_modules\\express-validator\\lib\\middlewares\\check.js:16:13)\n' +
        '    at processTicksAndRejections (node:internal/process/task_queues:105:5)',
      path: '/api/v1/projects',
      method: 'GET'
    }

    [0m [90m  8 |[39m   
     [90m  9 |[39m   [90m// Enhanced logging for debugging[39m
    [31m[1m>[22m[39m[90m 10 |[39m   console[33m.[39merror([32m'Global Error Handler:'[39m[33m,[39m {
     [90m    |[39m           [31m[1m^[22m[39m
     [90m 11 |[39m     error[33m:[39m err[33m,[39m
     [90m 12 |[39m     message[33m:[39m err[33m.[39mmessage[33m,[39m
     [90m 13 |[39m     statusCode[33m:[39m statusCode[33m,[39m[0m

      at error (src/middleware/error-handler.js:10:11)
      at Layer.handleError (node_modules/router/lib/layer.js:116:17)
      at trimPrefix (node_modules/router/index.js:340:13)
      at node_modules/router/index.js:297:9
      at processParams (node_modules/router/index.js:582:12)
      at next (node_modules/router/index.js:291:5)
      at node_modules/router/index.js:688:15
      at next (node_modules/router/index.js:276:14)
      at next (node_modules/router/lib/route.js:132:14)
      at Layer.handleError (node_modules/router/lib/layer.js:111:12)
      at next (node_modules/router/lib/route.js:155:13)
      at next (src/api/v1/projects/routes.js:19:12)
      at Layer.handleRequest (node_modules/router/lib/layer.js:152:17)
      at next (node_modules/router/lib/route.js:157:13)
      at middleware (node_modules/express-validator/lib/middlewares/check.js:16:13)

[0mGET /api/v1/projects?sort=nonexistent_field [33m400[0m 6.049 ms - 46[0m
  console.error
    Global Error Handler: {
      error: Error: Invalid sort order
          at handleValidationErrors (C:\Apps\Brian\src\api\v1\projects\routes.js:16:17)
          at Layer.handleRequest (C:\Apps\Brian\node_modules\router\lib\layer.js:152:17)
          at next (C:\Apps\Brian\node_modules\router\lib\route.js:157:13)
          at middleware (C:\Apps\Brian\node_modules\express-validator\lib\middlewares\check.js:16:13)
          at processTicksAndRejections (node:internal/process/task_queues:105:5) {
        statusCode: 400,
        errors: [ [Object] ]
      },
      message: 'Invalid sort order',
      statusCode: 400,
      name: 'Error',
      stack: 'Error: Invalid sort order\n' +
        '    at handleValidationErrors (C:\\Apps\\Brian\\src\\api\\v1\\projects\\routes.js:16:17)\n' +
        '    at Layer.handleRequest (C:\\Apps\\Brian\\node_modules\\router\\lib\\layer.js:152:17)\n' +
        '    at next (C:\\Apps\\Brian\\node_modules\\router\\lib\\route.js:157:13)\n' +
        '    at middleware (C:\\Apps\\Brian\\node_modules\\express-validator\\lib\\middlewares\\check.js:16:13)\n' +
        '    at processTicksAndRejections (node:internal/process/task_queues:105:5)',
      path: '/api/v1/projects',
      method: 'GET'
    }

    [0m [90m  8 |[39m   
     [90m  9 |[39m   [90m// Enhanced logging for debugging[39m
    [31m[1m>[22m[39m[90m 10 |[39m   console[33m.[39merror([32m'Global Error Handler:'[39m[33m,[39m {
     [90m    |[39m           [31m[1m^[22m[39m
     [90m 11 |[39m     error[33m:[39m err[33m,[39m
     [90m 12 |[39m     message[33m:[39m err[33m.[39mmessage[33m,[39m
     [90m 13 |[39m     statusCode[33m:[39m statusCode[33m,[39m[0m

      at error (src/middleware/error-handler.js:10:11)
      at Layer.handleError (node_modules/router/lib/layer.js:116:17)
      at trimPrefix (node_modules/router/index.js:340:13)
      at node_modules/router/index.js:297:9
      at processParams (node_modules/router/index.js:582:12)
      at next (node_modules/router/index.js:291:5)
      at node_modules/router/index.js:688:15
      at next (node_modules/router/index.js:276:14)
      at next (node_modules/router/lib/route.js:132:14)
      at Layer.handleError (node_modules/router/lib/layer.js:111:12)
      at next (node_modules/router/lib/route.js:155:13)
      at next (src/api/v1/projects/routes.js:19:12)
      at Layer.handleRequest (node_modules/router/lib/layer.js:152:17)
      at next (node_modules/router/lib/route.js:157:13)
      at middleware (node_modules/express-validator/lib/middlewares/check.js:16:13)

[0mGET /api/v1/projects?sort=name&order=sideways [33m400[0m 5.406 ms - 46[0m
  console.log
    Test project 3 created for GET /:id tests.

      at Object.log (tests/integration/projects.read.test.js:288:17)

[0mGET /api/v1/projects/3 [33m401[0m 0.252 ms - 61[0m
  console.error
    Authentication error: jwt malformed

    [0m [90m 67 |[39m   } [36mcatch[39m (error) {
     [90m 68 |[39m     [90m// Original error logging (optional to keep error.message)[39m
    [31m[1m>[22m[39m[90m 69 |[39m     console[33m.[39merror([32m'Authentication error:'[39m[33m,[39m error[33m.[39mmessage)[33m;[39m
     [90m    |[39m             [31m[1m^[22m[39m
     [90m 70 |[39m     [36mif[39m (error[33m.[39mname [33m===[39m [32m'TokenExpiredError'[39m) {
     [90m 71 |[39m       [36mreturn[39m res[33m.[39mstatus([35m401[39m)[33m.[39mjson({
     [90m 72 |[39m         success[33m:[39m [36mfalse[39m[33m,[39m[0m

      at error (src/middleware/auth.js:69:13)
      at Layer.handleRequest (node_modules/router/lib/layer.js:152:17)
      at trimPrefix (node_modules/router/index.js:342:13)
      at node_modules/router/index.js:297:9
      at processParams (node_modules/router/index.js:582:12)
      at next (node_modules/router/index.js:291:5)
      at Function.handle (node_modules/router/index.js:186:3)
      at router (node_modules/router/index.js:60:12)
      at Layer.handleRequest (node_modules/router/lib/layer.js:152:17)
      at trimPrefix (node_modules/router/index.js:342:13)
      at node_modules/router/index.js:297:9
      at processParams (node_modules/router/index.js:582:12)
      at next (node_modules/router/index.js:291:5)
      at urlencodedParser (node_modules/body-parser/lib/types/urlencoded.js:68:7)
      at Layer.handleRequest (node_modules/router/lib/layer.js:152:17)
      at trimPrefix (node_modules/router/index.js:342:13)
      at node_modules/router/index.js:297:9
      at processParams (node_modules/router/index.js:582:12)
      at next (node_modules/router/index.js:291:5)
      at jsonParser (node_modules/body-parser/lib/types/json.js:100:7)
      at Layer.handleRequest (node_modules/router/lib/layer.js:152:17)
      at trimPrefix (node_modules/router/index.js:342:13)
      at node_modules/router/index.js:297:9
      at processParams (node_modules/router/index.js:582:12)
      at next (node_modules/router/index.js:291:5)
      at logger (node_modules/morgan/index.js:144:5)
      at Layer.handleRequest (node_modules/router/lib/layer.js:152:17)
      at trimPrefix (node_modules/router/index.js:342:13)
      at node_modules/router/index.js:297:9
      at processParams (node_modules/router/index.js:582:12)
      at next (node_modules/router/index.js:291:5)
      at internalNext (node_modules/helmet/index.cjs:531:6)
      at xXssProtectionMiddleware (node_modules/helmet/index.cjs:311:3)
      at internalNext (node_modules/helmet/index.cjs:529:6)
      at xPoweredByMiddleware (node_modules/helmet/index.cjs:304:3)
      at internalNext (node_modules/helmet/index.cjs:529:6)
      at xPermittedCrossDomainPoliciesMiddleware (node_modules/helmet/index.cjs:297:3)
      at internalNext (node_modules/helmet/index.cjs:529:6)
      at xFrameOptionsMiddleware (node_modules/helmet/index.cjs:281:3)
      at internalNext (node_modules/helmet/index.cjs:529:6)
      at xDownloadOptionsMiddleware (node_modules/helmet/index.cjs:261:3)
      at internalNext (node_modules/helmet/index.cjs:529:6)
      at xDnsPrefetchControlMiddleware (node_modules/helmet/index.cjs:254:3)
      at internalNext (node_modules/helmet/index.cjs:529:6)
      at xContentTypeOptionsMiddleware (node_modules/helmet/index.cjs:246:3)
      at internalNext (node_modules/helmet/index.cjs:529:6)
      at strictTransportSecurityMiddleware (node_modules/helmet/index.cjs:239:3)
      at internalNext (node_modules/helmet/index.cjs:529:6)
      at referrerPolicyMiddleware (node_modules/helmet/index.cjs:207:3)
      at internalNext (node_modules/helmet/index.cjs:529:6)
      at originAgentClusterMiddleware (node_modules/helmet/index.cjs:182:3)
      at internalNext (node_modules/helmet/index.cjs:529:6)
      at crossOriginResourcePolicyMiddleware (node_modules/helmet/index.cjs:175:3)
      at internalNext (node_modules/helmet/index.cjs:529:6)
      at crossOriginOpenerPolicyMiddleware (node_modules/helmet/index.cjs:159:3)
      at internalNext (node_modules/helmet/index.cjs:529:6)
      at contentSecurityPolicyMiddleware (node_modules/helmet/index.cjs:124:4)
      at internalNext (node_modules/helmet/index.cjs:529:6)
      at helmetMiddleware (node_modules/helmet/index.cjs:533:6)
      at Layer.handleRequest (node_modules/router/lib/layer.js:152:17)
      at trimPrefix (node_modules/router/index.js:342:13)
      at node_modules/router/index.js:297:9
      at processParams (node_modules/router/index.js:582:12)
      at next (node_modules/router/index.js:291:5)
      at cors (node_modules/cors/lib/index.js:188:7)
      at node_modules/cors/lib/index.js:224:17
      at originCallback (node_modules/cors/lib/index.js:214:15)
      at node_modules/cors/lib/index.js:219:13
      at optionsCallback (node_modules/cors/lib/index.js:199:9)
      at corsMiddleware (node_modules/cors/lib/index.js:204:7)
      at Layer.handleRequest (node_modules/router/lib/layer.js:152:17)
      at trimPrefix (node_modules/router/index.js:342:13)
      at node_modules/router/index.js:297:9
      at processParams (node_modules/router/index.js:582:12)
      at next (node_modules/router/index.js:291:5)
      at Function.handle (node_modules/router/index.js:186:3)
      at Function.handle (node_modules/express/lib/application.js:177:15)
      at Server.app (node_modules/express/lib/express.js:38:9)

[0mGET /api/v1/projects/3 [33m401[0m 5.328 ms - 42[0m
  console.error
    Global Error Handler: {
      error: Error: Invalid project ID
          at handleValidationErrors (C:\Apps\Brian\src\api\v1\projects\routes.js:16:17)
          at Layer.handleRequest (C:\Apps\Brian\node_modules\router\lib\layer.js:152:17)
          at next (C:\Apps\Brian\node_modules\router\lib\route.js:157:13)
          at middleware (C:\Apps\Brian\node_modules\express-validator\lib\middlewares\check.js:16:13)
          at processTicksAndRejections (node:internal/process/task_queues:105:5) {
        statusCode: 400,
        errors: [ [Object] ]
      },
      message: 'Invalid project ID',
      statusCode: 400,
      name: 'Error',
      stack: 'Error: Invalid project ID\n' +
        '    at handleValidationErrors (C:\\Apps\\Brian\\src\\api\\v1\\projects\\routes.js:16:17)\n' +
        '    at Layer.handleRequest (C:\\Apps\\Brian\\node_modules\\router\\lib\\layer.js:152:17)\n' +
        '    at next (C:\\Apps\\Brian\\node_modules\\router\\lib\\route.js:157:13)\n' +
        '    at middleware (C:\\Apps\\Brian\\node_modules\\express-validator\\lib\\middlewares\\check.js:16:13)\n' +
        '    at processTicksAndRejections (node:internal/process/task_queues:105:5)',
      path: '/api/v1/projects/abc',
      method: 'GET'
    }

    [0m [90m  8 |[39m   
     [90m  9 |[39m   [90m// Enhanced logging for debugging[39m
    [31m[1m>[22m[39m[90m 10 |[39m   console[33m.[39merror([32m'Global Error Handler:'[39m[33m,[39m {
     [90m    |[39m           [31m[1m^[22m[39m
     [90m 11 |[39m     error[33m:[39m err[33m,[39m
     [90m 12 |[39m     message[33m:[39m err[33m.[39mmessage[33m,[39m
     [90m 13 |[39m     statusCode[33m:[39m statusCode[33m,[39m[0m

      at error (src/middleware/error-handler.js:10:11)
      at Layer.handleError (node_modules/router/lib/layer.js:116:17)
      at trimPrefix (node_modules/router/index.js:340:13)
      at node_modules/router/index.js:297:9
      at processParams (node_modules/router/index.js:582:12)
      at next (node_modules/router/index.js:291:5)
      at node_modules/router/index.js:688:15
      at next (node_modules/router/index.js:276:14)
      at next (node_modules/router/lib/route.js:132:14)
      at Layer.handleError (node_modules/router/lib/layer.js:111:12)
      at next (node_modules/router/lib/route.js:155:13)
      at next (src/api/v1/projects/routes.js:19:12)
      at Layer.handleRequest (node_modules/router/lib/layer.js:152:17)
      at next (node_modules/router/lib/route.js:157:13)
      at middleware (node_modules/express-validator/lib/middlewares/check.js:16:13)

[0mGET /api/v1/projects/abc [33m400[0m 4.163 ms - 46[0m
  console.log
    Executing Project.findByPk for ID: 999999 with options: {
      "include": []
    }

      at Object.log [as getProjectById] (src/api/v1/projects/service.js:233:15)

  console.error
    Error fetching project with ID 999999: Error: Project with ID 999999 not found.
        at Object.getProjectById (C:\Apps\Brian\src\api\v1\projects\service.js:238:25)
        at processTicksAndRejections (node:internal/process/task_queues:105:5)
        at getProject (C:\Apps\Brian\src\api\v1\projects\controller.js:38:21) {
      statusCode: 404
    }

    [0m [90m 243 |[39m       [36mreturn[39m project[33m;[39m
     [90m 244 |[39m   } [36mcatch[39m (error) {
    [31m[1m>[22m[39m[90m 245 |[39m       console[33m.[39merror([32m`Error fetching project with ID ${projectId}:`[39m[33m,[39m error)[33m;[39m
     [90m     |[39m               [31m[1m^[22m[39m
     [90m 246 |[39m       [90m// Re-throw the error, potentially enriching it[39m
     [90m 247 |[39m       [36mif[39m ([33m![39merror[33m.[39mstatusCode) { [90m// Keep original status code if already set (like 404)[39m
     [90m 248 |[39m           error[33m.[39mmessage [33m=[39m [32m`Failed to retrieve project with ID ${projectId}: ${error.message}`[39m[33m;[39m[0m

      at Object.error [as getProjectById] (src/api/v1/projects/service.js:245:15)
      at getProject (src/api/v1/projects/controller.js:38:21)

  console.error
    handleError: {
      error: Error: Project with ID 999999 not found.
          at Object.getProjectById (C:\Apps\Brian\src\api\v1\projects\service.js:238:25)
          at processTicksAndRejections (node:internal/process/task_queues:105:5)
          at getProject (C:\Apps\Brian\src\api\v1\projects\controller.js:38:21) {
        statusCode: 404
      },
      status: 404,
      message: 'Project with ID 999999 not found.',
      name: 'Error',
      stack: 'Error: Project with ID 999999 not found.\n' +
        '    at Object.getProjectById (C:\\Apps\\Brian\\src\\api\\v1\\projects\\service.js:238:25)\n' +
        '    at processTicksAndRejections (node:internal/process/task_queues:105:5)\n' +
        '    at getProject (C:\\Apps\\Brian\\src\\api\\v1\\projects\\controller.js:38:21)'
    }

    [0m [90m 47 |[39m   
     [90m 48 |[39m   [90m// Enhanced logging for debugging purposes[39m
    [31m[1m>[22m[39m[90m 49 |[39m   console[33m.[39merror([32m'handleError:'[39m[33m,[39m {
     [90m    |[39m           [31m[1m^[22m[39m
     [90m 50 |[39m     error[33m:[39m error[33m,[39m
     [90m 51 |[39m     status[33m:[39m statusCode[33m,[39m
     [90m 52 |[39m     message[33m:[39m error[33m.[39mmessage[33m,[39m[0m

      at error (src/utils/responseHandlers.js:49:11)
      at handleError (src/api/v1/projects/controller.js:41:5)

[0mGET /api/v1/projects/999999 [33m404[0m 24.018 ms - 61[0m
  console.log
    Executing Project.findByPk for ID: 3 with options: {
      "include": []
    }

      at Object.log [as getProjectById] (src/api/v1/projects/service.js:233:15)

[0mGET /api/v1/projects/3 [32m200[0m 4.688 ms - 343[0m
  console.log
    Executing Project.findByPk for ID: 3 with options: {
      "include": [],
      "attributes": [
        "id",
        "name"
      ]
    }

      at Object.log [as getProjectById] (src/api/v1/projects/service.js:233:15)

[0mGET /api/v1/projects/3?fields=id,name [32m200[0m 3.787 ms - 61[0m
  console.log
    Test project 3 destroyed.

      at Object.log (tests/integration/projects.read.test.js:300:19)

[0mGET /api/v1/projects/2/tasks [33m401[0m 0.222 ms - 61[0m
  console.error
    Authentication error: jwt malformed

    [0m [90m 67 |[39m   } [36mcatch[39m (error) {
     [90m 68 |[39m     [90m// Original error logging (optional to keep error.message)[39m
    [31m[1m>[22m[39m[90m 69 |[39m     console[33m.[39merror([32m'Authentication error:'[39m[33m,[39m error[33m.[39mmessage)[33m;[39m
     [90m    |[39m             [31m[1m^[22m[39m
     [90m 70 |[39m     [36mif[39m (error[33m.[39mname [33m===[39m [32m'TokenExpiredError'[39m) {
     [90m 71 |[39m       [36mreturn[39m res[33m.[39mstatus([35m401[39m)[33m.[39mjson({
     [90m 72 |[39m         success[33m:[39m [36mfalse[39m[33m,[39m[0m

      at error (src/middleware/auth.js:69:13)
      at Layer.handleRequest (node_modules/router/lib/layer.js:152:17)
      at trimPrefix (node_modules/router/index.js:342:13)
      at node_modules/router/index.js:297:9
      at processParams (node_modules/router/index.js:582:12)
      at next (node_modules/router/index.js:291:5)
      at Function.handle (node_modules/router/index.js:186:3)
      at router (node_modules/router/index.js:60:12)
      at Layer.handleRequest (node_modules/router/lib/layer.js:152:17)
      at trimPrefix (node_modules/router/index.js:342:13)
      at node_modules/router/index.js:297:9
      at processParams (node_modules/router/index.js:582:12)
      at next (node_modules/router/index.js:291:5)
      at urlencodedParser (node_modules/body-parser/lib/types/urlencoded.js:68:7)
      at Layer.handleRequest (node_modules/router/lib/layer.js:152:17)
      at trimPrefix (node_modules/router/index.js:342:13)
      at node_modules/router/index.js:297:9
      at processParams (node_modules/router/index.js:582:12)
      at next (node_modules/router/index.js:291:5)
      at jsonParser (node_modules/body-parser/lib/types/json.js:100:7)
      at Layer.handleRequest (node_modules/router/lib/layer.js:152:17)
      at trimPrefix (node_modules/router/index.js:342:13)
      at node_modules/router/index.js:297:9
      at processParams (node_modules/router/index.js:582:12)
      at next (node_modules/router/index.js:291:5)
      at logger (node_modules/morgan/index.js:144:5)
      at Layer.handleRequest (node_modules/router/lib/layer.js:152:17)
      at trimPrefix (node_modules/router/index.js:342:13)
      at node_modules/router/index.js:297:9
      at processParams (node_modules/router/index.js:582:12)
      at next (node_modules/router/index.js:291:5)
      at internalNext (node_modules/helmet/index.cjs:531:6)
      at xXssProtectionMiddleware (node_modules/helmet/index.cjs:311:3)
      at internalNext (node_modules/helmet/index.cjs:529:6)
      at xPoweredByMiddleware (node_modules/helmet/index.cjs:304:3)
      at internalNext (node_modules/helmet/index.cjs:529:6)
      at xPermittedCrossDomainPoliciesMiddleware (node_modules/helmet/index.cjs:297:3)
      at internalNext (node_modules/helmet/index.cjs:529:6)
      at xFrameOptionsMiddleware (node_modules/helmet/index.cjs:281:3)
      at internalNext (node_modules/helmet/index.cjs:529:6)
      at xDownloadOptionsMiddleware (node_modules/helmet/index.cjs:261:3)
      at internalNext (node_modules/helmet/index.cjs:529:6)
      at xDnsPrefetchControlMiddleware (node_modules/helmet/index.cjs:254:3)
      at internalNext (node_modules/helmet/index.cjs:529:6)
      at xContentTypeOptionsMiddleware (node_modules/helmet/index.cjs:246:3)
      at internalNext (node_modules/helmet/index.cjs:529:6)
      at strictTransportSecurityMiddleware (node_modules/helmet/index.cjs:239:3)
      at internalNext (node_modules/helmet/index.cjs:529:6)
      at referrerPolicyMiddleware (node_modules/helmet/index.cjs:207:3)
      at internalNext (node_modules/helmet/index.cjs:529:6)
      at originAgentClusterMiddleware (node_modules/helmet/index.cjs:182:3)
      at internalNext (node_modules/helmet/index.cjs:529:6)
      at crossOriginResourcePolicyMiddleware (node_modules/helmet/index.cjs:175:3)
      at internalNext (node_modules/helmet/index.cjs:529:6)
      at crossOriginOpenerPolicyMiddleware (node_modules/helmet/index.cjs:159:3)
      at internalNext (node_modules/helmet/index.cjs:529:6)
      at contentSecurityPolicyMiddleware (node_modules/helmet/index.cjs:124:4)
      at internalNext (node_modules/helmet/index.cjs:529:6)
      at helmetMiddleware (node_modules/helmet/index.cjs:533:6)
      at Layer.handleRequest (node_modules/router/lib/layer.js:152:17)
      at trimPrefix (node_modules/router/index.js:342:13)
      at node_modules/router/index.js:297:9
      at processParams (node_modules/router/index.js:582:12)
      at next (node_modules/router/index.js:291:5)
      at cors (node_modules/cors/lib/index.js:188:7)
      at node_modules/cors/lib/index.js:224:17
      at originCallback (node_modules/cors/lib/index.js:214:15)
      at node_modules/cors/lib/index.js:219:13
      at optionsCallback (node_modules/cors/lib/index.js:199:9)
      at corsMiddleware (node_modules/cors/lib/index.js:204:7)
      at Layer.handleRequest (node_modules/router/lib/layer.js:152:17)
      at trimPrefix (node_modules/router/index.js:342:13)
      at node_modules/router/index.js:297:9
      at processParams (node_modules/router/index.js:582:12)
      at next (node_modules/router/index.js:291:5)
      at Function.handle (node_modules/router/index.js:186:3)
      at Function.handle (node_modules/express/lib/application.js:177:15)
      at Server.app (node_modules/express/lib/express.js:38:9)

[0mGET /api/v1/projects/2/tasks [33m401[0m 4.788 ms - 42[0m
  console.error
    Global Error Handler: {
      error: Error: Invalid project ID
          at handleValidationErrors (C:\Apps\Brian\src\api\v1\projects\routes.js:16:17)
          at Layer.handleRequest (C:\Apps\Brian\node_modules\router\lib\layer.js:152:17)
          at next (C:\Apps\Brian\node_modules\router\lib\route.js:157:13)
          at middleware (C:\Apps\Brian\node_modules\express-validator\lib\middlewares\check.js:16:13)
          at processTicksAndRejections (node:internal/process/task_queues:105:5) {
        statusCode: 400,
        errors: [ [Object] ]
      },
      message: 'Invalid project ID',
      statusCode: 400,
      name: 'Error',
      stack: 'Error: Invalid project ID\n' +
        '    at handleValidationErrors (C:\\Apps\\Brian\\src\\api\\v1\\projects\\routes.js:16:17)\n' +
        '    at Layer.handleRequest (C:\\Apps\\Brian\\node_modules\\router\\lib\\layer.js:152:17)\n' +
        '    at next (C:\\Apps\\Brian\\node_modules\\router\\lib\\route.js:157:13)\n' +
        '    at middleware (C:\\Apps\\Brian\\node_modules\\express-validator\\lib\\middlewares\\check.js:16:13)\n' +
        '    at processTicksAndRejections (node:internal/process/task_queues:105:5)',
      path: '/api/v1/projects/abc/tasks',
      method: 'GET'
    }

    [0m [90m  8 |[39m   
     [90m  9 |[39m   [90m// Enhanced logging for debugging[39m
    [31m[1m>[22m[39m[90m 10 |[39m   console[33m.[39merror([32m'Global Error Handler:'[39m[33m,[39m {
     [90m    |[39m           [31m[1m^[22m[39m
     [90m 11 |[39m     error[33m:[39m err[33m,[39m
     [90m 12 |[39m     message[33m:[39m err[33m.[39mmessage[33m,[39m
     [90m 13 |[39m     statusCode[33m:[39m statusCode[33m,[39m[0m

      at error (src/middleware/error-handler.js:10:11)
      at Layer.handleError (node_modules/router/lib/layer.js:116:17)
      at trimPrefix (node_modules/router/index.js:340:13)
      at node_modules/router/index.js:297:9
      at processParams (node_modules/router/index.js:582:12)
      at next (node_modules/router/index.js:291:5)
      at node_modules/router/index.js:688:15
      at next (node_modules/router/index.js:276:14)
      at next (node_modules/router/lib/route.js:132:14)
      at Layer.handleError (node_modules/router/lib/layer.js:111:12)
      at next (node_modules/router/lib/route.js:155:13)
      at next (src/api/v1/projects/routes.js:19:12)
      at Layer.handleRequest (node_modules/router/lib/layer.js:152:17)
      at next (node_modules/router/lib/route.js:157:13)
      at middleware (node_modules/express-validator/lib/middlewares/check.js:16:13)

[0mGET /api/v1/projects/abc/tasks [33m400[0m 3.443 ms - 46[0m
  console.error
    handleError: {
      error: Error: Project with ID 999999 not found.
          at Object.listTasksForProject (C:\Apps\Brian\src\api\v1\projects\service.js:266:21)
          at processTicksAndRejections (node:internal/process/task_queues:105:5)
          at listProjectTasks (C:\Apps\Brian\src\api\v1\projects\controller.js:53:20) {
        statusCode: 404
      },
      status: 404,
      message: 'Project with ID 999999 not found.',
      name: 'Error',
      stack: 'Error: Project with ID 999999 not found.\n' +
        '    at Object.listTasksForProject (C:\\Apps\\Brian\\src\\api\\v1\\projects\\service.js:266:21)\n' +
        '    at processTicksAndRejections (node:internal/process/task_queues:105:5)\n' +
        '    at listProjectTasks (C:\\Apps\\Brian\\src\\api\\v1\\projects\\controller.js:53:20)'
    }

    [0m [90m 47 |[39m   
     [90m 48 |[39m   [90m// Enhanced logging for debugging purposes[39m
    [31m[1m>[22m[39m[90m 49 |[39m   console[33m.[39merror([32m'handleError:'[39m[33m,[39m {
     [90m    |[39m           [31m[1m^[22m[39m
     [90m 50 |[39m     error[33m:[39m error[33m,[39m
     [90m 51 |[39m     status[33m:[39m statusCode[33m,[39m
     [90m 52 |[39m     message[33m:[39m error[33m.[39mmessage[33m,[39m[0m

      at error (src/utils/responseHandlers.js:49:11)
      at handleError (src/api/v1/projects/controller.js:56:5)

[0mGET /api/v1/projects/999999/tasks [33m404[0m 5.321 ms - 61[0m
  console.log
    Executing Task.findAndCountAll for Project ID: 2 with options: {
      "where": {
        "project_id": 2
      },
      "limit": 10,
      "offset": 0
    }

      at Object.log [as listTasksForProject] (src/api/v1/projects/service.js:285:15)

[0mGET /api/v1/projects/2/tasks [32m200[0m 8.398 ms - 465[0m
  console.log
    Executing Task.findAndCountAll for Project ID: 2 with options: {
      "where": {
        "project_id": 2
      },
      "limit": 1,
      "offset": 0
    }

      at Object.log [as listTasksForProject] (src/api/v1/projects/service.js:285:15)

[0mGET /api/v1/projects/2/tasks?limit=1&offset=0 [32m200[0m 8.194 ms - 464[0m
  console.error
    Global Error Handler: {
      error: Error: Invalid offset
          at handleValidationErrors (C:\Apps\Brian\src\api\v1\projects\routes.js:16:17)
          at Layer.handleRequest (C:\Apps\Brian\node_modules\router\lib\layer.js:152:17)
          at next (C:\Apps\Brian\node_modules\router\lib\route.js:157:13)
          at middleware (C:\Apps\Brian\node_modules\express-validator\lib\middlewares\check.js:16:13)
          at processTicksAndRejections (node:internal/process/task_queues:105:5) {
        statusCode: 400,
        errors: [ [Object] ]
      },
      message: 'Invalid offset',
      statusCode: 400,
      name: 'Error',
      stack: 'Error: Invalid offset\n' +
        '    at handleValidationErrors (C:\\Apps\\Brian\\src\\api\\v1\\projects\\routes.js:16:17)\n' +
        '    at Layer.handleRequest (C:\\Apps\\Brian\\node_modules\\router\\lib\\layer.js:152:17)\n' +
        '    at next (C:\\Apps\\Brian\\node_modules\\router\\lib\\route.js:157:13)\n' +
        '    at middleware (C:\\Apps\\Brian\\node_modules\\express-validator\\lib\\middlewares\\check.js:16:13)\n' +
        '    at processTicksAndRejections (node:internal/process/task_queues:105:5)',
      path: '/api/v1/projects/2/tasks',
      method: 'GET'
    }

    [0m [90m  8 |[39m   
     [90m  9 |[39m   [90m// Enhanced logging for debugging[39m
    [31m[1m>[22m[39m[90m 10 |[39m   console[33m.[39merror([32m'Global Error Handler:'[39m[33m,[39m {
     [90m    |[39m           [31m[1m^[22m[39m
     [90m 11 |[39m     error[33m:[39m err[33m,[39m
     [90m 12 |[39m     message[33m:[39m err[33m.[39mmessage[33m,[39m
     [90m 13 |[39m     statusCode[33m:[39m statusCode[33m,[39m[0m

      at error (src/middleware/error-handler.js:10:11)
      at Layer.handleError (node_modules/router/lib/layer.js:116:17)
      at trimPrefix (node_modules/router/index.js:340:13)
      at node_modules/router/index.js:297:9
      at processParams (node_modules/router/index.js:582:12)
      at next (node_modules/router/index.js:291:5)
      at node_modules/router/index.js:688:15
      at next (node_modules/router/index.js:276:14)
      at next (node_modules/router/lib/route.js:132:14)
      at Layer.handleError (node_modules/router/lib/layer.js:111:12)
      at next (node_modules/router/lib/route.js:155:13)
      at next (src/api/v1/projects/routes.js:19:12)
      at Layer.handleRequest (node_modules/router/lib/layer.js:152:17)
      at next (node_modules/router/lib/route.js:157:13)
      at middleware (node_modules/express-validator/lib/middlewares/check.js:16:13)

[0mGET /api/v1/projects/2/tasks?offset=-5 [33m400[0m 4.265 ms - 42[0m
  console.error
    Global Error Handler: {
      error: Error: Invalid limit
          at handleValidationErrors (C:\Apps\Brian\src\api\v1\projects\routes.js:16:17)
          at Layer.handleRequest (C:\Apps\Brian\node_modules\router\lib\layer.js:152:17)
          at next (C:\Apps\Brian\node_modules\router\lib\route.js:157:13)
          at middleware (C:\Apps\Brian\node_modules\express-validator\lib\middlewares\check.js:16:13)
          at processTicksAndRejections (node:internal/process/task_queues:105:5) {
        statusCode: 400,
        errors: [ [Object] ]
      },
      message: 'Invalid limit',
      statusCode: 400,
      name: 'Error',
      stack: 'Error: Invalid limit\n' +
        '    at handleValidationErrors (C:\\Apps\\Brian\\src\\api\\v1\\projects\\routes.js:16:17)\n' +
        '    at Layer.handleRequest (C:\\Apps\\Brian\\node_modules\\router\\lib\\layer.js:152:17)\n' +
        '    at next (C:\\Apps\\Brian\\node_modules\\router\\lib\\route.js:157:13)\n' +
        '    at middleware (C:\\Apps\\Brian\\node_modules\\express-validator\\lib\\middlewares\\check.js:16:13)\n' +
        '    at processTicksAndRejections (node:internal/process/task_queues:105:5)',
      path: '/api/v1/projects/2/tasks',
      method: 'GET'
    }

    [0m [90m  8 |[39m   
     [90m  9 |[39m   [90m// Enhanced logging for debugging[39m
    [31m[1m>[22m[39m[90m 10 |[39m   console[33m.[39merror([32m'Global Error Handler:'[39m[33m,[39m {
     [90m    |[39m           [31m[1m^[22m[39m
     [90m 11 |[39m     error[33m:[39m err[33m,[39m
     [90m 12 |[39m     message[33m:[39m err[33m.[39mmessage[33m,[39m
     [90m 13 |[39m     statusCode[33m:[39m statusCode[33m,[39m[0m

      at error (src/middleware/error-handler.js:10:11)
      at Layer.handleError (node_modules/router/lib/layer.js:116:17)
      at trimPrefix (node_modules/router/index.js:340:13)
      at node_modules/router/index.js:297:9
      at processParams (node_modules/router/index.js:582:12)
      at next (node_modules/router/index.js:291:5)
      at node_modules/router/index.js:688:15
      at next (node_modules/router/index.js:276:14)
      at next (node_modules/router/lib/route.js:132:14)
      at Layer.handleError (node_modules/router/lib/layer.js:111:12)
      at next (node_modules/router/lib/route.js:155:13)
      at next (src/api/v1/projects/routes.js:19:12)
      at Layer.handleRequest (node_modules/router/lib/layer.js:152:17)
      at next (node_modules/router/lib/route.js:157:13)
      at middleware (node_modules/express-validator/lib/middlewares/check.js:16:13)

[0mGET /api/v1/projects/2/tasks?limit=xyz [33m400[0m 3.540 ms - 41[0m
[0mGET /api/v1/projects/2/jobs [33m401[0m 0.251 ms - 61[0m
  console.error
    Authentication error: jwt malformed

    [0m [90m 67 |[39m   } [36mcatch[39m (error) {
     [90m 68 |[39m     [90m// Original error logging (optional to keep error.message)[39m
    [31m[1m>[22m[39m[90m 69 |[39m     console[33m.[39merror([32m'Authentication error:'[39m[33m,[39m error[33m.[39mmessage)[33m;[39m
     [90m    |[39m             [31m[1m^[22m[39m
     [90m 70 |[39m     [36mif[39m (error[33m.[39mname [33m===[39m [32m'TokenExpiredError'[39m) {
     [90m 71 |[39m       [36mreturn[39m res[33m.[39mstatus([35m401[39m)[33m.[39mjson({
     [90m 72 |[39m         success[33m:[39m [36mfalse[39m[33m,[39m[0m

      at error (src/middleware/auth.js:69:13)
      at Layer.handleRequest (node_modules/router/lib/layer.js:152:17)
      at trimPrefix (node_modules/router/index.js:342:13)
      at node_modules/router/index.js:297:9
      at processParams (node_modules/router/index.js:582:12)
      at next (node_modules/router/index.js:291:5)
      at Function.handle (node_modules/router/index.js:186:3)
      at router (node_modules/router/index.js:60:12)
      at Layer.handleRequest (node_modules/router/lib/layer.js:152:17)
      at trimPrefix (node_modules/router/index.js:342:13)
      at node_modules/router/index.js:297:9
      at processParams (node_modules/router/index.js:582:12)
      at next (node_modules/router/index.js:291:5)
      at urlencodedParser (node_modules/body-parser/lib/types/urlencoded.js:68:7)
      at Layer.handleRequest (node_modules/router/lib/layer.js:152:17)
      at trimPrefix (node_modules/router/index.js:342:13)
      at node_modules/router/index.js:297:9
      at processParams (node_modules/router/index.js:582:12)
      at next (node_modules/router/index.js:291:5)
      at jsonParser (node_modules/body-parser/lib/types/json.js:100:7)
      at Layer.handleRequest (node_modules/router/lib/layer.js:152:17)
      at trimPrefix (node_modules/router/index.js:342:13)
      at node_modules/router/index.js:297:9
      at processParams (node_modules/router/index.js:582:12)
      at next (node_modules/router/index.js:291:5)
      at logger (node_modules/morgan/index.js:144:5)
      at Layer.handleRequest (node_modules/router/lib/layer.js:152:17)
      at trimPrefix (node_modules/router/index.js:342:13)
      at node_modules/router/index.js:297:9
      at processParams (node_modules/router/index.js:582:12)
      at next (node_modules/router/index.js:291:5)
      at internalNext (node_modules/helmet/index.cjs:531:6)
      at xXssProtectionMiddleware (node_modules/helmet/index.cjs:311:3)
      at internalNext (node_modules/helmet/index.cjs:529:6)
      at xPoweredByMiddleware (node_modules/helmet/index.cjs:304:3)
      at internalNext (node_modules/helmet/index.cjs:529:6)
      at xPermittedCrossDomainPoliciesMiddleware (node_modules/helmet/index.cjs:297:3)
      at internalNext (node_modules/helmet/index.cjs:529:6)
      at xFrameOptionsMiddleware (node_modules/helmet/index.cjs:281:3)
      at internalNext (node_modules/helmet/index.cjs:529:6)
      at xDownloadOptionsMiddleware (node_modules/helmet/index.cjs:261:3)
      at internalNext (node_modules/helmet/index.cjs:529:6)
      at xDnsPrefetchControlMiddleware (node_modules/helmet/index.cjs:254:3)
      at internalNext (node_modules/helmet/index.cjs:529:6)
      at xContentTypeOptionsMiddleware (node_modules/helmet/index.cjs:246:3)
      at internalNext (node_modules/helmet/index.cjs:529:6)
      at strictTransportSecurityMiddleware (node_modules/helmet/index.cjs:239:3)
      at internalNext (node_modules/helmet/index.cjs:529:6)
      at referrerPolicyMiddleware (node_modules/helmet/index.cjs:207:3)
      at internalNext (node_modules/helmet/index.cjs:529:6)
      at originAgentClusterMiddleware (node_modules/helmet/index.cjs:182:3)
      at internalNext (node_modules/helmet/index.cjs:529:6)
      at crossOriginResourcePolicyMiddleware (node_modules/helmet/index.cjs:175:3)
      at internalNext (node_modules/helmet/index.cjs:529:6)
      at crossOriginOpenerPolicyMiddleware (node_modules/helmet/index.cjs:159:3)
      at internalNext (node_modules/helmet/index.cjs:529:6)
      at contentSecurityPolicyMiddleware (node_modules/helmet/index.cjs:124:4)
      at internalNext (node_modules/helmet/index.cjs:529:6)
      at helmetMiddleware (node_modules/helmet/index.cjs:533:6)
      at Layer.handleRequest (node_modules/router/lib/layer.js:152:17)
      at trimPrefix (node_modules/router/index.js:342:13)
      at node_modules/router/index.js:297:9
      at processParams (node_modules/router/index.js:582:12)
      at next (node_modules/router/index.js:291:5)
      at cors (node_modules/cors/lib/index.js:188:7)
      at node_modules/cors/lib/index.js:224:17
      at originCallback (node_modules/cors/lib/index.js:214:15)
      at node_modules/cors/lib/index.js:219:13
      at optionsCallback (node_modules/cors/lib/index.js:199:9)
      at corsMiddleware (node_modules/cors/lib/index.js:204:7)
      at Layer.handleRequest (node_modules/router/lib/layer.js:152:17)
      at trimPrefix (node_modules/router/index.js:342:13)
      at node_modules/router/index.js:297:9
      at processParams (node_modules/router/index.js:582:12)
      at next (node_modules/router/index.js:291:5)
      at Function.handle (node_modules/router/index.js:186:3)
      at Function.handle (node_modules/express/lib/application.js:177:15)
      at Server.app (node_modules/express/lib/express.js:38:9)

[0mGET /api/v1/projects/2/jobs [33m401[0m 5.130 ms - 42[0m
  console.error
    Global Error Handler: {
      error: Error: Invalid project ID
          at handleValidationErrors (C:\Apps\Brian\src\api\v1\projects\routes.js:16:17)
          at Layer.handleRequest (C:\Apps\Brian\node_modules\router\lib\layer.js:152:17)
          at next (C:\Apps\Brian\node_modules\router\lib\route.js:157:13)
          at middleware (C:\Apps\Brian\node_modules\express-validator\lib\middlewares\check.js:16:13)
          at processTicksAndRejections (node:internal/process/task_queues:105:5) {
        statusCode: 400,
        errors: [ [Object] ]
      },
      message: 'Invalid project ID',
      statusCode: 400,
      name: 'Error',
      stack: 'Error: Invalid project ID\n' +
        '    at handleValidationErrors (C:\\Apps\\Brian\\src\\api\\v1\\projects\\routes.js:16:17)\n' +
        '    at Layer.handleRequest (C:\\Apps\\Brian\\node_modules\\router\\lib\\layer.js:152:17)\n' +
        '    at next (C:\\Apps\\Brian\\node_modules\\router\\lib\\route.js:157:13)\n' +
        '    at middleware (C:\\Apps\\Brian\\node_modules\\express-validator\\lib\\middlewares\\check.js:16:13)\n' +
        '    at processTicksAndRejections (node:internal/process/task_queues:105:5)',
      path: '/api/v1/projects/abc/jobs',
      method: 'GET'
    }

    [0m [90m  8 |[39m   
     [90m  9 |[39m   [90m// Enhanced logging for debugging[39m
    [31m[1m>[22m[39m[90m 10 |[39m   console[33m.[39merror([32m'Global Error Handler:'[39m[33m,[39m {
     [90m    |[39m           [31m[1m^[22m[39m
     [90m 11 |[39m     error[33m:[39m err[33m,[39m
     [90m 12 |[39m     message[33m:[39m err[33m.[39mmessage[33m,[39m
     [90m 13 |[39m     statusCode[33m:[39m statusCode[33m,[39m[0m

      at error (src/middleware/error-handler.js:10:11)
      at Layer.handleError (node_modules/router/lib/layer.js:116:17)
      at trimPrefix (node_modules/router/index.js:340:13)
      at node_modules/router/index.js:297:9
      at processParams (node_modules/router/index.js:582:12)
      at next (node_modules/router/index.js:291:5)
      at node_modules/router/index.js:688:15
      at next (node_modules/router/index.js:276:14)
      at next (node_modules/router/lib/route.js:132:14)
      at Layer.handleError (node_modules/router/lib/layer.js:111:12)
      at next (node_modules/router/lib/route.js:155:13)
      at next (src/api/v1/projects/routes.js:19:12)
      at Layer.handleRequest (node_modules/router/lib/layer.js:152:17)
      at next (node_modules/router/lib/route.js:157:13)
      at middleware (node_modules/express-validator/lib/middlewares/check.js:16:13)

[0mGET /api/v1/projects/abc/jobs [33m400[0m 4.693 ms - 46[0m
  console.error
    handleError: {
      error: Error: Project with ID 999999 not found.
          at Object.listJobsForProject (C:\Apps\Brian\src\api\v1\projects\service.js:306:21)
          at processTicksAndRejections (node:internal/process/task_queues:105:5)
          at listProjectJobs (C:\Apps\Brian\src\api\v1\projects\controller.js:68:20) {
        statusCode: 404
      },
      status: 404,
      message: 'Project with ID 999999 not found.',
      name: 'Error',
      stack: 'Error: Project with ID 999999 not found.\n' +
        '    at Object.listJobsForProject (C:\\Apps\\Brian\\src\\api\\v1\\projects\\service.js:306:21)\n' +
        '    at processTicksAndRejections (node:internal/process/task_queues:105:5)\n' +
        '    at listProjectJobs (C:\\Apps\\Brian\\src\\api\\v1\\projects\\controller.js:68:20)'
    }

    [0m [90m 47 |[39m   
     [90m 48 |[39m   [90m// Enhanced logging for debugging purposes[39m
    [31m[1m>[22m[39m[90m 49 |[39m   console[33m.[39merror([32m'handleError:'[39m[33m,[39m {
     [90m    |[39m           [31m[1m^[22m[39m
     [90m 50 |[39m     error[33m:[39m error[33m,[39m
     [90m 51 |[39m     status[33m:[39m statusCode[33m,[39m
     [90m 52 |[39m     message[33m:[39m error[33m.[39mmessage[33m,[39m[0m

      at error (src/utils/responseHandlers.js:49:11)
      at handleError (src/api/v1/projects/controller.js:71:5)

[0mGET /api/v1/projects/999999/jobs [33m404[0m 4.487 ms - 61[0m
  console.log
    Skipping Job.findAndCountAll for Project ID 2 as 'jobs' table lacks 'project_id'. Returning empty list.

      at Object.log [as listJobsForProject] (src/api/v1/projects/service.js:322:15)

[0mGET /api/v1/projects/2/jobs [32m200[0m 3.638 ms - 67[0m
  console.log
    Skipping Job.findAndCountAll for Project ID 2 as 'jobs' table lacks 'project_id'. Returning empty list.

      at Object.log [as listJobsForProject] (src/api/v1/projects/service.js:322:15)

[0mGET /api/v1/projects/2/jobs?limit=1&offset=0 [32m200[0m 3.563 ms - 66[0m
  console.error
    Global Error Handler: {
      error: Error: Invalid limit
          at handleValidationErrors (C:\Apps\Brian\src\api\v1\projects\routes.js:16:17)
          at Layer.handleRequest (C:\Apps\Brian\node_modules\router\lib\layer.js:152:17)
          at next (C:\Apps\Brian\node_modules\router\lib\route.js:157:13)
          at middleware (C:\Apps\Brian\node_modules\express-validator\lib\middlewares\check.js:16:13)
          at processTicksAndRejections (node:internal/process/task_queues:105:5) {
        statusCode: 400,
        errors: [ [Object] ]
      },
      message: 'Invalid limit',
      statusCode: 400,
      name: 'Error',
      stack: 'Error: Invalid limit\n' +
        '    at handleValidationErrors (C:\\Apps\\Brian\\src\\api\\v1\\projects\\routes.js:16:17)\n' +
        '    at Layer.handleRequest (C:\\Apps\\Brian\\node_modules\\router\\lib\\layer.js:152:17)\n' +
        '    at next (C:\\Apps\\Brian\\node_modules\\router\\lib\\route.js:157:13)\n' +
        '    at middleware (C:\\Apps\\Brian\\node_modules\\express-validator\\lib\\middlewares\\check.js:16:13)\n' +
        '    at processTicksAndRejections (node:internal/process/task_queues:105:5)',
      path: '/api/v1/projects/2/jobs',
      method: 'GET'
    }

    [0m [90m  8 |[39m   
     [90m  9 |[39m   [90m// Enhanced logging for debugging[39m
    [31m[1m>[22m[39m[90m 10 |[39m   console[33m.[39merror([32m'Global Error Handler:'[39m[33m,[39m {
     [90m    |[39m           [31m[1m^[22m[39m
     [90m 11 |[39m     error[33m:[39m err[33m,[39m
     [90m 12 |[39m     message[33m:[39m err[33m.[39mmessage[33m,[39m
     [90m 13 |[39m     statusCode[33m:[39m statusCode[33m,[39m[0m

      at error (src/middleware/error-handler.js:10:11)
      at Layer.handleError (node_modules/router/lib/layer.js:116:17)
      at trimPrefix (node_modules/router/index.js:340:13)
      at node_modules/router/index.js:297:9
      at processParams (node_modules/router/index.js:582:12)
      at next (node_modules/router/index.js:291:5)
      at node_modules/router/index.js:688:15
      at next (node_modules/router/index.js:276:14)
      at next (node_modules/router/lib/route.js:132:14)
      at Layer.handleError (node_modules/router/lib/layer.js:111:12)
      at next (node_modules/router/lib/route.js:155:13)
      at next (src/api/v1/projects/routes.js:19:12)
      at Layer.handleRequest (node_modules/router/lib/layer.js:152:17)
      at next (node_modules/router/lib/route.js:157:13)
      at middleware (node_modules/express-validator/lib/middlewares/check.js:16:13)

[0mGET /api/v1/projects/2/jobs?limit=-2 [33m400[0m 3.691 ms - 41[0m
  console.error
    Global Error Handler: {
      error: Error: Invalid offset
          at handleValidationErrors (C:\Apps\Brian\src\api\v1\projects\routes.js:16:17)
          at Layer.handleRequest (C:\Apps\Brian\node_modules\router\lib\layer.js:152:17)
          at next (C:\Apps\Brian\node_modules\router\lib\route.js:157:13)
          at middleware (C:\Apps\Brian\node_modules\express-validator\lib\middlewares\check.js:16:13)
          at processTicksAndRejections (node:internal/process/task_queues:105:5) {
        statusCode: 400,
        errors: [ [Object] ]
      },
      message: 'Invalid offset',
      statusCode: 400,
      name: 'Error',
      stack: 'Error: Invalid offset\n' +
        '    at handleValidationErrors (C:\\Apps\\Brian\\src\\api\\v1\\projects\\routes.js:16:17)\n' +
        '    at Layer.handleRequest (C:\\Apps\\Brian\\node_modules\\router\\lib\\layer.js:152:17)\n' +
        '    at next (C:\\Apps\\Brian\\node_modules\\router\\lib\\route.js:157:13)\n' +
        '    at middleware (C:\\Apps\\Brian\\node_modules\\express-validator\\lib\\middlewares\\check.js:16:13)\n' +
        '    at processTicksAndRejections (node:internal/process/task_queues:105:5)',
      path: '/api/v1/projects/2/jobs',
      method: 'GET'
    }

    [0m [90m  8 |[39m   
     [90m  9 |[39m   [90m// Enhanced logging for debugging[39m
    [31m[1m>[22m[39m[90m 10 |[39m   console[33m.[39merror([32m'Global Error Handler:'[39m[33m,[39m {
     [90m    |[39m           [31m[1m^[22m[39m
     [90m 11 |[39m     error[33m:[39m err[33m,[39m
     [90m 12 |[39m     message[33m:[39m err[33m.[39mmessage[33m,[39m
     [90m 13 |[39m     statusCode[33m:[39m statusCode[33m,[39m[0m

      at error (src/middleware/error-handler.js:10:11)
      at Layer.handleError (node_modules/router/lib/layer.js:116:17)
      at trimPrefix (node_modules/router/index.js:340:13)
      at node_modules/router/index.js:297:9
      at processParams (node_modules/router/index.js:582:12)
      at next (node_modules/router/index.js:291:5)
      at node_modules/router/index.js:688:15
      at next (node_modules/router/index.js:276:14)
      at next (node_modules/router/lib/route.js:132:14)
      at Layer.handleError (node_modules/router/lib/layer.js:111:12)
      at next (node_modules/router/lib/route.js:155:13)
      at next (src/api/v1/projects/routes.js:19:12)
      at Layer.handleRequest (node_modules/router/lib/layer.js:152:17)
      at next (node_modules/router/lib/route.js:157:13)
      at middleware (node_modules/express-validator/lib/middlewares/check.js:16:13)

[0mGET /api/v1/projects/2/jobs?offset=false [33m400[0m 3.692 ms - 42[0m
[0mGET /api/v1/projects/2/people [33m401[0m 0.507 ms - 61[0m
  console.error
    Authentication error: jwt malformed

    [0m [90m 67 |[39m   } [36mcatch[39m (error) {
     [90m 68 |[39m     [90m// Original error logging (optional to keep error.message)[39m
    [31m[1m>[22m[39m[90m 69 |[39m     console[33m.[39merror([32m'Authentication error:'[39m[33m,[39m error[33m.[39mmessage)[33m;[39m
     [90m    |[39m             [31m[1m^[22m[39m
     [90m 70 |[39m     [36mif[39m (error[33m.[39mname [33m===[39m [32m'TokenExpiredError'[39m) {
     [90m 71 |[39m       [36mreturn[39m res[33m.[39mstatus([35m401[39m)[33m.[39mjson({
     [90m 72 |[39m         success[33m:[39m [36mfalse[39m[33m,[39m[0m

      at error (src/middleware/auth.js:69:13)
      at Layer.handleRequest (node_modules/router/lib/layer.js:152:17)
      at trimPrefix (node_modules/router/index.js:342:13)
      at node_modules/router/index.js:297:9
      at processParams (node_modules/router/index.js:582:12)
      at next (node_modules/router/index.js:291:5)
      at Function.handle (node_modules/router/index.js:186:3)
      at router (node_modules/router/index.js:60:12)
      at Layer.handleRequest (node_modules/router/lib/layer.js:152:17)
      at trimPrefix (node_modules/router/index.js:342:13)
      at node_modules/router/index.js:297:9
      at processParams (node_modules/router/index.js:582:12)
      at next (node_modules/router/index.js:291:5)
      at urlencodedParser (node_modules/body-parser/lib/types/urlencoded.js:68:7)
      at Layer.handleRequest (node_modules/router/lib/layer.js:152:17)
      at trimPrefix (node_modules/router/index.js:342:13)
      at node_modules/router/index.js:297:9
      at processParams (node_modules/router/index.js:582:12)
      at next (node_modules/router/index.js:291:5)
      at jsonParser (node_modules/body-parser/lib/types/json.js:100:7)
      at Layer.handleRequest (node_modules/router/lib/layer.js:152:17)
      at trimPrefix (node_modules/router/index.js:342:13)
      at node_modules/router/index.js:297:9
      at processParams (node_modules/router/index.js:582:12)
      at next (node_modules/router/index.js:291:5)
      at logger (node_modules/morgan/index.js:144:5)
      at Layer.handleRequest (node_modules/router/lib/layer.js:152:17)
      at trimPrefix (node_modules/router/index.js:342:13)
      at node_modules/router/index.js:297:9
      at processParams (node_modules/router/index.js:582:12)
      at next (node_modules/router/index.js:291:5)
      at internalNext (node_modules/helmet/index.cjs:531:6)
      at xXssProtectionMiddleware (node_modules/helmet/index.cjs:311:3)
      at internalNext (node_modules/helmet/index.cjs:529:6)
      at xPoweredByMiddleware (node_modules/helmet/index.cjs:304:3)
      at internalNext (node_modules/helmet/index.cjs:529:6)
      at xPermittedCrossDomainPoliciesMiddleware (node_modules/helmet/index.cjs:297:3)
      at internalNext (node_modules/helmet/index.cjs:529:6)
      at xFrameOptionsMiddleware (node_modules/helmet/index.cjs:281:3)
      at internalNext (node_modules/helmet/index.cjs:529:6)
      at xDownloadOptionsMiddleware (node_modules/helmet/index.cjs:261:3)
      at internalNext (node_modules/helmet/index.cjs:529:6)
      at xDnsPrefetchControlMiddleware (node_modules/helmet/index.cjs:254:3)
      at internalNext (node_modules/helmet/index.cjs:529:6)
      at xContentTypeOptionsMiddleware (node_modules/helmet/index.cjs:246:3)
      at internalNext (node_modules/helmet/index.cjs:529:6)
      at strictTransportSecurityMiddleware (node_modules/helmet/index.cjs:239:3)
      at internalNext (node_modules/helmet/index.cjs:529:6)
      at referrerPolicyMiddleware (node_modules/helmet/index.cjs:207:3)
      at internalNext (node_modules/helmet/index.cjs:529:6)
      at originAgentClusterMiddleware (node_modules/helmet/index.cjs:182:3)
      at internalNext (node_modules/helmet/index.cjs:529:6)
      at crossOriginResourcePolicyMiddleware (node_modules/helmet/index.cjs:175:3)
      at internalNext (node_modules/helmet/index.cjs:529:6)
      at crossOriginOpenerPolicyMiddleware (node_modules/helmet/index.cjs:159:3)
      at internalNext (node_modules/helmet/index.cjs:529:6)
      at contentSecurityPolicyMiddleware (node_modules/helmet/index.cjs:124:4)
      at internalNext (node_modules/helmet/index.cjs:529:6)
      at helmetMiddleware (node_modules/helmet/index.cjs:533:6)
      at Layer.handleRequest (node_modules/router/lib/layer.js:152:17)
      at trimPrefix (node_modules/router/index.js:342:13)
      at node_modules/router/index.js:297:9
      at processParams (node_modules/router/index.js:582:12)
      at next (node_modules/router/index.js:291:5)
      at cors (node_modules/cors/lib/index.js:188:7)
      at node_modules/cors/lib/index.js:224:17
      at originCallback (node_modules/cors/lib/index.js:214:15)
      at node_modules/cors/lib/index.js:219:13
      at optionsCallback (node_modules/cors/lib/index.js:199:9)
      at corsMiddleware (node_modules/cors/lib/index.js:204:7)
      at Layer.handleRequest (node_modules/router/lib/layer.js:152:17)
      at trimPrefix (node_modules/router/index.js:342:13)
      at node_modules/router/index.js:297:9
      at processParams (node_modules/router/index.js:582:12)
      at next (node_modules/router/index.js:291:5)
      at Function.handle (node_modules/router/index.js:186:3)
      at Function.handle (node_modules/express/lib/application.js:177:15)
      at Server.app (node_modules/express/lib/express.js:38:9)

[0mGET /api/v1/projects/2/people [33m401[0m 5.234 ms - 42[0m
  console.error
    Global Error Handler: {
      error: Error: Invalid project ID
          at handleValidationErrors (C:\Apps\Brian\src\api\v1\projects\routes.js:16:17)
          at Layer.handleRequest (C:\Apps\Brian\node_modules\router\lib\layer.js:152:17)
          at next (C:\Apps\Brian\node_modules\router\lib\route.js:157:13)
          at middleware (C:\Apps\Brian\node_modules\express-validator\lib\middlewares\check.js:16:13)
          at processTicksAndRejections (node:internal/process/task_queues:105:5) {
        statusCode: 400,
        errors: [ [Object] ]
      },
      message: 'Invalid project ID',
      statusCode: 400,
      name: 'Error',
      stack: 'Error: Invalid project ID\n' +
        '    at handleValidationErrors (C:\\Apps\\Brian\\src\\api\\v1\\projects\\routes.js:16:17)\n' +
        '    at Layer.handleRequest (C:\\Apps\\Brian\\node_modules\\router\\lib\\layer.js:152:17)\n' +
        '    at next (C:\\Apps\\Brian\\node_modules\\router\\lib\\route.js:157:13)\n' +
        '    at middleware (C:\\Apps\\Brian\\node_modules\\express-validator\\lib\\middlewares\\check.js:16:13)\n' +
        '    at processTicksAndRejections (node:internal/process/task_queues:105:5)',
      path: '/api/v1/projects/abc/people',
      method: 'GET'
    }

    [0m [90m  8 |[39m   
     [90m  9 |[39m   [90m// Enhanced logging for debugging[39m
    [31m[1m>[22m[39m[90m 10 |[39m   console[33m.[39merror([32m'Global Error Handler:'[39m[33m,[39m {
     [90m    |[39m           [31m[1m^[22m[39m
     [90m 11 |[39m     error[33m:[39m err[33m,[39m
     [90m 12 |[39m     message[33m:[39m err[33m.[39mmessage[33m,[39m
     [90m 13 |[39m     statusCode[33m:[39m statusCode[33m,[39m[0m

      at error (src/middleware/error-handler.js:10:11)
      at Layer.handleError (node_modules/router/lib/layer.js:116:17)
      at trimPrefix (node_modules/router/index.js:340:13)
      at node_modules/router/index.js:297:9
      at processParams (node_modules/router/index.js:582:12)
      at next (node_modules/router/index.js:291:5)
      at node_modules/router/index.js:688:15
      at next (node_modules/router/index.js:276:14)
      at next (node_modules/router/lib/route.js:132:14)
      at Layer.handleError (node_modules/router/lib/layer.js:111:12)
      at next (node_modules/router/lib/route.js:155:13)
      at next (src/api/v1/projects/routes.js:19:12)
      at Layer.handleRequest (node_modules/router/lib/layer.js:152:17)
      at next (node_modules/router/lib/route.js:157:13)
      at middleware (node_modules/express-validator/lib/middlewares/check.js:16:13)

[0mGET /api/v1/projects/abc/people [33m400[0m 4.532 ms - 46[0m
  console.error
    handleError: {
      error: Error: Project with ID 999999 not found.
          at Object.listPeopleForProject (C:\Apps\Brian\src\api\v1\projects\service.js:343:23)
          at processTicksAndRejections (node:internal/process/task_queues:105:5)
          at listProjectPeople (C:\Apps\Brian\src\api\v1\projects\controller.js:83:20) {
        statusCode: 404
      },
      status: 404,
      message: 'Project with ID 999999 not found.',
      name: 'Error',
      stack: 'Error: Project with ID 999999 not found.\n' +
        '    at Object.listPeopleForProject (C:\\Apps\\Brian\\src\\api\\v1\\projects\\service.js:343:23)\n' +
        '    at processTicksAndRejections (node:internal/process/task_queues:105:5)\n' +
        '    at listProjectPeople (C:\\Apps\\Brian\\src\\api\\v1\\projects\\controller.js:83:20)'
    }

    [0m [90m 47 |[39m   
     [90m 48 |[39m   [90m// Enhanced logging for debugging purposes[39m
    [31m[1m>[22m[39m[90m 49 |[39m   console[33m.[39merror([32m'handleError:'[39m[33m,[39m {
     [90m    |[39m           [31m[1m^[22m[39m
     [90m 50 |[39m     error[33m:[39m error[33m,[39m
     [90m 51 |[39m     status[33m:[39m statusCode[33m,[39m
     [90m 52 |[39m     message[33m:[39m error[33m.[39mmessage[33m,[39m[0m

      at error (src/utils/responseHandlers.js:49:11)
      at handleError (src/api/v1/projects/controller.js:86:5)

[0mGET /api/v1/projects/999999/people [33m404[0m 4.627 ms - 61[0m
  console.log
    Created project assignment for project 2 and user 999

      at Object.log (tests/integration/projects.read.test.js:627:17)

  console.log
    Querying ProjectAssignment for project_id: 2

      at Object.log [as listPeopleForProject] (src/api/v1/projects/service.js:354:17)

  console.log
    Found 1 assignments for project ID 2

      at Object.log [as listPeopleForProject] (src/api/v1/projects/service.js:363:17)

  console.log
    Extracted user IDs: [999]

      at Object.log [as listPeopleForProject] (src/api/v1/projects/service.js:367:17)

  console.log
    Executing Person.findAndCountAll for User IDs: [999] with options: {
      "where": {
        "employee_id": {}
      },
      "limit": 10,
      "offset": 0
    }

      at Object.log [as listPeopleForProject] (src/api/v1/projects/service.js:382:21)

  console.log
    Found 1 people records for the assigned user IDs

      at Object.log [as listPeopleForProject] (src/api/v1/projects/service.js:389:21)

[0mGET /api/v1/projects/2/people [32m200[0m 11.765 ms - 349[0m
  console.log
    Querying ProjectAssignment for project_id: 2

      at Object.log [as listPeopleForProject] (src/api/v1/projects/service.js:354:17)

  console.log
    Found 1 assignments for project ID 2

      at Object.log [as listPeopleForProject] (src/api/v1/projects/service.js:363:17)

  console.log
    Extracted user IDs: [999]

      at Object.log [as listPeopleForProject] (src/api/v1/projects/service.js:367:17)

  console.log
    Executing Person.findAndCountAll for User IDs: [999] with options: {
      "where": {
        "employee_id": {}
      },
      "limit": 1,
      "offset": 0
    }

      at Object.log [as listPeopleForProject] (src/api/v1/projects/service.js:382:21)

  console.log
    Found 1 people records for the assigned user IDs

      at Object.log [as listPeopleForProject] (src/api/v1/projects/service.js:389:21)

[0mGET /api/v1/projects/2/people?limit=1&offset=0 [32m200[0m 9.574 ms - 348[0m
  console.error
    Global Error Handler: {
      error: Error: Invalid offset
          at handleValidationErrors (C:\Apps\Brian\src\api\v1\projects\routes.js:16:17)
          at Layer.handleRequest (C:\Apps\Brian\node_modules\router\lib\layer.js:152:17)
          at next (C:\Apps\Brian\node_modules\router\lib\route.js:157:13)
          at middleware (C:\Apps\Brian\node_modules\express-validator\lib\middlewares\check.js:16:13)
          at processTicksAndRejections (node:internal/process/task_queues:105:5) {
        statusCode: 400,
        errors: [ [Object] ]
      },
      message: 'Invalid offset',
      statusCode: 400,
      name: 'Error',
      stack: 'Error: Invalid offset\n' +
        '    at handleValidationErrors (C:\\Apps\\Brian\\src\\api\\v1\\projects\\routes.js:16:17)\n' +
        '    at Layer.handleRequest (C:\\Apps\\Brian\\node_modules\\router\\lib\\layer.js:152:17)\n' +
        '    at next (C:\\Apps\\Brian\\node_modules\\router\\lib\\route.js:157:13)\n' +
        '    at middleware (C:\\Apps\\Brian\\node_modules\\express-validator\\lib\\middlewares\\check.js:16:13)\n' +
        '    at processTicksAndRejections (node:internal/process/task_queues:105:5)',
      path: '/api/v1/projects/2/people',
      method: 'GET'
    }

    [0m [90m  8 |[39m   
     [90m  9 |[39m   [90m// Enhanced logging for debugging[39m
    [31m[1m>[22m[39m[90m 10 |[39m   console[33m.[39merror([32m'Global Error Handler:'[39m[33m,[39m {
     [90m    |[39m           [31m[1m^[22m[39m
     [90m 11 |[39m     error[33m:[39m err[33m,[39m
     [90m 12 |[39m     message[33m:[39m err[33m.[39mmessage[33m,[39m
     [90m 13 |[39m     statusCode[33m:[39m statusCode[33m,[39m[0m

      at error (src/middleware/error-handler.js:10:11)
      at Layer.handleError (node_modules/router/lib/layer.js:116:17)
      at trimPrefix (node_modules/router/index.js:340:13)
      at node_modules/router/index.js:297:9
      at processParams (node_modules/router/index.js:582:12)
      at next (node_modules/router/index.js:291:5)
      at node_modules/router/index.js:688:15
      at next (node_modules/router/index.js:276:14)
      at next (node_modules/router/lib/route.js:132:14)
      at Layer.handleError (node_modules/router/lib/layer.js:111:12)
      at next (node_modules/router/lib/route.js:155:13)
      at next (src/api/v1/projects/routes.js:19:12)
      at Layer.handleRequest (node_modules/router/lib/layer.js:152:17)
      at next (node_modules/router/lib/route.js:157:13)
      at middleware (node_modules/express-validator/lib/middlewares/check.js:16:13)

[0mGET /api/v1/projects/2/people?offset=-1 [33m400[0m 3.695 ms - 42[0m
  console.error
    Global Error Handler: {
      error: Error: Invalid limit
          at handleValidationErrors (C:\Apps\Brian\src\api\v1\projects\routes.js:16:17)
          at Layer.handleRequest (C:\Apps\Brian\node_modules\router\lib\layer.js:152:17)
          at next (C:\Apps\Brian\node_modules\router\lib\route.js:157:13)
          at middleware (C:\Apps\Brian\node_modules\express-validator\lib\middlewares\check.js:16:13)
          at processTicksAndRejections (node:internal/process/task_queues:105:5) {
        statusCode: 400,
        errors: [ [Object] ]
      },
      message: 'Invalid limit',
      statusCode: 400,
      name: 'Error',
      stack: 'Error: Invalid limit\n' +
        '    at handleValidationErrors (C:\\Apps\\Brian\\src\\api\\v1\\projects\\routes.js:16:17)\n' +
        '    at Layer.handleRequest (C:\\Apps\\Brian\\node_modules\\router\\lib\\layer.js:152:17)\n' +
        '    at next (C:\\Apps\\Brian\\node_modules\\router\\lib\\route.js:157:13)\n' +
        '    at middleware (C:\\Apps\\Brian\\node_modules\\express-validator\\lib\\middlewares\\check.js:16:13)\n' +
        '    at processTicksAndRejections (node:internal/process/task_queues:105:5)',
      path: '/api/v1/projects/2/people',
      method: 'GET'
    }

    [0m [90m  8 |[39m   
     [90m  9 |[39m   [90m// Enhanced logging for debugging[39m
    [31m[1m>[22m[39m[90m 10 |[39m   console[33m.[39merror([32m'Global Error Handler:'[39m[33m,[39m {
     [90m    |[39m           [31m[1m^[22m[39m
     [90m 11 |[39m     error[33m:[39m err[33m,[39m
     [90m 12 |[39m     message[33m:[39m err[33m.[39mmessage[33m,[39m
     [90m 13 |[39m     statusCode[33m:[39m statusCode[33m,[39m[0m

      at error (src/middleware/error-handler.js:10:11)
      at Layer.handleError (node_modules/router/lib/layer.js:116:17)
      at trimPrefix (node_modules/router/index.js:340:13)
      at node_modules/router/index.js:297:9
      at processParams (node_modules/router/index.js:582:12)
      at next (node_modules/router/index.js:291:5)
      at node_modules/router/index.js:688:15
      at next (node_modules/router/index.js:276:14)
      at next (node_modules/router/lib/route.js:132:14)
      at Layer.handleError (node_modules/router/lib/layer.js:111:12)
      at next (node_modules/router/lib/route.js:155:13)
      at next (src/api/v1/projects/routes.js:19:12)
      at Layer.handleRequest (node_modules/router/lib/layer.js:152:17)
      at next (node_modules/router/lib/route.js:157:13)
      at middleware (node_modules/express-validator/lib/middlewares/check.js:16:13)

[0mGET /api/v1/projects/2/people?limit=ten [33m400[0m 4.139 ms - 41[0m
  console.log
    Shared test resources destroyed.

      at Object.log (tests/integration/projects.read.test.js:158:16)

  console.log
    Test user 999 destroyed.

      at Object.log (tests/integration/projects.read.test.js:166:15)

  console.log
    Test DB Connection has been closed successfully.

      at Object.log (tests/setup.js:31:13)

PASS tests/integration/projects.read.test.js
  Projects API - Read Operations (Integration)
    GET /api/v1/projects
      ΓêÜ should return 401 Unauthorized if no token is provided (22 ms)
      ΓêÜ should return 401 Unauthorized if an invalid token is provided (16 ms)
      ΓêÜ should return 200 OK and a list of projects for an authenticated user (29 ms)
      ΓêÜ should handle pagination parameters (limit, offset) (13 ms)
      ΓêÜ should return 400 Bad Request for invalid pagination parameters (negative limit) (15 ms)
      ΓêÜ should return 400 Bad Request for invalid pagination parameters (non-numeric offset) (10 ms)
      ΓêÜ should return 400 Bad Request for invalid filter parameters (example) (8 ms)
      ΓêÜ should return 400 Bad Request for invalid sort parameters (invalid field) (11 ms)
      ΓêÜ should return 400 Bad Request for invalid sort parameters (invalid order) (14 ms)
    GET /api/v1/projects/:id
      ΓêÜ should return 401 Unauthorized if no token is provided (4 ms)
      ΓêÜ should return 401 Unauthorized if an invalid token is provided (12 ms)
      ΓêÜ should return 400 Bad Request for an invalid (non-numeric) project ID (10 ms)
      ΓêÜ should return 404 Not Found for a non-existent project ID (27 ms)
      ΓêÜ should return 200 OK and the project details for a valid ID (8 ms)
      ΓêÜ should handle the "fields" query parameter (7 ms)
    GET /api/v1/projects/:id/tasks
      ΓêÜ should return 401 Unauthorized if no token is provided (3 ms)
      ΓêÜ should return 401 Unauthorized if an invalid token is provided (13 ms)
      ΓêÜ should return 400 Bad Request if the project ID is invalid (non-numeric) (7 ms)
      ΓêÜ should return 404 Not Found if the project ID does not exist (9 ms)
      ΓêÜ should return 200 OK and a list of tasks for a valid project ID (13 ms)
      ΓêÜ should handle pagination parameters for tasks (13 ms)
      ΓêÜ should return 400 Bad Request for invalid pagination parameters (negative offset) (8 ms)
      ΓêÜ should return 400 Bad Request for invalid pagination parameters (non-numeric limit) (8 ms)
    GET /api/v1/projects/:id/jobs
      ΓêÜ should return 401 Unauthorized if no token is provided (3 ms)
      ΓêÜ should return 401 Unauthorized if an invalid token is provided (10 ms)
      ΓêÜ should return 400 Bad Request if the project ID is invalid (non-numeric) (10 ms)
      ΓêÜ should return 404 Not Found if the project ID does not exist (11 ms)
      ΓêÜ should return 200 OK and a list of jobs for a valid project ID (9 ms)
      ΓêÜ should handle pagination parameters for jobs (7 ms)
      ΓêÜ should return 400 Bad Request for invalid pagination parameters (negative limit) (8 ms)
      ΓêÜ should return 400 Bad Request for invalid pagination parameters (non-numeric offset) (7 ms)
    GET /api/v1/projects/:id/people
      ΓêÜ should return 401 Unauthorized if no token is provided (4 ms)
      ΓêÜ should return 401 Unauthorized if an invalid token is provided (9 ms)
      ΓêÜ should return 400 Bad Request if the project ID is invalid (non-numeric) (9 ms)
      ΓêÜ should return 404 Not Found if the project ID does not exist (8 ms)
      ΓêÜ should return 200 OK and a list of assigned people for a valid project ID (24 ms)
      ΓêÜ should handle pagination parameters for people (16 ms)
      ΓêÜ should return 400 Bad Request for invalid pagination parameters (negative offset) (11 ms)
      ΓêÜ should return 400 Bad Request for invalid pagination parameters (non-numeric limit) (8 ms)

  console.log
    Using TEST environment configuration from ../../config/config.json

      at Object.log (src/models/index.js:22:9)

  console.log
    Associating model: Job

      at log (src/models/index.js:102:13)
          at Array.forEach (<anonymous>)

  console.log
    Associating model: Person

      at log (src/models/index.js:102:13)
          at Array.forEach (<anonymous>)

  console.log
    Associating model: Project

      at log (src/models/index.js:102:13)
          at Array.forEach (<anonymous>)

  console.log
    Associating model: Task

      at log (src/models/index.js:102:13)
          at Array.forEach (<anonymous>)

  console.log
    --- Association Check (Project -> AssignedPeople) ---

      at Object.log (src/models/index.js:109:11)

  console.log
    Association Type: BelongsToMany

      at Object.log (src/models/index.js:110:11)

  console.log
    Target Model: Person

      at Object.log (src/models/index.js:111:11)

  console.log
    Through Model: ProjectAssignment

      at Object.log (src/models/index.js:112:11)

  console.log
    Through Model Table Name: project_assignments

      at Object.log (src/models/index.js:113:11)

  console.log
    Foreign Key: project_id

      at Object.log (src/models/index.js:114:11)

  console.log
    Other Key: user_id

      at Object.log (src/models/index.js:115:11)

  console.log
    ----------------------------------------------------

      at Object.log (src/models/index.js:116:11)

  console.log
    --- ProjectAssignment Model Check ---

      at Object.log (src/models/index.js:122:13)

  console.log
    Model Name: ProjectAssignment

      at Object.log (src/models/index.js:123:13)

  console.log
    Table Name: project_assignments

      at Object.log (src/models/index.js:124:13)

  console.log
    -----------------------------------

      at Object.log (src/models/index.js:125:13)

  console.log
    Test DB Connection has been established successfully.

      at Object.log (tests/setup.js:18:13)

  console.log
    Test status 1 found or created.

      at Object.log (tests/integration/tasks.write.test.js:32:15)

  console.log
    Test users 996 and 995 created or found.

      at Object.log (tests/integration/tasks.write.test.js:48:15)

  console.log
    Test project 4 created.

      at Object.log (tests/integration/tasks.write.test.js:61:17)

[0mPOST /api/v1/tasks [33m401[0m 11.880 ms - 61[0m
  console.error
    Authentication error: jwt malformed

    [0m [90m 67 |[39m   } [36mcatch[39m (error) {
     [90m 68 |[39m     [90m// Original error logging (optional to keep error.message)[39m
    [31m[1m>[22m[39m[90m 69 |[39m     console[33m.[39merror([32m'Authentication error:'[39m[33m,[39m error[33m.[39mmessage)[33m;[39m
     [90m    |[39m             [31m[1m^[22m[39m
     [90m 70 |[39m     [36mif[39m (error[33m.[39mname [33m===[39m [32m'TokenExpiredError'[39m) {
     [90m 71 |[39m       [36mreturn[39m res[33m.[39mstatus([35m401[39m)[33m.[39mjson({
     [90m 72 |[39m         success[33m:[39m [36mfalse[39m[33m,[39m[0m

      at error (src/middleware/auth.js:69:13)
      at Layer.handleRequest (node_modules/router/lib/layer.js:152:17)
      at trimPrefix (node_modules/router/index.js:342:13)
      at node_modules/router/index.js:297:9
      at processParams (node_modules/router/index.js:582:12)
      at next (node_modules/router/index.js:291:5)
      at Function.handle (node_modules/router/index.js:186:3)
      at router (node_modules/router/index.js:60:12)
      at Layer.handleRequest (node_modules/router/lib/layer.js:152:17)
      at trimPrefix (node_modules/router/index.js:342:13)
      at node_modules/router/index.js:297:9
      at processParams (node_modules/router/index.js:582:12)
      at next (node_modules/router/index.js:291:5)
      at urlencodedParser (node_modules/body-parser/lib/types/urlencoded.js:57:7)
      at Layer.handleRequest (node_modules/router/lib/layer.js:152:17)
      at trimPrefix (node_modules/router/index.js:342:13)
      at node_modules/router/index.js:297:9
      at processParams (node_modules/router/index.js:582:12)
      at next (node_modules/router/index.js:291:5)
      at node_modules/body-parser/lib/read.js:132:5
      at invokeCallback (node_modules/raw-body/index.js:238:16)
      at done (node_modules/raw-body/index.js:227:7)
      at IncomingMessage.onEnd (node_modules/raw-body/index.js:287:7)

[0mPOST /api/v1/tasks [33m401[0m 3.305 ms - 42[0m
[0mPOST /api/v1/tasks [33m400[0m 3.555 ms - 178[0m
[0mPOST /api/v1/tasks [33m400[0m 1.811 ms - 191[0m
  console.log
    [Service:createTask] Validating FKs for data: {"name":"New Task 1745018534537","description":"A task created during testing","project_id":99999,"status_id":1,"created_by_user_id":996}

      at Object.log [as createTask] (src/api/v1/tasks/service.js:315:17)

  console.log
    [Service:createTask] Checking Project ID: 99999

      at Object.log [as createTask] (src/api/v1/tasks/service.js:317:21)

  console.log
    [Service:createTask] Project ID 99999 exists: false

      at Object.log [as createTask] (src/api/v1/tasks/service.js:319:21)

  console.error
    [Service:createTask] Invalid Project ID detected: 99999. Throwing 400.

    [0m [90m 319 |[39m             console[33m.[39mlog([32m`[Service:createTask] Project ID ${dataToCreate.project_id} exists:`[39m[33m,[39m [33m![39m[33m![39mprojectExists)[33m;[39m
     [90m 320 |[39m             [36mif[39m ([33m![39mprojectExists) {
    [31m[1m>[22m[39m[90m 321 |[39m                 console[33m.[39merror([32m`[Service:createTask] Invalid Project ID detected: ${dataToCreate.project_id}. Throwing 400.`[39m)[33m;[39m [90m// Log before throwing[39m
     [90m     |[39m                         [31m[1m^[22m[39m
     [90m 322 |[39m                 [36mthrow[39m [33mObject[39m[33m.[39massign([36mnew[39m [33mError[39m([32m`Invalid Project ID: ${dataToCreate.project_id}`[39m)[33m,[39m { statusCode[33m:[39m [35m400[39m })[33m;[39m
     [90m 323 |[39m             }
     [90m 324 |[39m         } [36melse[39m {[0m

      at Object.error [as createTask] (src/api/v1/tasks/service.js:321:25)
      at createTask (src/api/v1/tasks/controller.js:61:21)

  console.error
    Error creating task: Error: Invalid Project ID: 99999
        at Object.createTask (C:\Apps\Brian\src\api\v1\tasks\service.js:366:33)
        at processTicksAndRejections (node:internal/process/task_queues:105:5)
        at createTask (C:\Apps\Brian\src\api\v1\tasks\controller.js:61:21) {
      statusCode: 400
    }

    [0m [90m 370 |[39m     }
     [90m 371 |[39m   } [36mcatch[39m (error) {
    [31m[1m>[22m[39m[90m 372 |[39m     console[33m.[39merror([32m'Error creating task:'[39m[33m,[39m error)[33m;[39m
     [90m     |[39m             [31m[1m^[22m[39m
     [90m 373 |[39m     [90m// Re-throw with statusCode if it already has one, otherwise set to 500[39m
     [90m 374 |[39m     [36mif[39m ([33m![39merror[33m.[39mstatusCode) {
     [90m 375 |[39m         error[33m.[39mstatusCode [33m=[39m [35m500[39m[33m;[39m[0m

      at Object.error [as createTask] (src/api/v1/tasks/service.js:372:13)
      at createTask (src/api/v1/tasks/controller.js:61:21)

  console.error
    Controller createTask Catch: {
      message: 'Invalid Project ID: 99999',
      statusCode: 400,
      stack: 'Error: Invalid Project ID: 99999\n' +
        '    at Object.createTask (C:\\Apps\\Brian\\src\\api\\v1\\tasks\\service.js:366:33)\n' +
        '    at processTicksAndRejections (node:internal/process/task_queues:105:5)\n' +
        '    at createTask (C:\\Apps\\Brian\\src\\api\\v1\\tasks\\controller.js:61:21)'
    }

    [0m [90m 67 |[39m   } [36mcatch[39m (error) {
     [90m 68 |[39m     [90m// Add detailed logging for debugging[39m
    [31m[1m>[22m[39m[90m 69 |[39m     console[33m.[39merror([32m'Controller createTask Catch:'[39m[33m,[39m {
     [90m    |[39m             [31m[1m^[22m[39m
     [90m 70 |[39m       message[33m:[39m error[33m.[39mmessage[33m,[39m
     [90m 71 |[39m       statusCode[33m:[39m error[33m.[39mstatusCode[33m,[39m
     [90m 72 |[39m       stack[33m:[39m error[33m.[39mstack[0m

      at error (src/api/v1/tasks/controller.js:69:13)

  console.error
    handleError: {
      error: Error: Invalid Project ID: 99999
          at Object.createTask (C:\Apps\Brian\src\api\v1\tasks\service.js:366:33)
          at processTicksAndRejections (node:internal/process/task_queues:105:5)
          at createTask (C:\Apps\Brian\src\api\v1\tasks\controller.js:61:21) {
        statusCode: 400
      },
      status: 400,
      message: 'Invalid Project ID: 99999',
      name: 'Error',
      stack: 'Error: Invalid Project ID: 99999\n' +
        '    at Object.createTask (C:\\Apps\\Brian\\src\\api\\v1\\tasks\\service.js:366:33)\n' +
        '    at processTicksAndRejections (node:internal/process/task_queues:105:5)\n' +
        '    at createTask (C:\\Apps\\Brian\\src\\api\\v1\\tasks\\controller.js:61:21)'
    }

    [0m [90m 47 |[39m   
     [90m 48 |[39m   [90m// Enhanced logging for debugging purposes[39m
    [31m[1m>[22m[39m[90m 49 |[39m   console[33m.[39merror([32m'handleError:'[39m[33m,[39m {
     [90m    |[39m           [31m[1m^[22m[39m
     [90m 50 |[39m     error[33m:[39m error[33m,[39m
     [90m 51 |[39m     status[33m:[39m statusCode[33m,[39m
     [90m 52 |[39m     message[33m:[39m error[33m.[39mmessage[33m,[39m[0m

      at error (src/utils/responseHandlers.js:49:11)
      at handleError (src/api/v1/tasks/controller.js:75:5)

[0mPOST /api/v1/tasks [33m400[0m 52.793 ms - 53[0m
  console.log
    [Service:createTask] Validating FKs for data: {"name":"New Task 1745018534594","description":"A task created during testing","project_id":4,"status_id":99999,"created_by_user_id":996}

      at Object.log [as createTask] (src/api/v1/tasks/service.js:315:17)

  console.log
    [Service:createTask] Checking Project ID: 4

      at Object.log [as createTask] (src/api/v1/tasks/service.js:317:21)

  console.log
    [Service:createTask] Project ID 4 exists: true

      at Object.log [as createTask] (src/api/v1/tasks/service.js:319:21)

  console.log
    [Service:createTask] Checking Status ID: 99999

      at Object.log [as createTask] (src/api/v1/tasks/service.js:329:21)

  console.log
    [Service:createTask] Status ID 99999 exists: false

      at Object.log [as createTask] (src/api/v1/tasks/service.js:331:21)

  console.error
    [Service:createTask] Invalid Status ID detected: 99999. Throwing 400.

    [0m [90m 331 |[39m             console[33m.[39mlog([32m`[Service:createTask] Status ID ${dataToCreate.status_id} exists:`[39m[33m,[39m [33m![39m[33m![39mstatusExists)[33m;[39m
     [90m 332 |[39m             [36mif[39m ([33m![39mstatusExists) {
    [31m[1m>[22m[39m[90m 333 |[39m                 console[33m.[39merror([32m`[Service:createTask] Invalid Status ID detected: ${dataToCreate.status_id}. Throwing 400.`[39m)[33m;[39m [90m// Log before throwing[39m
     [90m     |[39m                         [31m[1m^[22m[39m
     [90m 334 |[39m                 [36mthrow[39m [33mObject[39m[33m.[39massign([36mnew[39m [33mError[39m([32m`Invalid Status ID: ${dataToCreate.status_id}`[39m)[33m,[39m { statusCode[33m:[39m [35m400[39m })[33m;[39m
     [90m 335 |[39m             }
     [90m 336 |[39m         } [36melse[39m {[0m

      at Object.error [as createTask] (src/api/v1/tasks/service.js:333:25)
      at createTask (src/api/v1/tasks/controller.js:61:21)

  console.error
    Error creating task: Error: Invalid Status ID: 99999
        at Object.createTask (C:\Apps\Brian\src\api\v1\tasks\service.js:366:33)
        at processTicksAndRejections (node:internal/process/task_queues:105:5)
        at createTask (C:\Apps\Brian\src\api\v1\tasks\controller.js:61:21) {
      statusCode: 400
    }

    [0m [90m 370 |[39m     }
     [90m 371 |[39m   } [36mcatch[39m (error) {
    [31m[1m>[22m[39m[90m 372 |[39m     console[33m.[39merror([32m'Error creating task:'[39m[33m,[39m error)[33m;[39m
     [90m     |[39m             [31m[1m^[22m[39m
     [90m 373 |[39m     [90m// Re-throw with statusCode if it already has one, otherwise set to 500[39m
     [90m 374 |[39m     [36mif[39m ([33m![39merror[33m.[39mstatusCode) {
     [90m 375 |[39m         error[33m.[39mstatusCode [33m=[39m [35m500[39m[33m;[39m[0m

      at Object.error [as createTask] (src/api/v1/tasks/service.js:372:13)
      at createTask (src/api/v1/tasks/controller.js:61:21)

  console.error
    Controller createTask Catch: {
      message: 'Invalid Status ID: 99999',
      statusCode: 400,
      stack: 'Error: Invalid Status ID: 99999\n' +
        '    at Object.createTask (C:\\Apps\\Brian\\src\\api\\v1\\tasks\\service.js:366:33)\n' +
        '    at processTicksAndRejections (node:internal/process/task_queues:105:5)\n' +
        '    at createTask (C:\\Apps\\Brian\\src\\api\\v1\\tasks\\controller.js:61:21)'
    }

    [0m [90m 67 |[39m   } [36mcatch[39m (error) {
     [90m 68 |[39m     [90m// Add detailed logging for debugging[39m
    [31m[1m>[22m[39m[90m 69 |[39m     console[33m.[39merror([32m'Controller createTask Catch:'[39m[33m,[39m {
     [90m    |[39m             [31m[1m^[22m[39m
     [90m 70 |[39m       message[33m:[39m error[33m.[39mmessage[33m,[39m
     [90m 71 |[39m       statusCode[33m:[39m error[33m.[39mstatusCode[33m,[39m
     [90m 72 |[39m       stack[33m:[39m error[33m.[39mstack[0m

      at error (src/api/v1/tasks/controller.js:69:13)

  console.error
    handleError: {
      error: Error: Invalid Status ID: 99999
          at Object.createTask (C:\Apps\Brian\src\api\v1\tasks\service.js:366:33)
          at processTicksAndRejections (node:internal/process/task_queues:105:5)
          at createTask (C:\Apps\Brian\src\api\v1\tasks\controller.js:61:21) {
        statusCode: 400
      },
      status: 400,
      message: 'Invalid Status ID: 99999',
      name: 'Error',
      stack: 'Error: Invalid Status ID: 99999\n' +
        '    at Object.createTask (C:\\Apps\\Brian\\src\\api\\v1\\tasks\\service.js:366:33)\n' +
        '    at processTicksAndRejections (node:internal/process/task_queues:105:5)\n' +
        '    at createTask (C:\\Apps\\Brian\\src\\api\\v1\\tasks\\controller.js:61:21)'
    }

    [0m [90m 47 |[39m   
     [90m 48 |[39m   [90m// Enhanced logging for debugging purposes[39m
    [31m[1m>[22m[39m[90m 49 |[39m   console[33m.[39merror([32m'handleError:'[39m[33m,[39m {
     [90m    |[39m           [31m[1m^[22m[39m
     [90m 50 |[39m     error[33m:[39m error[33m,[39m
     [90m 51 |[39m     status[33m:[39m statusCode[33m,[39m
     [90m 52 |[39m     message[33m:[39m error[33m.[39mmessage[33m,[39m[0m

      at error (src/utils/responseHandlers.js:49:11)
      at handleError (src/api/v1/tasks/controller.js:75:5)

[0mPOST /api/v1/tasks [33m400[0m 15.521 ms - 52[0m
  console.log
    [Service:createTask] Validating FKs for data: {"name":"New Task 1745018534614","description":"A task created during testing","project_id":4,"status_id":1,"created_by_user_id":996}

      at Object.log [as createTask] (src/api/v1/tasks/service.js:315:17)

  console.log
    [Service:createTask] Checking Project ID: 4

      at Object.log [as createTask] (src/api/v1/tasks/service.js:317:21)

  console.log
    [Service:createTask] Project ID 4 exists: true

      at Object.log [as createTask] (src/api/v1/tasks/service.js:319:21)

  console.log
    [Service:createTask] Checking Status ID: 1

      at Object.log [as createTask] (src/api/v1/tasks/service.js:329:21)

  console.log
    [Service:createTask] Status ID 1 exists: true

      at Object.log [as createTask] (src/api/v1/tasks/service.js:331:21)

  console.log
    [Service:createTask] FK Validation passed. Attempting Task.create...

      at Object.log [as createTask] (src/api/v1/tasks/service.js:341:17)

  console.log
    [Service:createTask] Task.create successful. Task ID: 2

      at Object.log [as createTask] (src/api/v1/tasks/service.js:343:17)

[0mPOST /api/v1/tasks [32m201[0m 12.566 ms - 448[0m
  console.log
    Cleaned up tasks: 2

      at Object.log (tests/integration/tasks.write.test.js:88:17)

  console.log
    Created task 3 for PUT test.

      at Object.log (tests/integration/tasks.write.test.js:256:17)

[0mPUT /api/v1/tasks/3 [33m401[0m 0.545 ms - 61[0m
  console.log
    Cleaned up tasks: 3

      at Object.log (tests/integration/tasks.write.test.js:88:17)

  console.log
    Created task 4 for PUT test.

      at Object.log (tests/integration/tasks.write.test.js:256:17)

  console.error
    Authentication error: jwt malformed

    [0m [90m 67 |[39m   } [36mcatch[39m (error) {
     [90m 68 |[39m     [90m// Original error logging (optional to keep error.message)[39m
    [31m[1m>[22m[39m[90m 69 |[39m     console[33m.[39merror([32m'Authentication error:'[39m[33m,[39m error[33m.[39mmessage)[33m;[39m
     [90m    |[39m             [31m[1m^[22m[39m
     [90m 70 |[39m     [36mif[39m (error[33m.[39mname [33m===[39m [32m'TokenExpiredError'[39m) {
     [90m 71 |[39m       [36mreturn[39m res[33m.[39mstatus([35m401[39m)[33m.[39mjson({
     [90m 72 |[39m         success[33m:[39m [36mfalse[39m[33m,[39m[0m

      at error (src/middleware/auth.js:69:13)
      at Layer.handleRequest (node_modules/router/lib/layer.js:152:17)
      at trimPrefix (node_modules/router/index.js:342:13)
      at node_modules/router/index.js:297:9
      at processParams (node_modules/router/index.js:582:12)
      at next (node_modules/router/index.js:291:5)
      at Function.handle (node_modules/router/index.js:186:3)
      at router (node_modules/router/index.js:60:12)
      at Layer.handleRequest (node_modules/router/lib/layer.js:152:17)
      at trimPrefix (node_modules/router/index.js:342:13)
      at node_modules/router/index.js:297:9
      at processParams (node_modules/router/index.js:582:12)
      at next (node_modules/router/index.js:291:5)
      at urlencodedParser (node_modules/body-parser/lib/types/urlencoded.js:57:7)
      at Layer.handleRequest (node_modules/router/lib/layer.js:152:17)
      at trimPrefix (node_modules/router/index.js:342:13)
      at node_modules/router/index.js:297:9
      at processParams (node_modules/router/index.js:582:12)
      at next (node_modules/router/index.js:291:5)
      at node_modules/body-parser/lib/read.js:132:5
      at invokeCallback (node_modules/raw-body/index.js:238:16)
      at done (node_modules/raw-body/index.js:227:7)
      at IncomingMessage.onEnd (node_modules/raw-body/index.js:287:7)

[0mPUT /api/v1/tasks/4 [33m401[0m 2.865 ms - 42[0m
  console.log
    Cleaned up tasks: 4

      at Object.log (tests/integration/tasks.write.test.js:88:17)

  console.log
    Created task 5 for PUT test.

      at Object.log (tests/integration/tasks.write.test.js:256:17)

[0mPUT /api/v1/tasks/abc [33m400[0m 2.155 ms - 43[0m
  console.log
    Cleaned up tasks: 5

      at Object.log (tests/integration/tasks.write.test.js:88:17)

  console.log
    Created task 6 for PUT test.

      at Object.log (tests/integration/tasks.write.test.js:256:17)

  console.error
    Error updating task ID 999999: Error: Task with ID 999999 not found.
        at Object.updateTask (C:\Apps\Brian\src\api\v1\tasks\service.js:393:27)
        at processTicksAndRejections (node:internal/process/task_queues:105:5)
        at updateTask (C:\Apps\Brian\src\api\v1\tasks\controller.js:95:25) {
      statusCode: 404
    }

    [0m [90m 461 |[39m     }
     [90m 462 |[39m   } [36mcatch[39m (error) {
    [31m[1m>[22m[39m[90m 463 |[39m     console[33m.[39merror([32m`Error updating task ID ${taskId}:`[39m[33m,[39m error)[33m;[39m
     [90m     |[39m             [31m[1m^[22m[39m
     [90m 464 |[39m     [90m// Re-throw with statusCode if it already has one, otherwise set to 500[39m
     [90m 465 |[39m     [36mif[39m ([33m![39merror[33m.[39mstatusCode) {
     [90m 466 |[39m         error[33m.[39mstatusCode [33m=[39m [35m500[39m[33m;[39m[0m

      at Object.error [as updateTask] (src/api/v1/tasks/service.js:463:13)
      at updateTask (src/api/v1/tasks/controller.js:95:25)

  console.error
    Controller updateTask Catch: {
      message: 'Task with ID 999999 not found.',
      statusCode: 404,
      stack: 'Error: Task with ID 999999 not found.\n' +
        '    at Object.updateTask (C:\\Apps\\Brian\\src\\api\\v1\\tasks\\service.js:393:27)\n' +
        '    at processTicksAndRejections (node:internal/process/task_queues:105:5)\n' +
        '    at updateTask (C:\\Apps\\Brian\\src\\api\\v1\\tasks\\controller.js:95:25)'
    }

    [0m [90m 100 |[39m   } [36mcatch[39m (error) {
     [90m 101 |[39m     [90m// Add detailed logging for debugging[39m
    [31m[1m>[22m[39m[90m 102 |[39m     console[33m.[39merror([32m'Controller updateTask Catch:'[39m[33m,[39m {
     [90m     |[39m             [31m[1m^[22m[39m
     [90m 103 |[39m       message[33m:[39m error[33m.[39mmessage[33m,[39m
     [90m 104 |[39m       statusCode[33m:[39m error[33m.[39mstatusCode[33m,[39m
     [90m 105 |[39m       stack[33m:[39m error[33m.[39mstack[0m

      at error (src/api/v1/tasks/controller.js:102:13)

  console.error
    handleError: {
      error: Error: Task with ID 999999 not found.
          at Object.updateTask (C:\Apps\Brian\src\api\v1\tasks\service.js:393:27)
          at processTicksAndRejections (node:internal/process/task_queues:105:5)
          at updateTask (C:\Apps\Brian\src\api\v1\tasks\controller.js:95:25) {
        statusCode: 404
      },
      status: 404,
      message: 'Task with ID 999999 not found.',
      name: 'Error',
      stack: 'Error: Task with ID 999999 not found.\n' +
        '    at Object.updateTask (C:\\Apps\\Brian\\src\\api\\v1\\tasks\\service.js:393:27)\n' +
        '    at processTicksAndRejections (node:internal/process/task_queues:105:5)\n' +
        '    at updateTask (C:\\Apps\\Brian\\src\\api\\v1\\tasks\\controller.js:95:25)'
    }

    [0m [90m 47 |[39m   
     [90m 48 |[39m   [90m// Enhanced logging for debugging purposes[39m
    [31m[1m>[22m[39m[90m 49 |[39m   console[33m.[39merror([32m'handleError:'[39m[33m,[39m {
     [90m    |[39m           [31m[1m^[22m[39m
     [90m 50 |[39m     error[33m:[39m error[33m,[39m
     [90m 51 |[39m     status[33m:[39m statusCode[33m,[39m
     [90m 52 |[39m     message[33m:[39m error[33m.[39mmessage[33m,[39m[0m

      at error (src/utils/responseHandlers.js:49:11)
      at handleError (src/api/v1/tasks/controller.js:108:5)

[0mPUT /api/v1/tasks/999999 [33m404[0m 9.445 ms - 58[0m
  console.log
    Cleaned up tasks: 6

      at Object.log (tests/integration/tasks.write.test.js:88:17)

  console.log
    Created task 7 for PUT test.

      at Object.log (tests/integration/tasks.write.test.js:256:17)

[0mPUT /api/v1/tasks/7 [33m400[0m 1.673 ms - 65[0m
  console.log
    Cleaned up tasks: 7

      at Object.log (tests/integration/tasks.write.test.js:88:17)

  console.log
    Created task 8 for PUT test.

      at Object.log (tests/integration/tasks.write.test.js:256:17)

  console.error
    Error updating task ID 8: Error: Invalid Status ID: 99999
        at Object.updateTask (C:\Apps\Brian\src\api\v1\tasks\service.js:457:33)
        at processTicksAndRejections (node:internal/process/task_queues:105:5)
        at updateTask (C:\Apps\Brian\src\api\v1\tasks\controller.js:95:25) {
      statusCode: 400
    }

    [0m [90m 461 |[39m     }
     [90m 462 |[39m   } [36mcatch[39m (error) {
    [31m[1m>[22m[39m[90m 463 |[39m     console[33m.[39merror([32m`Error updating task ID ${taskId}:`[39m[33m,[39m error)[33m;[39m
     [90m     |[39m             [31m[1m^[22m[39m
     [90m 464 |[39m     [90m// Re-throw with statusCode if it already has one, otherwise set to 500[39m
     [90m 465 |[39m     [36mif[39m ([33m![39merror[33m.[39mstatusCode) {
     [90m 466 |[39m         error[33m.[39mstatusCode [33m=[39m [35m500[39m[33m;[39m[0m

      at Object.error [as updateTask] (src/api/v1/tasks/service.js:463:13)
      at updateTask (src/api/v1/tasks/controller.js:95:25)

  console.error
    Controller updateTask Catch: {
      message: 'Invalid Status ID: 99999',
      statusCode: 400,
      stack: 'Error: Invalid Status ID: 99999\n' +
        '    at Object.updateTask (C:\\Apps\\Brian\\src\\api\\v1\\tasks\\service.js:457:33)\n' +
        '    at processTicksAndRejections (node:internal/process/task_queues:105:5)\n' +
        '    at updateTask (C:\\Apps\\Brian\\src\\api\\v1\\tasks\\controller.js:95:25)'
    }

    [0m [90m 100 |[39m   } [36mcatch[39m (error) {
     [90m 101 |[39m     [90m// Add detailed logging for debugging[39m
    [31m[1m>[22m[39m[90m 102 |[39m     console[33m.[39merror([32m'Controller updateTask Catch:'[39m[33m,[39m {
     [90m     |[39m             [31m[1m^[22m[39m
     [90m 103 |[39m       message[33m:[39m error[33m.[39mmessage[33m,[39m
     [90m 104 |[39m       statusCode[33m:[39m error[33m.[39mstatusCode[33m,[39m
     [90m 105 |[39m       stack[33m:[39m error[33m.[39mstack[0m

      at error (src/api/v1/tasks/controller.js:102:13)

  console.error
    handleError: {
      error: Error: Invalid Status ID: 99999
          at Object.updateTask (C:\Apps\Brian\src\api\v1\tasks\service.js:457:33)
          at processTicksAndRejections (node:internal/process/task_queues:105:5)
          at updateTask (C:\Apps\Brian\src\api\v1\tasks\controller.js:95:25) {
        statusCode: 400
      },
      status: 400,
      message: 'Invalid Status ID: 99999',
      name: 'Error',
      stack: 'Error: Invalid Status ID: 99999\n' +
        '    at Object.updateTask (C:\\Apps\\Brian\\src\\api\\v1\\tasks\\service.js:457:33)\n' +
        '    at processTicksAndRejections (node:internal/process/task_queues:105:5)\n' +
        '    at updateTask (C:\\Apps\\Brian\\src\\api\\v1\\tasks\\controller.js:95:25)'
    }

    [0m [90m 47 |[39m   
     [90m 48 |[39m   [90m// Enhanced logging for debugging purposes[39m
    [31m[1m>[22m[39m[90m 49 |[39m   console[33m.[39merror([32m'handleError:'[39m[33m,[39m {
     [90m    |[39m           [31m[1m^[22m[39m
     [90m 50 |[39m     error[33m:[39m error[33m,[39m
     [90m 51 |[39m     status[33m:[39m statusCode[33m,[39m
     [90m 52 |[39m     message[33m:[39m error[33m.[39mmessage[33m,[39m[0m

      at error (src/utils/responseHandlers.js:49:11)
      at handleError (src/api/v1/tasks/controller.js:108:5)

[0mPUT /api/v1/tasks/8 [33m400[0m 10.041 ms - 52[0m
  console.log
    Cleaned up tasks: 8

      at Object.log (tests/integration/tasks.write.test.js:88:17)

  console.log
    Created task 9 for PUT test.

      at Object.log (tests/integration/tasks.write.test.js:256:17)

[0mPUT /api/v1/tasks/9 [32m200[0m 5.660 ms - 440[0m
  console.log
    Cleaned up tasks: 9

      at Object.log (tests/integration/tasks.write.test.js:88:17)

  console.log
    Created task 10 for PUT test.

      at Object.log (tests/integration/tasks.write.test.js:256:17)

  console.log
    Ignoring attempt to update immutable field project_id from 4 to 99999

      at Object.log [as updateTask] (src/api/v1/tasks/service.js:427:21)

[0mPUT /api/v1/tasks/10 [32m200[0m 4.776 ms - 441[0m
  console.log
    Cleaned up tasks: 10

      at Object.log (tests/integration/tasks.write.test.js:88:17)

  console.log
    Created task 11 for DELETE test.

      at Object.log (tests/integration/tasks.write.test.js:406:17)

[0mDELETE /api/v1/tasks/11 [33m401[0m 0.250 ms - 61[0m
  console.log
    Cleaned up tasks: 11

      at Object.log (tests/integration/tasks.write.test.js:88:17)

  console.log
    Created task 12 for DELETE test.

      at Object.log (tests/integration/tasks.write.test.js:406:17)

  console.error
    Authentication error: jwt malformed

    [0m [90m 67 |[39m   } [36mcatch[39m (error) {
     [90m 68 |[39m     [90m// Original error logging (optional to keep error.message)[39m
    [31m[1m>[22m[39m[90m 69 |[39m     console[33m.[39merror([32m'Authentication error:'[39m[33m,[39m error[33m.[39mmessage)[33m;[39m
     [90m    |[39m             [31m[1m^[22m[39m
     [90m 70 |[39m     [36mif[39m (error[33m.[39mname [33m===[39m [32m'TokenExpiredError'[39m) {
     [90m 71 |[39m       [36mreturn[39m res[33m.[39mstatus([35m401[39m)[33m.[39mjson({
     [90m 72 |[39m         success[33m:[39m [36mfalse[39m[33m,[39m[0m

      at error (src/middleware/auth.js:69:13)
      at Layer.handleRequest (node_modules/router/lib/layer.js:152:17)
      at trimPrefix (node_modules/router/index.js:342:13)
      at node_modules/router/index.js:297:9
      at processParams (node_modules/router/index.js:582:12)
      at next (node_modules/router/index.js:291:5)
      at Function.handle (node_modules/router/index.js:186:3)
      at router (node_modules/router/index.js:60:12)
      at Layer.handleRequest (node_modules/router/lib/layer.js:152:17)
      at trimPrefix (node_modules/router/index.js:342:13)
      at node_modules/router/index.js:297:9
      at processParams (node_modules/router/index.js:582:12)
      at next (node_modules/router/index.js:291:5)
      at urlencodedParser (node_modules/body-parser/lib/types/urlencoded.js:68:7)
      at Layer.handleRequest (node_modules/router/lib/layer.js:152:17)
      at trimPrefix (node_modules/router/index.js:342:13)
      at node_modules/router/index.js:297:9
      at processParams (node_modules/router/index.js:582:12)
      at next (node_modules/router/index.js:291:5)
      at jsonParser (node_modules/body-parser/lib/types/json.js:100:7)
      at Layer.handleRequest (node_modules/router/lib/layer.js:152:17)
      at trimPrefix (node_modules/router/index.js:342:13)
      at node_modules/router/index.js:297:9
      at processParams (node_modules/router/index.js:582:12)
      at next (node_modules/router/index.js:291:5)
      at logger (node_modules/morgan/index.js:144:5)
      at Layer.handleRequest (node_modules/router/lib/layer.js:152:17)
      at trimPrefix (node_modules/router/index.js:342:13)
      at node_modules/router/index.js:297:9
      at processParams (node_modules/router/index.js:582:12)
      at next (node_modules/router/index.js:291:5)
      at internalNext (node_modules/helmet/index.cjs:531:6)
      at xXssProtectionMiddleware (node_modules/helmet/index.cjs:311:3)
      at internalNext (node_modules/helmet/index.cjs:529:6)
      at xPoweredByMiddleware (node_modules/helmet/index.cjs:304:3)
      at internalNext (node_modules/helmet/index.cjs:529:6)
      at xPermittedCrossDomainPoliciesMiddleware (node_modules/helmet/index.cjs:297:3)
      at internalNext (node_modules/helmet/index.cjs:529:6)
      at xFrameOptionsMiddleware (node_modules/helmet/index.cjs:281:3)
      at internalNext (node_modules/helmet/index.cjs:529:6)
      at xDownloadOptionsMiddleware (node_modules/helmet/index.cjs:261:3)
      at internalNext (node_modules/helmet/index.cjs:529:6)
      at xDnsPrefetchControlMiddleware (node_modules/helmet/index.cjs:254:3)
      at internalNext (node_modules/helmet/index.cjs:529:6)
      at xContentTypeOptionsMiddleware (node_modules/helmet/index.cjs:246:3)
      at internalNext (node_modules/helmet/index.cjs:529:6)
      at strictTransportSecurityMiddleware (node_modules/helmet/index.cjs:239:3)
      at internalNext (node_modules/helmet/index.cjs:529:6)
      at referrerPolicyMiddleware (node_modules/helmet/index.cjs:207:3)
      at internalNext (node_modules/helmet/index.cjs:529:6)
      at originAgentClusterMiddleware (node_modules/helmet/index.cjs:182:3)
      at internalNext (node_modules/helmet/index.cjs:529:6)
      at crossOriginResourcePolicyMiddleware (node_modules/helmet/index.cjs:175:3)
      at internalNext (node_modules/helmet/index.cjs:529:6)
      at crossOriginOpenerPolicyMiddleware (node_modules/helmet/index.cjs:159:3)
      at internalNext (node_modules/helmet/index.cjs:529:6)
      at contentSecurityPolicyMiddleware (node_modules/helmet/index.cjs:124:4)
      at internalNext (node_modules/helmet/index.cjs:529:6)
      at helmetMiddleware (node_modules/helmet/index.cjs:533:6)
      at Layer.handleRequest (node_modules/router/lib/layer.js:152:17)
      at trimPrefix (node_modules/router/index.js:342:13)
      at node_modules/router/index.js:297:9
      at processParams (node_modules/router/index.js:582:12)
      at next (node_modules/router/index.js:291:5)
      at cors (node_modules/cors/lib/index.js:188:7)
      at node_modules/cors/lib/index.js:224:17
      at originCallback (node_modules/cors/lib/index.js:214:15)
      at node_modules/cors/lib/index.js:219:13
      at optionsCallback (node_modules/cors/lib/index.js:199:9)
      at corsMiddleware (node_modules/cors/lib/index.js:204:7)
      at Layer.handleRequest (node_modules/router/lib/layer.js:152:17)
      at trimPrefix (node_modules/router/index.js:342:13)
      at node_modules/router/index.js:297:9
      at processParams (node_modules/router/index.js:582:12)
      at next (node_modules/router/index.js:291:5)
      at Function.handle (node_modules/router/index.js:186:3)
      at Function.handle (node_modules/express/lib/application.js:177:15)
      at Server.app (node_modules/express/lib/express.js:38:9)

[0mDELETE /api/v1/tasks/12 [33m401[0m 5.117 ms - 42[0m
  console.log
    Cleaned up tasks: 12

      at Object.log (tests/integration/tasks.write.test.js:88:17)

  console.log
    Created task 13 for DELETE test.

      at Object.log (tests/integration/tasks.write.test.js:406:17)

[0mDELETE /api/v1/tasks/abc [33m400[0m 1.295 ms - 43[0m
  console.log
    Cleaned up tasks: 13

      at Object.log (tests/integration/tasks.write.test.js:88:17)

  console.log
    Created task 14 for DELETE test.

      at Object.log (tests/integration/tasks.write.test.js:406:17)

  console.error
    Error deleting task ID 999999: Error: Task with ID 999999 not found.
        at Object.deleteTask (C:\Apps\Brian\src\api\v1\tasks\service.js:488:27)
        at processTicksAndRejections (node:internal/process/task_queues:105:5)
        at deleteTask (C:\Apps\Brian\src\api\v1\tasks\controller.js:123:5) {
      statusCode: 404
    }

    [0m [90m 512 |[39m   } [36mcatch[39m (error) {
     [90m 513 |[39m     [90m// await transaction.rollback(); // Rollback on error if using transaction[39m
    [31m[1m>[22m[39m[90m 514 |[39m     console[33m.[39merror([32m`Error deleting task ID ${taskId}:`[39m[33m,[39m error)[33m;[39m
     [90m     |[39m             [31m[1m^[22m[39m
     [90m 515 |[39m     [90m// Ensure statusCode is set if not already present (but respect existing 404)[39m
     [90m 516 |[39m     [36mif[39m ([33m![39merror[33m.[39mstatusCode) {
     [90m 517 |[39m         [36mif[39m (error[33m.[39mname [33m===[39m [32m'SequelizeForeignKeyConstraintError'[39m) {[0m

      at Object.error [as deleteTask] (src/api/v1/tasks/service.js:514:13)
      at deleteTask (src/api/v1/tasks/controller.js:123:5)

  console.error
    Controller deleteTask Catch: {
      message: 'Task with ID 999999 not found.',
      statusCode: 404,
      stack: 'Error: Task with ID 999999 not found.\n' +
        '    at Object.deleteTask (C:\\Apps\\Brian\\src\\api\\v1\\tasks\\service.js:488:27)\n' +
        '    at processTicksAndRejections (node:internal/process/task_queues:105:5)\n' +
        '    at deleteTask (C:\\Apps\\Brian\\src\\api\\v1\\tasks\\controller.js:123:5)'
    }

    [0m [90m 127 |[39m   } [36mcatch[39m (error) {
     [90m 128 |[39m     [90m// Add detailed logging for debugging[39m
    [31m[1m>[22m[39m[90m 129 |[39m     console[33m.[39merror([32m'Controller deleteTask Catch:'[39m[33m,[39m {
     [90m     |[39m             [31m[1m^[22m[39m
     [90m 130 |[39m       message[33m:[39m error[33m.[39mmessage[33m,[39m
     [90m 131 |[39m       statusCode[33m:[39m error[33m.[39mstatusCode[33m,[39m
     [90m 132 |[39m       stack[33m:[39m error[33m.[39mstack[0m

      at error (src/api/v1/tasks/controller.js:129:13)

  console.error
    handleError: {
      error: Error: Task with ID 999999 not found.
          at Object.deleteTask (C:\Apps\Brian\src\api\v1\tasks\service.js:488:27)
          at processTicksAndRejections (node:internal/process/task_queues:105:5)
          at deleteTask (C:\Apps\Brian\src\api\v1\tasks\controller.js:123:5) {
        statusCode: 404
      },
      status: 404,
      message: 'Task with ID 999999 not found.',
      name: 'Error',
      stack: 'Error: Task with ID 999999 not found.\n' +
        '    at Object.deleteTask (C:\\Apps\\Brian\\src\\api\\v1\\tasks\\service.js:488:27)\n' +
        '    at processTicksAndRejections (node:internal/process/task_queues:105:5)\n' +
        '    at deleteTask (C:\\Apps\\Brian\\src\\api\\v1\\tasks\\controller.js:123:5)'
    }

    [0m [90m 47 |[39m   
     [90m 48 |[39m   [90m// Enhanced logging for debugging purposes[39m
    [31m[1m>[22m[39m[90m 49 |[39m   console[33m.[39merror([32m'handleError:'[39m[33m,[39m {
     [90m    |[39m           [31m[1m^[22m[39m
     [90m 50 |[39m     error[33m:[39m error[33m,[39m
     [90m 51 |[39m     status[33m:[39m statusCode[33m,[39m
     [90m 52 |[39m     message[33m:[39m error[33m.[39mmessage[33m,[39m[0m

      at error (src/utils/responseHandlers.js:49:11)
      at handleError (src/api/v1/tasks/controller.js:135:5)

[0mDELETE /api/v1/tasks/999999 [33m404[0m 8.202 ms - 58[0m
  console.log
    Cleaned up tasks: 14

      at Object.log (tests/integration/tasks.write.test.js:88:17)

  console.log
    Created task 15 for DELETE test.

      at Object.log (tests/integration/tasks.write.test.js:406:17)

[0mDELETE /api/v1/tasks/15 [32m204[0m 3.215 ms - -[0m
  console.log
    Created task 16 for assignment test.

      at Object.log (tests/integration/tasks.write.test.js:489:17)

[0mPOST /api/v1/tasks/16/assign [33m401[0m 0.409 ms - 61[0m
  console.log
    Cleaned up tasks: 16

      at Object.log (tests/integration/tasks.write.test.js:88:17)

  console.log
    Created task 17 for assignment test.

      at Object.log (tests/integration/tasks.write.test.js:489:17)

[0mPOST /api/v1/tasks/abc/assign [33m400[0m 1.621 ms - 43[0m
  console.log
    Cleaned up tasks: 17

      at Object.log (tests/integration/tasks.write.test.js:88:17)

  console.log
    Created task 18 for assignment test.

      at Object.log (tests/integration/tasks.write.test.js:489:17)

  console.error
    Error assigning user 995 to task 999999: Error: Task with ID 999999 not found.
        at Object.assignUserToTask (C:\Apps\Brian\src\api\v1\tasks\service.js:544:33)
        at processTicksAndRejections (node:internal/process/task_queues:105:5)
        at assignUserToTask (C:\Apps\Brian\src\api\v1\tasks\controller.js:155:37) {
      statusCode: 404
    }

    [0m [90m 583 |[39m
     [90m 584 |[39m     } [36mcatch[39m (error) {
    [31m[1m>[22m[39m[90m 585 |[39m         console[33m.[39merror([32m`Error assigning user ${uId} to task ${tId}:`[39m[33m,[39m error)[33m;[39m
     [90m     |[39m                 [31m[1m^[22m[39m
     [90m 586 |[39m         [90m// Re-throw with statusCode if it already has one, otherwise set to 500[39m
     [90m 587 |[39m         [36mif[39m ([33m![39merror[33m.[39mstatusCode) {
     [90m 588 |[39m             error[33m.[39mstatusCode [33m=[39m [35m500[39m[33m;[39m[0m

      at Object.error [as assignUserToTask] (src/api/v1/tasks/service.js:585:17)
      at assignUserToTask (src/api/v1/tasks/controller.js:155:37)

  console.error
    handleError: {
      error: Error: Task with ID 999999 not found.
          at Object.assignUserToTask (C:\Apps\Brian\src\api\v1\tasks\service.js:544:33)
          at processTicksAndRejections (node:internal/process/task_queues:105:5)
          at assignUserToTask (C:\Apps\Brian\src\api\v1\tasks\controller.js:155:37) {
        statusCode: 404
      },
      status: 404,
      message: 'Task with ID 999999 not found.',
      name: 'Error',
      stack: 'Error: Task with ID 999999 not found.\n' +
        '    at Object.assignUserToTask (C:\\Apps\\Brian\\src\\api\\v1\\tasks\\service.js:544:33)\n' +
        '    at processTicksAndRejections (node:internal/process/task_queues:105:5)\n' +
        '    at assignUserToTask (C:\\Apps\\Brian\\src\\api\\v1\\tasks\\controller.js:155:37)'
    }

    [0m [90m 47 |[39m   
     [90m 48 |[39m   [90m// Enhanced logging for debugging purposes[39m
    [31m[1m>[22m[39m[90m 49 |[39m   console[33m.[39merror([32m'handleError:'[39m[33m,[39m {
     [90m    |[39m           [31m[1m^[22m[39m
     [90m 50 |[39m     error[33m:[39m error[33m,[39m
     [90m 51 |[39m     status[33m:[39m statusCode[33m,[39m
     [90m 52 |[39m     message[33m:[39m error[33m.[39mmessage[33m,[39m[0m

      at error (src/utils/responseHandlers.js:49:11)
      at handleError (src/api/v1/tasks/controller.js:167:5)

[0mPOST /api/v1/tasks/999999/assign [33m404[0m 8.346 ms - 58[0m
  console.log
    Cleaned up tasks: 18

      at Object.log (tests/integration/tasks.write.test.js:88:17)

  console.log
    Created task 19 for assignment test.

      at Object.log (tests/integration/tasks.write.test.js:489:17)

[0mPOST /api/v1/tasks/19/assign [33m400[0m 1.455 ms - 62[0m
  console.log
    Cleaned up tasks: 19

      at Object.log (tests/integration/tasks.write.test.js:88:17)

  console.log
    Created task 20 for assignment test.

      at Object.log (tests/integration/tasks.write.test.js:489:17)

[0mPOST /api/v1/tasks/20/assign [33m400[0m 1.524 ms - 41[0m
  console.log
    Cleaned up tasks: 20

      at Object.log (tests/integration/tasks.write.test.js:88:17)

  console.log
    Created task 21 for assignment test.

      at Object.log (tests/integration/tasks.write.test.js:489:17)

  console.error
    Error assigning user 88888 to task 21: Error: Person with User ID 88888 not found.
        at Object.assignUserToTask (C:\Apps\Brian\src\api\v1\tasks\service.js:550:33)
        at processTicksAndRejections (node:internal/process/task_queues:105:5)
        at assignUserToTask (C:\Apps\Brian\src\api\v1\tasks\controller.js:155:37) {
      statusCode: 404
    }

    [0m [90m 583 |[39m
     [90m 584 |[39m     } [36mcatch[39m (error) {
    [31m[1m>[22m[39m[90m 585 |[39m         console[33m.[39merror([32m`Error assigning user ${uId} to task ${tId}:`[39m[33m,[39m error)[33m;[39m
     [90m     |[39m                 [31m[1m^[22m[39m
     [90m 586 |[39m         [90m// Re-throw with statusCode if it already has one, otherwise set to 500[39m
     [90m 587 |[39m         [36mif[39m ([33m![39merror[33m.[39mstatusCode) {
     [90m 588 |[39m             error[33m.[39mstatusCode [33m=[39m [35m500[39m[33m;[39m[0m

      at Object.error [as assignUserToTask] (src/api/v1/tasks/service.js:585:17)
      at assignUserToTask (src/api/v1/tasks/controller.js:155:37)

  console.error
    handleError: {
      error: Error: Person with User ID 88888 not found.
          at Object.assignUserToTask (C:\Apps\Brian\src\api\v1\tasks\service.js:550:33)
          at processTicksAndRejections (node:internal/process/task_queues:105:5)
          at assignUserToTask (C:\Apps\Brian\src\api\v1\tasks\controller.js:155:37) {
        statusCode: 404
      },
      status: 404,
      message: 'Person with User ID 88888 not found.',
      name: 'Error',
      stack: 'Error: Person with User ID 88888 not found.\n' +
        '    at Object.assignUserToTask (C:\\Apps\\Brian\\src\\api\\v1\\tasks\\service.js:550:33)\n' +
        '    at processTicksAndRejections (node:internal/process/task_queues:105:5)\n' +
        '    at assignUserToTask (C:\\Apps\\Brian\\src\\api\\v1\\tasks\\controller.js:155:37)'
    }

    [0m [90m 47 |[39m   
     [90m 48 |[39m   [90m// Enhanced logging for debugging purposes[39m
    [31m[1m>[22m[39m[90m 49 |[39m   console[33m.[39merror([32m'handleError:'[39m[33m,[39m {
     [90m    |[39m           [31m[1m^[22m[39m
     [90m 50 |[39m     error[33m:[39m error[33m,[39m
     [90m 51 |[39m     status[33m:[39m statusCode[33m,[39m
     [90m 52 |[39m     message[33m:[39m error[33m.[39mmessage[33m,[39m[0m

      at error (src/utils/responseHandlers.js:49:11)
      at handleError (src/api/v1/tasks/controller.js:167:5)

[0mPOST /api/v1/tasks/21/assign [33m404[0m 9.034 ms - 64[0m
  console.log
    Cleaned up tasks: 21

      at Object.log (tests/integration/tasks.write.test.js:88:17)

  console.log
    Created task 22 for assignment test.

      at Object.log (tests/integration/tasks.write.test.js:489:17)

[0mPOST /api/v1/tasks/22/assign [32m201[0m 7.294 ms - 137[0m
  console.log
    Cleaned up tasks: 22

      at Object.log (tests/integration/tasks.write.test.js:88:17)

  console.log
    Created task 23 for assignment test.

      at Object.log (tests/integration/tasks.write.test.js:489:17)

  console.error
    handleError: {
      error: { message: 'User 995 is already assigned to task 23.' },
      status: 409,
      message: 'User 995 is already assigned to task 23.',
      name: undefined,
      stack: undefined
    }

    [0m [90m 47 |[39m   
     [90m 48 |[39m   [90m// Enhanced logging for debugging purposes[39m
    [31m[1m>[22m[39m[90m 49 |[39m   console[33m.[39merror([32m'handleError:'[39m[33m,[39m {
     [90m    |[39m           [31m[1m^[22m[39m
     [90m 50 |[39m     error[33m:[39m error[33m,[39m
     [90m 51 |[39m     status[33m:[39m statusCode[33m,[39m
     [90m 52 |[39m     message[33m:[39m error[33m.[39mmessage[33m,[39m[0m

      at error (src/utils/responseHandlers.js:49:11)
      at handleError (src/api/v1/tasks/controller.js:163:7)

[0mPOST /api/v1/tasks/23/assign [33m409[0m 5.932 ms - 68[0m
  console.log
    Cleaned up tasks: 23

      at Object.log (tests/integration/tasks.write.test.js:88:17)

  console.log
    Created task 24 and assignment undefined for unassignment test.

      at Object.log (tests/integration/tasks.write.test.js:621:17)

[0mDELETE /api/v1/tasks/24/assign/995 [33m401[0m 0.229 ms - 61[0m
  console.log
    Cleaned up tasks: 24

      at Object.log (tests/integration/tasks.write.test.js:88:17)

  console.log
    Created task 25 and assignment undefined for unassignment test.

      at Object.log (tests/integration/tasks.write.test.js:621:17)

[0mDELETE /api/v1/tasks/abc/assign/995 [33m400[0m 1.921 ms - 43[0m
  console.log
    Cleaned up tasks: 25

      at Object.log (tests/integration/tasks.write.test.js:88:17)

  console.log
    Created task 26 and assignment undefined for unassignment test.

      at Object.log (tests/integration/tasks.write.test.js:621:17)

[0mDELETE /api/v1/tasks/26/assign/xyz [33m400[0m 2.730 ms - 43[0m
  console.log
    Cleaned up tasks: 26

      at Object.log (tests/integration/tasks.write.test.js:88:17)

  console.log
    Created task 27 and assignment undefined for unassignment test.

      at Object.log (tests/integration/tasks.write.test.js:621:17)

  console.error
    Error unassigning user 995 from task 999999: Error: Task with ID 999999 not found.
        at Object.unassignUserFromTask (C:\Apps\Brian\src\api\v1\tasks\service.js:608:33)
        at processTicksAndRejections (node:internal/process/task_queues:105:5)
        at unassignUserFromTask (C:\Apps\Brian\src\api\v1\tasks\controller.js:182:5) {
      statusCode: 404
    }

    [0m [90m 652 |[39m     } [36mcatch[39m (error) {
     [90m 653 |[39m         [90m// Catch errors from the initial checks (task/person existence) or the re-thrown 404/500 from the inner try/catch[39m
    [31m[1m>[22m[39m[90m 654 |[39m         console[33m.[39merror([32m`Error unassigning user ${uId} from task ${tId}:`[39m[33m,[39m error)[33m;[39m
     [90m     |[39m                 [31m[1m^[22m[39m
     [90m 655 |[39m         [90m// Ensure statusCode is propagated or default to 500[39m
     [90m 656 |[39m         [36mif[39m ([33m![39merror[33m.[39mstatusCode) {
     [90m 657 |[39m             error[33m.[39mstatusCode [33m=[39m [35m500[39m[33m;[39m [90m// Default for unexpected errors[39m[0m

      at Object.error [as unassignUserFromTask] (src/api/v1/tasks/service.js:654:17)
      at unassignUserFromTask (src/api/v1/tasks/controller.js:182:5)

  console.error
    handleError: {
      error: Error: Task with ID 999999 not found.
          at Object.unassignUserFromTask (C:\Apps\Brian\src\api\v1\tasks\service.js:608:33)
          at processTicksAndRejections (node:internal/process/task_queues:105:5)
          at unassignUserFromTask (C:\Apps\Brian\src\api\v1\tasks\controller.js:182:5) {
        statusCode: 404
      },
      status: 404,
      message: 'Task with ID 999999 not found.',
      name: 'Error',
      stack: 'Error: Task with ID 999999 not found.\n' +
        '    at Object.unassignUserFromTask (C:\\Apps\\Brian\\src\\api\\v1\\tasks\\service.js:608:33)\n' +
        '    at processTicksAndRejections (node:internal/process/task_queues:105:5)\n' +
        '    at unassignUserFromTask (C:\\Apps\\Brian\\src\\api\\v1\\tasks\\controller.js:182:5)'
    }

    [0m [90m 47 |[39m   
     [90m 48 |[39m   [90m// Enhanced logging for debugging purposes[39m
    [31m[1m>[22m[39m[90m 49 |[39m   console[33m.[39merror([32m'handleError:'[39m[33m,[39m {
     [90m    |[39m           [31m[1m^[22m[39m
     [90m 50 |[39m     error[33m:[39m error[33m,[39m
     [90m 51 |[39m     status[33m:[39m statusCode[33m,[39m
     [90m 52 |[39m     message[33m:[39m error[33m.[39mmessage[33m,[39m[0m

      at error (src/utils/responseHandlers.js:49:11)
      at handleError (src/api/v1/tasks/controller.js:187:5)

[0mDELETE /api/v1/tasks/999999/assign/995 [33m404[0m 8.058 ms - 58[0m
  console.log
    Cleaned up tasks: 27

      at Object.log (tests/integration/tasks.write.test.js:88:17)

  console.log
    Created task 28 and assignment undefined for unassignment test.

      at Object.log (tests/integration/tasks.write.test.js:621:17)

  console.error
    Error unassigning user 88888 from task 28: Error: Person with User ID 88888 not found.
        at Object.unassignUserFromTask (C:\Apps\Brian\src\api\v1\tasks\service.js:614:33)
        at processTicksAndRejections (node:internal/process/task_queues:105:5)
        at unassignUserFromTask (C:\Apps\Brian\src\api\v1\tasks\controller.js:182:5) {
      statusCode: 404
    }

    [0m [90m 652 |[39m     } [36mcatch[39m (error) {
     [90m 653 |[39m         [90m// Catch errors from the initial checks (task/person existence) or the re-thrown 404/500 from the inner try/catch[39m
    [31m[1m>[22m[39m[90m 654 |[39m         console[33m.[39merror([32m`Error unassigning user ${uId} from task ${tId}:`[39m[33m,[39m error)[33m;[39m
     [90m     |[39m                 [31m[1m^[22m[39m
     [90m 655 |[39m         [90m// Ensure statusCode is propagated or default to 500[39m
     [90m 656 |[39m         [36mif[39m ([33m![39merror[33m.[39mstatusCode) {
     [90m 657 |[39m             error[33m.[39mstatusCode [33m=[39m [35m500[39m[33m;[39m [90m// Default for unexpected errors[39m[0m

      at Object.error [as unassignUserFromTask] (src/api/v1/tasks/service.js:654:17)
      at unassignUserFromTask (src/api/v1/tasks/controller.js:182:5)

  console.error
    handleError: {
      error: Error: Person with User ID 88888 not found.
          at Object.unassignUserFromTask (C:\Apps\Brian\src\api\v1\tasks\service.js:614:33)
          at processTicksAndRejections (node:internal/process/task_queues:105:5)
          at unassignUserFromTask (C:\Apps\Brian\src\api\v1\tasks\controller.js:182:5) {
        statusCode: 404
      },
      status: 404,
      message: 'Person with User ID 88888 not found.',
      name: 'Error',
      stack: 'Error: Person with User ID 88888 not found.\n' +
        '    at Object.unassignUserFromTask (C:\\Apps\\Brian\\src\\api\\v1\\tasks\\service.js:614:33)\n' +
        '    at processTicksAndRejections (node:internal/process/task_queues:105:5)\n' +
        '    at unassignUserFromTask (C:\\Apps\\Brian\\src\\api\\v1\\tasks\\controller.js:182:5)'
    }

    [0m [90m 47 |[39m   
     [90m 48 |[39m   [90m// Enhanced logging for debugging purposes[39m
    [31m[1m>[22m[39m[90m 49 |[39m   console[33m.[39merror([32m'handleError:'[39m[33m,[39m {
     [90m    |[39m           [31m[1m^[22m[39m
     [90m 50 |[39m     error[33m:[39m error[33m,[39m
     [90m 51 |[39m     status[33m:[39m statusCode[33m,[39m
     [90m 52 |[39m     message[33m:[39m error[33m.[39mmessage[33m,[39m[0m

      at error (src/utils/responseHandlers.js:49:11)
      at handleError (src/api/v1/tasks/controller.js:187:5)

[0mDELETE /api/v1/tasks/28/assign/88888 [33m404[0m 8.278 ms - 64[0m
  console.log
    Cleaned up tasks: 28

      at Object.log (tests/integration/tasks.write.test.js:88:17)

  console.log
    Created task 29 and assignment undefined for unassignment test.

      at Object.log (tests/integration/tasks.write.test.js:621:17)

  console.error
    Database error during TaskAssignment.destroy: Assignment for Task ID 29 and User ID 996 not found.

    [0m [90m 641 |[39m         } [36mcatch[39m (dbError) {
     [90m 642 |[39m             [90m// Catch potential errors during the destroy operation itself[39m
    [31m[1m>[22m[39m[90m 643 |[39m             console[33m.[39merror([32m`Database error during TaskAssignment.destroy: ${dbError.message}`[39m)[33m;[39m
     [90m     |[39m                     [31m[1m^[22m[39m
     [90m 644 |[39m             [90m// Check if this is a "not found" error and return 404 instead of 500[39m
     [90m 645 |[39m             [36mif[39m (dbError[33m.[39mmessage [33m&&[39m dbError[33m.[39mmessage[33m.[39mincludes([32m'not found'[39m)) {
     [90m 646 |[39m                 [36mthrow[39m [33mObject[39m[33m.[39massign([36mnew[39m [33mError[39m([32m`Assignment for Task ID ${tId} and User ID ${uId} not found.`[39m)[33m,[39m { statusCode[33m:[39m [35m404[39m })[33m;[39m[0m

      at Object.error [as unassignUserFromTask] (src/api/v1/tasks/service.js:643:21)
      at unassignUserFromTask (src/api/v1/tasks/controller.js:182:5)

  console.error
    Error unassigning user 996 from task 29: Error: Assignment for Task ID 29 and User ID 996 not found.
        at Object.unassignUserFromTask (C:\Apps\Brian\src\api\v1\tasks\service.js:646:37)
        at processTicksAndRejections (node:internal/process/task_queues:105:5)
        at unassignUserFromTask (C:\Apps\Brian\src\api\v1\tasks\controller.js:182:5) {
      statusCode: 404
    }

    [0m [90m 652 |[39m     } [36mcatch[39m (error) {
     [90m 653 |[39m         [90m// Catch errors from the initial checks (task/person existence) or the re-thrown 404/500 from the inner try/catch[39m
    [31m[1m>[22m[39m[90m 654 |[39m         console[33m.[39merror([32m`Error unassigning user ${uId} from task ${tId}:`[39m[33m,[39m error)[33m;[39m
     [90m     |[39m                 [31m[1m^[22m[39m
     [90m 655 |[39m         [90m// Ensure statusCode is propagated or default to 500[39m
     [90m 656 |[39m         [36mif[39m ([33m![39merror[33m.[39mstatusCode) {
     [90m 657 |[39m             error[33m.[39mstatusCode [33m=[39m [35m500[39m[33m;[39m [90m// Default for unexpected errors[39m[0m

      at Object.error [as unassignUserFromTask] (src/api/v1/tasks/service.js:654:17)
      at unassignUserFromTask (src/api/v1/tasks/controller.js:182:5)

  console.error
    handleError: {
      error: Error: Assignment for Task ID 29 and User ID 996 not found.
          at Object.unassignUserFromTask (C:\Apps\Brian\src\api\v1\tasks\service.js:646:37)
          at processTicksAndRejections (node:internal/process/task_queues:105:5)
          at unassignUserFromTask (C:\Apps\Brian\src\api\v1\tasks\controller.js:182:5) {
        statusCode: 404
      },
      status: 404,
      message: 'Assignment for Task ID 29 and User ID 996 not found.',
      name: 'Error',
      stack: 'Error: Assignment for Task ID 29 and User ID 996 not found.\n' +
        '    at Object.unassignUserFromTask (C:\\Apps\\Brian\\src\\api\\v1\\tasks\\service.js:646:37)\n' +
        '    at processTicksAndRejections (node:internal/process/task_queues:105:5)\n' +
        '    at unassignUserFromTask (C:\\Apps\\Brian\\src\\api\\v1\\tasks\\controller.js:182:5)'
    }

    [0m [90m 47 |[39m   
     [90m 48 |[39m   [90m// Enhanced logging for debugging purposes[39m
    [31m[1m>[22m[39m[90m 49 |[39m   console[33m.[39merror([32m'handleError:'[39m[33m,[39m {
     [90m    |[39m           [31m[1m^[22m[39m
     [90m 50 |[39m     error[33m:[39m error[33m,[39m
     [90m 51 |[39m     status[33m:[39m statusCode[33m,[39m
     [90m 52 |[39m     message[33m:[39m error[33m.[39mmessage[33m,[39m[0m

      at error (src/utils/responseHandlers.js:49:11)
      at handleError (src/api/v1/tasks/controller.js:187:5)

[0mDELETE /api/v1/tasks/29/assign/996 [33m404[0m 11.272 ms - 80[0m
  console.log
    Cleaned up tasks: 29

      at Object.log (tests/integration/tasks.write.test.js:88:17)

  console.log
    Created task 30 and assignment undefined for unassignment test.

      at Object.log (tests/integration/tasks.write.test.js:621:17)

[0mDELETE /api/v1/tasks/30/assign/995 [32m204[0m 4.720 ms - -[0m
  console.log
    Cleaned up tasks: 30

      at Object.log (tests/integration/tasks.write.test.js:88:17)

  console.log
    Test project 4 destroyed.

      at Object.log (tests/integration/tasks.write.test.js:109:21)

  console.log
    Test users 996 and 995 destroyed.

      at Object.log (tests/integration/tasks.write.test.js:117:15)

  console.log
    Test DB Connection has been closed successfully.

      at Object.log (tests/setup.js:31:13)

PASS tests/integration/tasks.write.test.js
  Tasks API - Write Operations (Integration)
    POST /api/v1/tasks
      ΓêÜ should return 401 Unauthorized if no token is provided (20 ms)
      ΓêÜ should return 401 Unauthorized if an invalid token is provided (12 ms)
      ΓêÜ should return 400 Bad Request if required field "name" is missing (8 ms)
      ΓêÜ should return 400 Bad Request if required field "project_id" is missing (6 ms)
      ΓêÜ should return 400 Bad Request if "project_id" is invalid or non-existent (57 ms)
      ΓêÜ should return 400 Bad Request if "status_id" is invalid or non-existent (20 ms)
      ΓêÜ should return 201 Created and the new task details for valid data (22 ms)
    PUT /api/v1/tasks/:id
      ΓêÜ should return 401 Unauthorized if no token is provided (9 ms)
      ΓêÜ should return 401 Unauthorized if an invalid token is provided (11 ms)
      ΓêÜ should return 400 Bad Request for an invalid (non-numeric) task ID format (10 ms)
      ΓêÜ should return 404 Not Found for a non-existent task ID (17 ms)
      ΓêÜ should return 400 Bad Request if validation fails (e.g., empty name) (10 ms)
      ΓêÜ should return 400 Bad Request if validation fails (e.g., invalid status_id) (21 ms)
      ΓêÜ should return 200 OK and the updated task details for valid data (16 ms)
      ΓêÜ should ignore attempts to update immutable fields (e.g., id, project_id, created_by_user_id) (13 ms)
    DELETE /api/v1/tasks/:id
      ΓêÜ should return 401 Unauthorized if no token is provided (8 ms)
      ΓêÜ should return 401 Unauthorized if an invalid token is provided (12 ms)
      ΓêÜ should return 400 Bad Request for an invalid (non-numeric) task ID format (7 ms)
      ΓêÜ should return 404 Not Found for a non-existent task ID (19 ms)
      ΓêÜ should return 204 No Content for successful deletion (9 ms)
    POST /api/v1/tasks/:id/assign
      ΓêÜ should return 401 Unauthorized if no token is provided (7 ms)
      ΓêÜ should return 400 Bad Request for invalid task ID format (9 ms)
      ΓêÜ should return 404 Not Found if task ID does not exist (16 ms)
      ΓêÜ should return 400 Bad Request if user_id is missing in body (7 ms)
      ΓêÜ should return 400 Bad Request if user_id is not a number (8 ms)
      ΓêÜ should return 404 Not Found if user_id does not exist (19 ms)
      ΓêÜ should return 201 Created and the assignment details on successful assignment (16 ms)
      ΓêÜ should return 409 Conflict if the user is already assigned to the task (15 ms)
    DELETE /api/v1/tasks/:id/assign/:userId
      ΓêÜ should return 401 Unauthorized if no token is provided (9 ms)
      ΓêÜ should return 400 Bad Request for invalid task ID format (12 ms)
      ΓêÜ should return 400 Bad Request for invalid user ID format (10 ms)
      ΓêÜ should return 404 Not Found if task ID does not exist (16 ms)
      ΓêÜ should return 404 Not Found if user ID does not exist (19 ms)
      ΓêÜ should return 404 Not Found if the assignment does not exist (20 ms)
      ΓêÜ should return 204 No Content on successful unassignment (12 ms)

  console.log
    Using TEST environment configuration from ../../config/config.json

      at Object.log (src/models/index.js:22:9)

  console.log
    Associating model: Job

      at log (src/models/index.js:102:13)
          at Array.forEach (<anonymous>)

  console.log
    Associating model: Person

      at log (src/models/index.js:102:13)
          at Array.forEach (<anonymous>)

  console.log
    Associating model: Project

      at log (src/models/index.js:102:13)
          at Array.forEach (<anonymous>)

  console.log
    Associating model: Task

      at log (src/models/index.js:102:13)
          at Array.forEach (<anonymous>)

  console.log
    --- Association Check (Project -> AssignedPeople) ---

      at Object.log (src/models/index.js:109:11)

  console.log
    Association Type: BelongsToMany

      at Object.log (src/models/index.js:110:11)

  console.log
    Target Model: Person

      at Object.log (src/models/index.js:111:11)

  console.log
    Through Model: ProjectAssignment

      at Object.log (src/models/index.js:112:11)

  console.log
    Through Model Table Name: project_assignments

      at Object.log (src/models/index.js:113:11)

  console.log
    Foreign Key: project_id

      at Object.log (src/models/index.js:114:11)

  console.log
    Other Key: user_id

      at Object.log (src/models/index.js:115:11)

  console.log
    ----------------------------------------------------

      at Object.log (src/models/index.js:116:11)

  console.log
    --- ProjectAssignment Model Check ---

      at Object.log (src/models/index.js:122:13)

  console.log
    Model Name: ProjectAssignment

      at Object.log (src/models/index.js:123:13)

  console.log
    Table Name: project_assignments

      at Object.log (src/models/index.js:124:13)

  console.log
    -----------------------------------

      at Object.log (src/models/index.js:125:13)

  console.log
    Test DB Connection has been established successfully.

      at Object.log (tests/setup.js:18:13)

  console.log
    Test job 2 created with title "Test Job 1" for project 5

      at log (tests/test-helpers.js:60:13)

  console.log
    Test job 3 created with title "Test Job 2" for project 5

      at log (tests/test-helpers.js:60:13)

[0mGET /api/v1/jobs [33m401[0m 0.303 ms - 61[0m
[0mGET /api/v1/jobs [32m200[0m 3.504 ms - 349[0m
[0mGET /api/v1/jobs?include=project [32m200[0m 6.064 ms - 473[0m
  console.log
    Test DB Connection has been closed successfully.

      at Object.log (tests/setup.js:31:13)

PASS tests/integration/jobs.read.test.js
  GET /api/v1/jobs
    ΓêÜ should return 401 Unauthorized if no token is provided (5 ms)
    ΓêÜ should return a list of jobs (8 ms)
    ΓêÜ should return a list of jobs including associated project when include=project is specified (9 ms)

  console.log
    Using TEST environment configuration from ../../config/config.json

      at Object.log (src/models/index.js:22:9)

  console.log
    Associating model: Job

      at log (src/models/index.js:102:13)
          at Array.forEach (<anonymous>)

  console.log
    Associating model: Person

      at log (src/models/index.js:102:13)
          at Array.forEach (<anonymous>)

  console.log
    Associating model: Project

      at log (src/models/index.js:102:13)
          at Array.forEach (<anonymous>)

  console.log
    Associating model: Task

      at log (src/models/index.js:102:13)
          at Array.forEach (<anonymous>)

  console.log
    --- Association Check (Project -> AssignedPeople) ---

      at Object.log (src/models/index.js:109:11)

  console.log
    Association Type: BelongsToMany

      at Object.log (src/models/index.js:110:11)

  console.log
    Target Model: Person

      at Object.log (src/models/index.js:111:11)

  console.log
    Through Model: ProjectAssignment

      at Object.log (src/models/index.js:112:11)

  console.log
    Through Model Table Name: project_assignments

      at Object.log (src/models/index.js:113:11)

  console.log
    Foreign Key: project_id

      at Object.log (src/models/index.js:114:11)

  console.log
    Other Key: user_id

      at Object.log (src/models/index.js:115:11)

  console.log
    ----------------------------------------------------

      at Object.log (src/models/index.js:116:11)

  console.log
    --- ProjectAssignment Model Check ---

      at Object.log (src/models/index.js:122:13)

  console.log
    Model Name: ProjectAssignment

      at Object.log (src/models/index.js:123:13)

  console.log
    Table Name: project_assignments

      at Object.log (src/models/index.js:124:13)

  console.log
    -----------------------------------

      at Object.log (src/models/index.js:125:13)

  console.log
    Test DB Connection has been established successfully.

      at Object.log (tests/setup.js:18:13)

  console.log
    Test users 998 and 997 created or found.

      at Object.log (tests/integration/tasks.read.test.js:35:15)

  console.log
    Test project 6 created.

      at Object.log (tests/integration/tasks.read.test.js:58:15)

  console.log
    Test tasks 31 and 32 created.

      at Object.log (tests/integration/tasks.read.test.js:73:15)

  console.log
    User 997 assigned to task 31.

      at Object.log (tests/integration/tasks.read.test.js:80:15)

[0mGET /api/v1/tasks [33m401[0m 2.270 ms - 61[0m
  console.error
    Authentication error: jwt malformed

    [0m [90m 67 |[39m   } [36mcatch[39m (error) {
     [90m 68 |[39m     [90m// Original error logging (optional to keep error.message)[39m
    [31m[1m>[22m[39m[90m 69 |[39m     console[33m.[39merror([32m'Authentication error:'[39m[33m,[39m error[33m.[39mmessage)[33m;[39m
     [90m    |[39m             [31m[1m^[22m[39m
     [90m 70 |[39m     [36mif[39m (error[33m.[39mname [33m===[39m [32m'TokenExpiredError'[39m) {
     [90m 71 |[39m       [36mreturn[39m res[33m.[39mstatus([35m401[39m)[33m.[39mjson({
     [90m 72 |[39m         success[33m:[39m [36mfalse[39m[33m,[39m[0m

      at error (src/middleware/auth.js:69:13)
      at Layer.handleRequest (node_modules/router/lib/layer.js:152:17)
      at trimPrefix (node_modules/router/index.js:342:13)
      at node_modules/router/index.js:297:9
      at processParams (node_modules/router/index.js:582:12)
      at next (node_modules/router/index.js:291:5)
      at Function.handle (node_modules/router/index.js:186:3)
      at router (node_modules/router/index.js:60:12)
      at Layer.handleRequest (node_modules/router/lib/layer.js:152:17)
      at trimPrefix (node_modules/router/index.js:342:13)
      at node_modules/router/index.js:297:9
      at processParams (node_modules/router/index.js:582:12)
      at next (node_modules/router/index.js:291:5)
      at urlencodedParser (node_modules/body-parser/lib/types/urlencoded.js:68:7)
      at Layer.handleRequest (node_modules/router/lib/layer.js:152:17)
      at trimPrefix (node_modules/router/index.js:342:13)
      at node_modules/router/index.js:297:9
      at processParams (node_modules/router/index.js:582:12)
      at next (node_modules/router/index.js:291:5)
      at jsonParser (node_modules/body-parser/lib/types/json.js:100:7)
      at Layer.handleRequest (node_modules/router/lib/layer.js:152:17)
      at trimPrefix (node_modules/router/index.js:342:13)
      at node_modules/router/index.js:297:9
      at processParams (node_modules/router/index.js:582:12)
      at next (node_modules/router/index.js:291:5)
      at logger (node_modules/morgan/index.js:144:5)
      at Layer.handleRequest (node_modules/router/lib/layer.js:152:17)
      at trimPrefix (node_modules/router/index.js:342:13)
      at node_modules/router/index.js:297:9
      at processParams (node_modules/router/index.js:582:12)
      at next (node_modules/router/index.js:291:5)
      at internalNext (node_modules/helmet/index.cjs:531:6)
      at xXssProtectionMiddleware (node_modules/helmet/index.cjs:311:3)
      at internalNext (node_modules/helmet/index.cjs:529:6)
      at xPoweredByMiddleware (node_modules/helmet/index.cjs:304:3)
      at internalNext (node_modules/helmet/index.cjs:529:6)
      at xPermittedCrossDomainPoliciesMiddleware (node_modules/helmet/index.cjs:297:3)
      at internalNext (node_modules/helmet/index.cjs:529:6)
      at xFrameOptionsMiddleware (node_modules/helmet/index.cjs:281:3)
      at internalNext (node_modules/helmet/index.cjs:529:6)
      at xDownloadOptionsMiddleware (node_modules/helmet/index.cjs:261:3)
      at internalNext (node_modules/helmet/index.cjs:529:6)
      at xDnsPrefetchControlMiddleware (node_modules/helmet/index.cjs:254:3)
      at internalNext (node_modules/helmet/index.cjs:529:6)
      at xContentTypeOptionsMiddleware (node_modules/helmet/index.cjs:246:3)
      at internalNext (node_modules/helmet/index.cjs:529:6)
      at strictTransportSecurityMiddleware (node_modules/helmet/index.cjs:239:3)
      at internalNext (node_modules/helmet/index.cjs:529:6)
      at referrerPolicyMiddleware (node_modules/helmet/index.cjs:207:3)
      at internalNext (node_modules/helmet/index.cjs:529:6)
      at originAgentClusterMiddleware (node_modules/helmet/index.cjs:182:3)
      at internalNext (node_modules/helmet/index.cjs:529:6)
      at crossOriginResourcePolicyMiddleware (node_modules/helmet/index.cjs:175:3)
      at internalNext (node_modules/helmet/index.cjs:529:6)
      at crossOriginOpenerPolicyMiddleware (node_modules/helmet/index.cjs:159:3)
      at internalNext (node_modules/helmet/index.cjs:529:6)
      at contentSecurityPolicyMiddleware (node_modules/helmet/index.cjs:124:4)
      at internalNext (node_modules/helmet/index.cjs:529:6)
      at helmetMiddleware (node_modules/helmet/index.cjs:533:6)
      at Layer.handleRequest (node_modules/router/lib/layer.js:152:17)
      at trimPrefix (node_modules/router/index.js:342:13)
      at node_modules/router/index.js:297:9
      at processParams (node_modules/router/index.js:582:12)
      at next (node_modules/router/index.js:291:5)
      at cors (node_modules/cors/lib/index.js:188:7)
      at node_modules/cors/lib/index.js:224:17
      at originCallback (node_modules/cors/lib/index.js:214:15)
      at node_modules/cors/lib/index.js:219:13
      at optionsCallback (node_modules/cors/lib/index.js:199:9)
      at corsMiddleware (node_modules/cors/lib/index.js:204:7)
      at Layer.handleRequest (node_modules/router/lib/layer.js:152:17)
      at trimPrefix (node_modules/router/index.js:342:13)
      at node_modules/router/index.js:297:9
      at processParams (node_modules/router/index.js:582:12)
      at next (node_modules/router/index.js:291:5)
      at Function.handle (node_modules/router/index.js:186:3)
      at Function.handle (node_modules/express/lib/application.js:177:15)
      at Server.app (node_modules/express/lib/express.js:38:9)

[0mGET /api/v1/tasks [33m401[0m 12.607 ms - 42[0m
  console.log
    Executing Task.findAndCountAll with options: {
      "where": {},
      "order": [
        [
          "created_at",
          "DESC"
        ]
      ],
      "limit": 10,
      "offset": 0,
      "include": [],
      "distinct": true
    }

      at Object.log [as listTasks] (src/api/v1/tasks/service.js:242:13)

[0mGET /api/v1/tasks [32m200[0m 23.282 ms - 840[0m
  console.log
    Executing Task.findAndCountAll with options: {
      "where": {},
      "order": [
        [
          "created_at",
          "DESC"
        ]
      ],
      "limit": 1,
      "offset": 0,
      "include": [],
      "distinct": true
    }

      at Object.log [as listTasks] (src/api/v1/tasks/service.js:242:13)

[0mGET /api/v1/tasks?limit=1&offset=0 [32m200[0m 8.445 ms - 452[0m
  console.log
    Executing Task.findAndCountAll with options: {
      "where": {
        "project_id": 6
      },
      "order": [
        [
          "created_at",
          "DESC"
        ]
      ],
      "limit": 10,
      "offset": 0,
      "include": [],
      "distinct": true
    }

      at Object.log [as listTasks] (src/api/v1/tasks/service.js:242:13)

[0mGET /api/v1/tasks?project_id=6 [32m200[0m 8.641 ms - 840[0m
  console.log
    Executing Task.findAndCountAll with options: {
      "where": {
        "status_id": {}
      },
      "order": [
        [
          "created_at",
          "DESC"
        ]
      ],
      "limit": 10,
      "offset": 0,
      "include": [],
      "distinct": true
    }

      at Object.log [as listTasks] (src/api/v1/tasks/service.js:242:13)

[0mGET /api/v1/tasks?status_id=1 [32m200[0m 8.153 ms - 840[0m
  console.log
    Executing Task.findAndCountAll with options: {
      "where": {},
      "order": [
        [
          "created_at",
          "DESC"
        ]
      ],
      "limit": 10,
      "offset": 0,
      "include": [
        {
          "as": "Assignees",
          "where": {
            "employee_id": 997
          },
          "required": true,
          "through": {
            "attributes": []
          },
          "attributes": {
            "exclude": [
              "password"
            ]
          }
        }
      ],
      "distinct": true
    }

      at Object.log [as listTasks] (src/api/v1/tasks/service.js:242:13)

[0mGET /api/v1/tasks?assigned_user_id=997 [32m200[0m 16.891 ms - 677[0m
  console.log
    Executing Task.findAndCountAll with options: {
      "where": {},
      "order": [
        [
          "name",
          "ASC"
        ]
      ],
      "limit": 10,
      "offset": 0,
      "include": [],
      "distinct": true
    }

      at Object.log [as listTasks] (src/api/v1/tasks/service.js:242:13)

[0mGET /api/v1/tasks?sort=name&order=asc [32m200[0m 7.621 ms - 840[0m
  console.log
    Executing Task.findAndCountAll with options: {
      "where": {},
      "order": [
        [
          "name",
          "DESC"
        ]
      ],
      "limit": 10,
      "offset": 0,
      "include": [],
      "distinct": true
    }

      at Object.log [as listTasks] (src/api/v1/tasks/service.js:242:13)

[0mGET /api/v1/tasks?sort=name:desc [32m200[0m 9.268 ms - 840[0m
[0mGET /api/v1/tasks?limit=-1 [33m400[0m 3.805 ms - 47[0m
[0mGET /api/v1/tasks?project_id=abc [33m400[0m 2.177 ms - 59[0m
[0mGET /api/v1/tasks?sort=nonexistent_field [33m400[0m 3.224 ms - 46[0m
[0mGET /api/v1/tasks?sort=name&order=upwards [33m400[0m 2.391 ms - 70[0m
[0mGET /api/v1/tasks/31 [33m401[0m 0.434 ms - 61[0m
  console.error
    Authentication error: jwt malformed

    [0m [90m 67 |[39m   } [36mcatch[39m (error) {
     [90m 68 |[39m     [90m// Original error logging (optional to keep error.message)[39m
    [31m[1m>[22m[39m[90m 69 |[39m     console[33m.[39merror([32m'Authentication error:'[39m[33m,[39m error[33m.[39mmessage)[33m;[39m
     [90m    |[39m             [31m[1m^[22m[39m
     [90m 70 |[39m     [36mif[39m (error[33m.[39mname [33m===[39m [32m'TokenExpiredError'[39m) {
     [90m 71 |[39m       [36mreturn[39m res[33m.[39mstatus([35m401[39m)[33m.[39mjson({
     [90m 72 |[39m         success[33m:[39m [36mfalse[39m[33m,[39m[0m

      at error (src/middleware/auth.js:69:13)
      at Layer.handleRequest (node_modules/router/lib/layer.js:152:17)
      at trimPrefix (node_modules/router/index.js:342:13)
      at node_modules/router/index.js:297:9
      at processParams (node_modules/router/index.js:582:12)
      at next (node_modules/router/index.js:291:5)
      at Function.handle (node_modules/router/index.js:186:3)
      at router (node_modules/router/index.js:60:12)
      at Layer.handleRequest (node_modules/router/lib/layer.js:152:17)
      at trimPrefix (node_modules/router/index.js:342:13)
      at node_modules/router/index.js:297:9
      at processParams (node_modules/router/index.js:582:12)
      at next (node_modules/router/index.js:291:5)
      at urlencodedParser (node_modules/body-parser/lib/types/urlencoded.js:68:7)
      at Layer.handleRequest (node_modules/router/lib/layer.js:152:17)
      at trimPrefix (node_modules/router/index.js:342:13)
      at node_modules/router/index.js:297:9
      at processParams (node_modules/router/index.js:582:12)
      at next (node_modules/router/index.js:291:5)
      at jsonParser (node_modules/body-parser/lib/types/json.js:100:7)
      at Layer.handleRequest (node_modules/router/lib/layer.js:152:17)
      at trimPrefix (node_modules/router/index.js:342:13)
      at node_modules/router/index.js:297:9
      at processParams (node_modules/router/index.js:582:12)
      at next (node_modules/router/index.js:291:5)
      at logger (node_modules/morgan/index.js:144:5)
      at Layer.handleRequest (node_modules/router/lib/layer.js:152:17)
      at trimPrefix (node_modules/router/index.js:342:13)
      at node_modules/router/index.js:297:9
      at processParams (node_modules/router/index.js:582:12)
      at next (node_modules/router/index.js:291:5)
      at internalNext (node_modules/helmet/index.cjs:531:6)
      at xXssProtectionMiddleware (node_modules/helmet/index.cjs:311:3)
      at internalNext (node_modules/helmet/index.cjs:529:6)
      at xPoweredByMiddleware (node_modules/helmet/index.cjs:304:3)
      at internalNext (node_modules/helmet/index.cjs:529:6)
      at xPermittedCrossDomainPoliciesMiddleware (node_modules/helmet/index.cjs:297:3)
      at internalNext (node_modules/helmet/index.cjs:529:6)
      at xFrameOptionsMiddleware (node_modules/helmet/index.cjs:281:3)
      at internalNext (node_modules/helmet/index.cjs:529:6)
      at xDownloadOptionsMiddleware (node_modules/helmet/index.cjs:261:3)
      at internalNext (node_modules/helmet/index.cjs:529:6)
      at xDnsPrefetchControlMiddleware (node_modules/helmet/index.cjs:254:3)
      at internalNext (node_modules/helmet/index.cjs:529:6)
      at xContentTypeOptionsMiddleware (node_modules/helmet/index.cjs:246:3)
      at internalNext (node_modules/helmet/index.cjs:529:6)
      at strictTransportSecurityMiddleware (node_modules/helmet/index.cjs:239:3)
      at internalNext (node_modules/helmet/index.cjs:529:6)
      at referrerPolicyMiddleware (node_modules/helmet/index.cjs:207:3)
      at internalNext (node_modules/helmet/index.cjs:529:6)
      at originAgentClusterMiddleware (node_modules/helmet/index.cjs:182:3)
      at internalNext (node_modules/helmet/index.cjs:529:6)
      at crossOriginResourcePolicyMiddleware (node_modules/helmet/index.cjs:175:3)
      at internalNext (node_modules/helmet/index.cjs:529:6)
      at crossOriginOpenerPolicyMiddleware (node_modules/helmet/index.cjs:159:3)
      at internalNext (node_modules/helmet/index.cjs:529:6)
      at contentSecurityPolicyMiddleware (node_modules/helmet/index.cjs:124:4)
      at internalNext (node_modules/helmet/index.cjs:529:6)
      at helmetMiddleware (node_modules/helmet/index.cjs:533:6)
      at Layer.handleRequest (node_modules/router/lib/layer.js:152:17)
      at trimPrefix (node_modules/router/index.js:342:13)
      at node_modules/router/index.js:297:9
      at processParams (node_modules/router/index.js:582:12)
      at next (node_modules/router/index.js:291:5)
      at cors (node_modules/cors/lib/index.js:188:7)
      at node_modules/cors/lib/index.js:224:17
      at originCallback (node_modules/cors/lib/index.js:214:15)
      at node_modules/cors/lib/index.js:219:13
      at optionsCallback (node_modules/cors/lib/index.js:199:9)
      at corsMiddleware (node_modules/cors/lib/index.js:204:7)
      at Layer.handleRequest (node_modules/router/lib/layer.js:152:17)
      at trimPrefix (node_modules/router/index.js:342:13)
      at node_modules/router/index.js:297:9
      at processParams (node_modules/router/index.js:582:12)
      at next (node_modules/router/index.js:291:5)
      at Function.handle (node_modules/router/index.js:186:3)
      at Function.handle (node_modules/express/lib/application.js:177:15)
      at Server.app (node_modules/express/lib/express.js:38:9)

[0mGET /api/v1/tasks/31 [33m401[0m 8.036 ms - 42[0m
[0mGET /api/v1/tasks/abc [33m400[0m 1.814 ms - 43[0m
  console.log
    Executing Task.findByPk for ID: 999999 with options: {
      "include": []
    }

      at Object.log [as getTaskById] (src/api/v1/tasks/service.js:278:15)

  console.error
    Error fetching task with ID 999999: Error: Task with ID 999999 not found.
        at Object.getTaskById (C:\Apps\Brian\src\api\v1\tasks\service.js:282:31)
        at processTicksAndRejections (node:internal/process/task_queues:105:5)
        at getTaskById (C:\Apps\Brian\src\api\v1\tasks\controller.js:38:18) {
      statusCode: 404
    }

    [0m [90m 284 |[39m       [36mreturn[39m task[33m;[39m
     [90m 285 |[39m   } [36mcatch[39m (error) {
    [31m[1m>[22m[39m[90m 286 |[39m       console[33m.[39merror([32m`Error fetching task with ID ${taskId}:`[39m[33m,[39m error)[33m;[39m
     [90m     |[39m               [31m[1m^[22m[39m
     [90m 287 |[39m       [36mif[39m ([33m![39merror[33m.[39mstatusCode) {
     [90m 288 |[39m           error[33m.[39mmessage [33m=[39m [32m`Failed to retrieve task with ID ${taskId}: ${error.message}`[39m[33m;[39m
     [90m 289 |[39m       }[0m

      at Object.error [as getTaskById] (src/api/v1/tasks/service.js:286:15)
      at getTaskById (src/api/v1/tasks/controller.js:38:18)

  console.error
    handleError: {
      error: Error: Task with ID 999999 not found.
          at Object.getTaskById (C:\Apps\Brian\src\api\v1\tasks\service.js:282:31)
          at processTicksAndRejections (node:internal/process/task_queues:105:5)
          at getTaskById (C:\Apps\Brian\src\api\v1\tasks\controller.js:38:18) {
        statusCode: 404
      },
      status: 404,
      message: 'Task with ID 999999 not found.',
      name: 'Error',
      stack: 'Error: Task with ID 999999 not found.\n' +
        '    at Object.getTaskById (C:\\Apps\\Brian\\src\\api\\v1\\tasks\\service.js:282:31)\n' +
        '    at processTicksAndRejections (node:internal/process/task_queues:105:5)\n' +
        '    at getTaskById (C:\\Apps\\Brian\\src\\api\\v1\\tasks\\controller.js:38:18)'
    }

    [0m [90m 47 |[39m   
     [90m 48 |[39m   [90m// Enhanced logging for debugging purposes[39m
    [31m[1m>[22m[39m[90m 49 |[39m   console[33m.[39merror([32m'handleError:'[39m[33m,[39m {
     [90m    |[39m           [31m[1m^[22m[39m
     [90m 50 |[39m     error[33m:[39m error[33m,[39m
     [90m 51 |[39m     status[33m:[39m statusCode[33m,[39m
     [90m 52 |[39m     message[33m:[39m error[33m.[39mmessage[33m,[39m[0m

      at error (src/utils/responseHandlers.js:49:11)
      at handleError (src/api/v1/tasks/controller.js:41:5)

[0mGET /api/v1/tasks/999999 [33m404[0m 44.638 ms - 58[0m
  console.log
    Executing Task.findByPk for ID: 31 with options: {
      "include": []
    }

      at Object.log [as getTaskById] (src/api/v1/tasks/service.js:278:15)

[0mGET /api/v1/tasks/31 [32m200[0m 5.297 ms - 410[0m
  console.log
    Executing Task.findByPk for ID: 31 with options: {
      "include": [
        {
          "as": "Project"
        }
      ]
    }

      at Object.log [as getTaskById] (src/api/v1/tasks/service.js:278:15)

[0mGET /api/v1/tasks/31?include=project [32m200[0m 9.397 ms - 738[0m
  console.log
    Executing Task.findByPk for ID: 31 with options: {
      "include": [
        {
          "as": "Assignees",
          "through": {
            "attributes": []
          },
          "attributes": {
            "exclude": [
              "password"
            ]
          }
        }
      ]
    }

      at Object.log [as getTaskById] (src/api/v1/tasks/service.js:278:15)

[0mGET /api/v1/tasks/31?include=assignees [32m200[0m 9.006 ms - 633[0m
  console.log
    Executing Task.findByPk for ID: 31 with options: {
      "include": [
        {
          "as": "Project"
        },
        {
          "as": "Assignees",
          "through": {
            "attributes": []
          },
          "attributes": {
            "exclude": [
              "password"
            ]
          }
        }
      ]
    }

      at Object.log [as getTaskById] (src/api/v1/tasks/service.js:278:15)

[0mGET /api/v1/tasks/31?include=project,assignees [32m200[0m 10.590 ms - 961[0m
[0mGET /api/v1/tasks/31?include=nonexistent_relation [33m400[0m 2.040 ms - 53[0m
  console.log
    Shared task test resources destroyed.

      at Object.log (tests/integration/tasks.read.test.js:102:16)

  console.log
    Test users 998 and 997 destroyed.

      at Object.log (tests/integration/tasks.read.test.js:110:15)

  console.log
    Test DB Connection has been closed successfully.

      at Object.log (tests/setup.js:31:13)

PASS tests/integration/tasks.read.test.js
  Tasks API - Read Operations (Integration)
    GET /api/v1/tasks
      ΓêÜ should return 401 Unauthorized if no token is provided (23 ms)
      ΓêÜ should return 401 Unauthorized if an invalid token is provided (24 ms)
      ΓêÜ should return 200 OK and a list of tasks for an authenticated user (32 ms)
      ΓêÜ should handle pagination parameters (limit, offset) (14 ms)
      ΓêÜ should filter tasks by project_id (15 ms)
      ΓêÜ should filter tasks by status_id (14 ms)
      ΓêÜ should filter tasks by assigned_user_id (24 ms)
      ΓêÜ should sort tasks by name ascending (14 ms)
      ΓêÜ should sort tasks by name descending (16 ms)
      ΓêÜ should return 400 Bad Request for invalid pagination parameters (negative limit) (12 ms)
      ΓêÜ should return 400 Bad Request for invalid filter parameters (non-numeric project_id) (8 ms)
      ΓêÜ should return 400 Bad Request for invalid sort parameters (invalid field) (9 ms)
      ΓêÜ should return 400 Bad Request for invalid sort parameters (invalid order) (8 ms)
    GET /api/v1/tasks/:id
      ΓêÜ should return 401 Unauthorized if no token is provided (7 ms)
      ΓêÜ should return 401 Unauthorized if an invalid token is provided (14 ms)
      ΓêÜ should return 400 Bad Request for an invalid (non-numeric) task ID (6 ms)
      ΓêÜ should return 404 Not Found for a non-existent task ID (53 ms)
      ΓêÜ should return 200 OK and the task details for a valid ID (12 ms)
      ΓêÜ should include the associated project when requested (14 ms)
      ΓêÜ should include the associated assignees when requested (15 ms)
      ΓêÜ should include both project and assignees when requested (16 ms)
      ΓêÜ should return 400 Bad Request for invalid include parameter (6 ms)

  console.log
    Using TEST environment configuration from ../../config/config.json

      at Object.log (src/models/index.js:22:9)

  console.log
    Associating model: Job

      at log (src/models/index.js:102:13)
          at Array.forEach (<anonymous>)

  console.log
    Associating model: Person

      at log (src/models/index.js:102:13)
          at Array.forEach (<anonymous>)

  console.log
    Associating model: Project

      at log (src/models/index.js:102:13)
          at Array.forEach (<anonymous>)

  console.log
    Associating model: Task

      at log (src/models/index.js:102:13)
          at Array.forEach (<anonymous>)

  console.log
    --- Association Check (Project -> AssignedPeople) ---

      at Object.log (src/models/index.js:109:11)

  console.log
    Association Type: BelongsToMany

      at Object.log (src/models/index.js:110:11)

  console.log
    Target Model: Person

      at Object.log (src/models/index.js:111:11)

  console.log
    Through Model: ProjectAssignment

      at Object.log (src/models/index.js:112:11)

  console.log
    Through Model Table Name: project_assignments

      at Object.log (src/models/index.js:113:11)

  console.log
    Foreign Key: project_id

      at Object.log (src/models/index.js:114:11)

  console.log
    Other Key: user_id

      at Object.log (src/models/index.js:115:11)

  console.log
    ----------------------------------------------------

      at Object.log (src/models/index.js:116:11)

  console.log
    --- ProjectAssignment Model Check ---

      at Object.log (src/models/index.js:122:13)

  console.log
    Model Name: ProjectAssignment

      at Object.log (src/models/index.js:123:13)

  console.log
    Table Name: project_assignments

      at Object.log (src/models/index.js:124:13)

  console.log
    -----------------------------------

      at Object.log (src/models/index.js:125:13)

  console.log
    Test DB Connection has been established successfully.

      at Object.log (tests/setup.js:18:13)

  console.log
    Test status 1 found.

      at Object.log (tests/integration/projects.write.test.js:30:15)

[0mPOST /api/v1/projects [33m401[0m 5.887 ms - 61[0m
  console.log
    afterEach: Destroying 0 created projects tracked in this file...

      at Object.log (tests/integration/projects.write.test.js:65:15)

  console.log
    afterEach: No projects tracked for destruction.

      at Object.log (tests/integration/projects.write.test.js:76:17)

  console.error
    Authentication error: jwt malformed

    [0m [90m 67 |[39m   } [36mcatch[39m (error) {
     [90m 68 |[39m     [90m// Original error logging (optional to keep error.message)[39m
    [31m[1m>[22m[39m[90m 69 |[39m     console[33m.[39merror([32m'Authentication error:'[39m[33m,[39m error[33m.[39mmessage)[33m;[39m
     [90m    |[39m             [31m[1m^[22m[39m
     [90m 70 |[39m     [36mif[39m (error[33m.[39mname [33m===[39m [32m'TokenExpiredError'[39m) {
     [90m 71 |[39m       [36mreturn[39m res[33m.[39mstatus([35m401[39m)[33m.[39mjson({
     [90m 72 |[39m         success[33m:[39m [36mfalse[39m[33m,[39m[0m

      at error (src/middleware/auth.js:69:13)
      at Layer.handleRequest (node_modules/router/lib/layer.js:152:17)
      at trimPrefix (node_modules/router/index.js:342:13)
      at node_modules/router/index.js:297:9
      at processParams (node_modules/router/index.js:582:12)
      at next (node_modules/router/index.js:291:5)
      at Function.handle (node_modules/router/index.js:186:3)
      at router (node_modules/router/index.js:60:12)
      at Layer.handleRequest (node_modules/router/lib/layer.js:152:17)
      at trimPrefix (node_modules/router/index.js:342:13)
      at node_modules/router/index.js:297:9
      at processParams (node_modules/router/index.js:582:12)
      at next (node_modules/router/index.js:291:5)
      at urlencodedParser (node_modules/body-parser/lib/types/urlencoded.js:57:7)
      at Layer.handleRequest (node_modules/router/lib/layer.js:152:17)
      at trimPrefix (node_modules/router/index.js:342:13)
      at node_modules/router/index.js:297:9
      at processParams (node_modules/router/index.js:582:12)
      at next (node_modules/router/index.js:291:5)
      at node_modules/body-parser/lib/read.js:132:5
      at invokeCallback (node_modules/raw-body/index.js:238:16)
      at done (node_modules/raw-body/index.js:227:7)
      at IncomingMessage.onEnd (node_modules/raw-body/index.js:287:7)

[0mPOST /api/v1/projects [33m401[0m 4.243 ms - 42[0m
  console.log
    afterEach: Destroying 0 created projects tracked in this file...

      at Object.log (tests/integration/projects.write.test.js:65:15)

  console.log
    afterEach: No projects tracked for destruction.

      at Object.log (tests/integration/projects.write.test.js:76:17)

[0mPOST /api/v1/projects [33m400[0m 2.686 ms - 227[0m
  console.log
    afterEach: Destroying 0 created projects tracked in this file...

      at Object.log (tests/integration/projects.write.test.js:65:15)

  console.log
    afterEach: No projects tracked for destruction.

      at Object.log (tests/integration/projects.write.test.js:76:17)

[0mPOST /api/v1/projects [33m400[0m 2.818 ms - 259[0m
  console.log
    afterEach: Destroying 0 created projects tracked in this file...

      at Object.log (tests/integration/projects.write.test.js:65:15)

  console.log
    afterEach: No projects tracked for destruction.

      at Object.log (tests/integration/projects.write.test.js:76:17)

[0mPOST /api/v1/projects [33m400[0m 3.034 ms - 235[0m
  console.log
    afterEach: Destroying 0 created projects tracked in this file...

      at Object.log (tests/integration/projects.write.test.js:65:15)

  console.log
    afterEach: No projects tracked for destruction.

      at Object.log (tests/integration/projects.write.test.js:76:17)

  console.log
    [Controller.createProject] User ID from token: 998

      at log (src/api/v1/projects/controller.js:106:13)

  console.log
    [Controller.createProject] Calling service.createProject with data: {"name":"New Integration Test Project 1745018537759","clickup_space_id":"space_1745018537759","clickup_id":"proj_1745018537759","status_id":99999} and userId: 998

      at log (src/api/v1/projects/controller.js:114:13)

  console.error
    [Controller.createProject] Caught generic error: Invalid Status ID provided: 99999 Error: Invalid Status ID provided: 99999
        at Object.createProject (C:\Apps\Brian\src\api\v1\projects\service.js:449:27)
        at processTicksAndRejections (node:internal/process/task_queues:105:5)
        at createProject (C:\Apps\Brian\src\api\v1\projects\controller.js:116:24)

    [0m [90m 130 |[39m
     [90m 131 |[39m     [90m// Let the generic error handler manage other service/database errors[39m
    [31m[1m>[22m[39m[90m 132 |[39m     console[33m.[39merror([32m`[Controller.createProject] Caught generic error: ${error.message}`[39m[33m,[39m error[33m.[39mstack)[33m;[39m [90m// Log other errors[39m
     [90m     |[39m             [31m[1m^[22m[39m
     [90m 133 |[39m     handleError(res[33m,[39m error)[33m;[39m
     [90m 134 |[39m   }
     [90m 135 |[39m }[33m;[39m[0m

      at error (src/api/v1/projects/controller.js:132:13)

  console.error
    handleError: {
      error: Error: Invalid Status ID provided: 99999
          at Object.createProject (C:\Apps\Brian\src\api\v1\projects\service.js:449:27)
          at processTicksAndRejections (node:internal/process/task_queues:105:5)
          at createProject (C:\Apps\Brian\src\api\v1\projects\controller.js:116:24) {
        statusCode: 400
      },
      status: 400,
      message: 'Invalid Status ID provided: 99999',
      name: 'Error',
      stack: 'Error: Invalid Status ID provided: 99999\n' +
        '    at Object.createProject (C:\\Apps\\Brian\\src\\api\\v1\\projects\\service.js:449:27)\n' +
        '    at processTicksAndRejections (node:internal/process/task_queues:105:5)\n' +
        '    at createProject (C:\\Apps\\Brian\\src\\api\\v1\\projects\\controller.js:116:24)'
    }

    [0m [90m 47 |[39m   
     [90m 48 |[39m   [90m// Enhanced logging for debugging purposes[39m
    [31m[1m>[22m[39m[90m 49 |[39m   console[33m.[39merror([32m'handleError:'[39m[33m,[39m {
     [90m    |[39m           [31m[1m^[22m[39m
     [90m 50 |[39m     error[33m:[39m error[33m,[39m
     [90m 51 |[39m     status[33m:[39m statusCode[33m,[39m
     [90m 52 |[39m     message[33m:[39m error[33m.[39mmessage[33m,[39m[0m

      at error (src/utils/responseHandlers.js:49:11)
      at handleError (src/api/v1/projects/controller.js:133:5)

[0mPOST /api/v1/projects [33m400[0m 43.400 ms - 61[0m
  console.log
    afterEach: Destroying 0 created projects tracked in this file...

      at Object.log (tests/integration/projects.write.test.js:65:15)

  console.log
    afterEach: No projects tracked for destruction.

      at Object.log (tests/integration/projects.write.test.js:76:17)

  console.log
    [Controller.createProject] User ID from token: 998

      at log (src/api/v1/projects/controller.js:106:13)

  console.log
    [Controller.createProject] Calling service.createProject with data: {"name":"New Integration Test Project 1745018537759","clickup_space_id":"space_1745018537759","clickup_id":"proj_1745018537759","status_id":1} and userId: 998

      at log (src/api/v1/projects/controller.js:114:13)

  console.log
    [Controller.createProject] service.createProject returned: Project ID 7

      at log (src/api/v1/projects/controller.js:117:13)

  console.log
    [Controller.createProject] Calling handleResponse with status 201 and project ID: 7

      at log (src/api/v1/projects/controller.js:120:13)

[0mPOST /api/v1/projects [32m201[0m 9.696 ms - 399[0m
  console.log
    afterEach: Destroying 1 created projects tracked in this file...

      at Object.log (tests/integration/projects.write.test.js:65:15)

  console.log
    afterEach: Tracked projects destroyed.

      at Object.log (tests/integration/projects.write.test.js:71:21)

  console.log
    Created project 8 for PUT test.

      at Object.log (tests/integration/projects.write.test.js:240:17)

[0mPUT /api/v1/projects/8 [33m401[0m 0.495 ms - 61[0m
  console.log
    afterEach: Destroying 1 created projects tracked in this file...

      at Object.log (tests/integration/projects.write.test.js:65:15)

  console.log
    afterEach: Tracked projects destroyed.

      at Object.log (tests/integration/projects.write.test.js:71:21)

  console.log
    Created project 9 for PUT test.

      at Object.log (tests/integration/projects.write.test.js:240:17)

  console.error
    Authentication error: jwt malformed

    [0m [90m 67 |[39m   } [36mcatch[39m (error) {
     [90m 68 |[39m     [90m// Original error logging (optional to keep error.message)[39m
    [31m[1m>[22m[39m[90m 69 |[39m     console[33m.[39merror([32m'Authentication error:'[39m[33m,[39m error[33m.[39mmessage)[33m;[39m
     [90m    |[39m             [31m[1m^[22m[39m
     [90m 70 |[39m     [36mif[39m (error[33m.[39mname [33m===[39m [32m'TokenExpiredError'[39m) {
     [90m 71 |[39m       [36mreturn[39m res[33m.[39mstatus([35m401[39m)[33m.[39mjson({
     [90m 72 |[39m         success[33m:[39m [36mfalse[39m[33m,[39m[0m

      at error (src/middleware/auth.js:69:13)
      at Layer.handleRequest (node_modules/router/lib/layer.js:152:17)
      at trimPrefix (node_modules/router/index.js:342:13)
      at node_modules/router/index.js:297:9
      at processParams (node_modules/router/index.js:582:12)
      at next (node_modules/router/index.js:291:5)
      at Function.handle (node_modules/router/index.js:186:3)
      at router (node_modules/router/index.js:60:12)
      at Layer.handleRequest (node_modules/router/lib/layer.js:152:17)
      at trimPrefix (node_modules/router/index.js:342:13)
      at node_modules/router/index.js:297:9
      at processParams (node_modules/router/index.js:582:12)
      at next (node_modules/router/index.js:291:5)
      at urlencodedParser (node_modules/body-parser/lib/types/urlencoded.js:57:7)
      at Layer.handleRequest (node_modules/router/lib/layer.js:152:17)
      at trimPrefix (node_modules/router/index.js:342:13)
      at node_modules/router/index.js:297:9
      at processParams (node_modules/router/index.js:582:12)
      at next (node_modules/router/index.js:291:5)
      at node_modules/body-parser/lib/read.js:132:5
      at invokeCallback (node_modules/raw-body/index.js:238:16)
      at done (node_modules/raw-body/index.js:227:7)
      at IncomingMessage.onEnd (node_modules/raw-body/index.js:287:7)

[0mPUT /api/v1/projects/9 [33m401[0m 2.970 ms - 42[0m
  console.log
    afterEach: Destroying 1 created projects tracked in this file...

      at Object.log (tests/integration/projects.write.test.js:65:15)

  console.log
    afterEach: Tracked projects destroyed.

      at Object.log (tests/integration/projects.write.test.js:71:21)

  console.log
    Created project 10 for PUT test.

      at Object.log (tests/integration/projects.write.test.js:240:17)

  console.error
    Global Error Handler: {
      error: Error: Invalid project ID
          at handleValidationErrors (C:\Apps\Brian\src\api\v1\projects\routes.js:16:17)
          at Layer.handleRequest (C:\Apps\Brian\node_modules\router\lib\layer.js:152:17)
          at next (C:\Apps\Brian\node_modules\router\lib\route.js:157:13)
          at middleware (C:\Apps\Brian\node_modules\express-validator\lib\middlewares\check.js:16:13)
          at processTicksAndRejections (node:internal/process/task_queues:105:5) {
        statusCode: 400,
        errors: [ [Object] ]
      },
      message: 'Invalid project ID',
      statusCode: 400,
      name: 'Error',
      stack: 'Error: Invalid project ID\n' +
        '    at handleValidationErrors (C:\\Apps\\Brian\\src\\api\\v1\\projects\\routes.js:16:17)\n' +
        '    at Layer.handleRequest (C:\\Apps\\Brian\\node_modules\\router\\lib\\layer.js:152:17)\n' +
        '    at next (C:\\Apps\\Brian\\node_modules\\router\\lib\\route.js:157:13)\n' +
        '    at middleware (C:\\Apps\\Brian\\node_modules\\express-validator\\lib\\middlewares\\check.js:16:13)\n' +
        '    at processTicksAndRejections (node:internal/process/task_queues:105:5)',
      path: '/api/v1/projects/abc',
      method: 'PUT'
    }

    [0m [90m  8 |[39m   
     [90m  9 |[39m   [90m// Enhanced logging for debugging[39m
    [31m[1m>[22m[39m[90m 10 |[39m   console[33m.[39merror([32m'Global Error Handler:'[39m[33m,[39m {
     [90m    |[39m           [31m[1m^[22m[39m
     [90m 11 |[39m     error[33m:[39m err[33m,[39m
     [90m 12 |[39m     message[33m:[39m err[33m.[39mmessage[33m,[39m
     [90m 13 |[39m     statusCode[33m:[39m statusCode[33m,[39m[0m

      at error (src/middleware/error-handler.js:10:11)
      at Layer.handleError (node_modules/router/lib/layer.js:116:17)
      at trimPrefix (node_modules/router/index.js:340:13)
      at node_modules/router/index.js:297:9
      at processParams (node_modules/router/index.js:582:12)
      at next (node_modules/router/index.js:291:5)
      at node_modules/router/index.js:688:15
      at next (node_modules/router/index.js:276:14)
      at next (node_modules/router/lib/route.js:132:14)
      at Layer.handleError (node_modules/router/lib/layer.js:111:12)
      at next (node_modules/router/lib/route.js:155:13)
      at next (src/api/v1/projects/routes.js:19:12)
      at Layer.handleRequest (node_modules/router/lib/layer.js:152:17)
      at next (node_modules/router/lib/route.js:157:13)
      at middleware (node_modules/express-validator/lib/middlewares/check.js:16:13)

[0mPUT /api/v1/projects/abc [33m400[0m 11.020 ms - 46[0m
  console.log
    afterEach: Destroying 1 created projects tracked in this file...

      at Object.log (tests/integration/projects.write.test.js:65:15)

  console.log
    afterEach: Tracked projects destroyed.

      at Object.log (tests/integration/projects.write.test.js:71:21)

  console.log
    Created project 11 for PUT test.

      at Object.log (tests/integration/projects.write.test.js:240:17)

  console.error
    Error updating project with ID 999999: Error: Project with ID 999999 not found.
        at Object.updateProject (C:\Apps\Brian\src\api\v1\projects\service.js:497:21)
        at processTicksAndRejections (node:internal/process/task_queues:105:5)
        at updateProject (C:\Apps\Brian\src\api\v1\projects\controller.js:155:28) {
      statusCode: 404
    }

    [0m [90m 554 |[39m
     [90m 555 |[39m   } [36mcatch[39m (error) {
    [31m[1m>[22m[39m[90m 556 |[39m     console[33m.[39merror([32m`Error updating project with ID ${projectId}:`[39m[33m,[39m error)[33m;[39m
     [90m     |[39m             [31m[1m^[22m[39m
     [90m 557 |[39m     [90m// Re-throw the error, preserving status code if already set (like 404, 400)[39m
     [90m 558 |[39m     [36mif[39m ([33m![39merror[33m.[39mstatusCode) {
     [90m 559 |[39m       [90m// Check for specific DB errors like unique constraints if applicable during update[39m[0m

      at Object.error [as updateProject] (src/api/v1/projects/service.js:556:13)
      at updateProject (src/api/v1/projects/controller.js:155:28)

  console.error
    handleError: {
      error: Error: Project with ID 999999 not found.
          at Object.updateProject (C:\Apps\Brian\src\api\v1\projects\service.js:497:21)
          at processTicksAndRejections (node:internal/process/task_queues:105:5)
          at updateProject (C:\Apps\Brian\src\api\v1\projects\controller.js:155:28) {
        statusCode: 404
      },
      status: 404,
      message: 'Project with ID 999999 not found.',
      name: 'Error',
      stack: 'Error: Project with ID 999999 not found.\n' +
        '    at Object.updateProject (C:\\Apps\\Brian\\src\\api\\v1\\projects\\service.js:497:21)\n' +
        '    at processTicksAndRejections (node:internal/process/task_queues:105:5)\n' +
        '    at updateProject (C:\\Apps\\Brian\\src\\api\\v1\\projects\\controller.js:155:28)'
    }

    [0m [90m 47 |[39m   
     [90m 48 |[39m   [90m// Enhanced logging for debugging purposes[39m
    [31m[1m>[22m[39m[90m 49 |[39m   console[33m.[39merror([32m'handleError:'[39m[33m,[39m {
     [90m    |[39m           [31m[1m^[22m[39m
     [90m 50 |[39m     error[33m:[39m error[33m,[39m
     [90m 51 |[39m     status[33m:[39m statusCode[33m,[39m
     [90m 52 |[39m     message[33m:[39m error[33m.[39mmessage[33m,[39m[0m

      at error (src/utils/responseHandlers.js:49:11)
      at handleError (src/api/v1/projects/controller.js:168:5)

[0mPUT /api/v1/projects/999999 [33m404[0m 12.396 ms - 61[0m
  console.log
    afterEach: Destroying 1 created projects tracked in this file...

      at Object.log (tests/integration/projects.write.test.js:65:15)

  console.log
    afterEach: Tracked projects destroyed.

      at Object.log (tests/integration/projects.write.test.js:71:21)

  console.log
    Created project 12 for PUT test.

      at Object.log (tests/integration/projects.write.test.js:240:17)

  console.error
    Global Error Handler: {
      error: Error: Project name cannot be empty if provided
          at handleValidationErrors (C:\Apps\Brian\src\api\v1\projects\routes.js:16:17)
          at Layer.handleRequest (C:\Apps\Brian\node_modules\router\lib\layer.js:152:17)
          at next (C:\Apps\Brian\node_modules\router\lib\route.js:157:13)
          at middleware (C:\Apps\Brian\node_modules\express-validator\lib\middlewares\check.js:16:13)
          at processTicksAndRejections (node:internal/process/task_queues:105:5) {
        statusCode: 400,
        errors: [ [Object] ]
      },
      message: 'Project name cannot be empty if provided',
      statusCode: 400,
      name: 'Error',
      stack: 'Error: Project name cannot be empty if provided\n' +
        '    at handleValidationErrors (C:\\Apps\\Brian\\src\\api\\v1\\projects\\routes.js:16:17)\n' +
        '    at Layer.handleRequest (C:\\Apps\\Brian\\node_modules\\router\\lib\\layer.js:152:17)\n' +
        '    at next (C:\\Apps\\Brian\\node_modules\\router\\lib\\route.js:157:13)\n' +
        '    at middleware (C:\\Apps\\Brian\\node_modules\\express-validator\\lib\\middlewares\\check.js:16:13)\n' +
        '    at processTicksAndRejections (node:internal/process/task_queues:105:5)',
      path: '/api/v1/projects/12',
      method: 'PUT'
    }

    [0m [90m  8 |[39m   
     [90m  9 |[39m   [90m// Enhanced logging for debugging[39m
    [31m[1m>[22m[39m[90m 10 |[39m   console[33m.[39merror([32m'Global Error Handler:'[39m[33m,[39m {
     [90m    |[39m           [31m[1m^[22m[39m
     [90m 11 |[39m     error[33m:[39m err[33m,[39m
     [90m 12 |[39m     message[33m:[39m err[33m.[39mmessage[33m,[39m
     [90m 13 |[39m     statusCode[33m:[39m statusCode[33m,[39m[0m

      at error (src/middleware/error-handler.js:10:11)
      at Layer.handleError (node_modules/router/lib/layer.js:116:17)
      at trimPrefix (node_modules/router/index.js:340:13)
      at node_modules/router/index.js:297:9
      at processParams (node_modules/router/index.js:582:12)
      at next (node_modules/router/index.js:291:5)
      at node_modules/router/index.js:688:15
      at next (node_modules/router/index.js:276:14)
      at next (node_modules/router/lib/route.js:132:14)
      at Layer.handleError (node_modules/router/lib/layer.js:111:12)
      at next (node_modules/router/lib/route.js:155:13)
      at next (src/api/v1/projects/routes.js:19:12)
      at Layer.handleRequest (node_modules/router/lib/layer.js:152:17)
      at next (node_modules/router/lib/route.js:157:13)
      at middleware (node_modules/express-validator/lib/middlewares/check.js:16:13)

[0mPUT /api/v1/projects/12 [33m400[0m 6.752 ms - 68[0m
  console.log
    afterEach: Destroying 1 created projects tracked in this file...

      at Object.log (tests/integration/projects.write.test.js:65:15)

  console.log
    afterEach: Tracked projects destroyed.

      at Object.log (tests/integration/projects.write.test.js:71:21)

  console.log
    Created project 13 for PUT test.

      at Object.log (tests/integration/projects.write.test.js:240:17)

  console.log
    Attempting to update project ID 13 with data: {
      "name": "Updated Project Name",
      "status_id": 99999,
      "description": "This is an updated description."
    }

      at Object.log [as updateProject] (src/api/v1/projects/service.js:528:13)

  console.error
    Error updating project with ID 13: Error: Invalid Status ID provided: 99999
        at Object.updateProject (C:\Apps\Brian\src\api\v1\projects\service.js:536:27)
        at processTicksAndRejections (node:internal/process/task_queues:105:5)
        at updateProject (C:\Apps\Brian\src\api\v1\projects\controller.js:155:28) {
      statusCode: 400
    }

    [0m [90m 554 |[39m
     [90m 555 |[39m   } [36mcatch[39m (error) {
    [31m[1m>[22m[39m[90m 556 |[39m     console[33m.[39merror([32m`Error updating project with ID ${projectId}:`[39m[33m,[39m error)[33m;[39m
     [90m     |[39m             [31m[1m^[22m[39m
     [90m 557 |[39m     [90m// Re-throw the error, preserving status code if already set (like 404, 400)[39m
     [90m 558 |[39m     [36mif[39m ([33m![39merror[33m.[39mstatusCode) {
     [90m 559 |[39m       [90m// Check for specific DB errors like unique constraints if applicable during update[39m[0m

      at Object.error [as updateProject] (src/api/v1/projects/service.js:556:13)
      at updateProject (src/api/v1/projects/controller.js:155:28)

  console.error
    handleError: {
      error: Error: Invalid Status ID provided: 99999
          at Object.updateProject (C:\Apps\Brian\src\api\v1\projects\service.js:536:27)
          at processTicksAndRejections (node:internal/process/task_queues:105:5)
          at updateProject (C:\Apps\Brian\src\api\v1\projects\controller.js:155:28) {
        statusCode: 400
      },
      status: 400,
      message: 'Invalid Status ID provided: 99999',
      name: 'Error',
      stack: 'Error: Invalid Status ID provided: 99999\n' +
        '    at Object.updateProject (C:\\Apps\\Brian\\src\\api\\v1\\projects\\service.js:536:27)\n' +
        '    at processTicksAndRejections (node:internal/process/task_queues:105:5)\n' +
        '    at updateProject (C:\\Apps\\Brian\\src\\api\\v1\\projects\\controller.js:155:28)'
    }

    [0m [90m 47 |[39m   
     [90m 48 |[39m   [90m// Enhanced logging for debugging purposes[39m
    [31m[1m>[22m[39m[90m 49 |[39m   console[33m.[39merror([32m'handleError:'[39m[33m,[39m {
     [90m    |[39m           [31m[1m^[22m[39m
     [90m 50 |[39m     error[33m:[39m error[33m,[39m
     [90m 51 |[39m     status[33m:[39m statusCode[33m,[39m
     [90m 52 |[39m     message[33m:[39m error[33m.[39mmessage[33m,[39m[0m

      at error (src/utils/responseHandlers.js:49:11)
      at handleError (src/api/v1/projects/controller.js:168:5)

[0mPUT /api/v1/projects/13 [33m400[0m 12.560 ms - 61[0m
  console.log
    afterEach: Destroying 1 created projects tracked in this file...

      at Object.log (tests/integration/projects.write.test.js:65:15)

  console.log
    afterEach: Tracked projects destroyed.

      at Object.log (tests/integration/projects.write.test.js:71:21)

  console.log
    Created project 14 for PUT test.

      at Object.log (tests/integration/projects.write.test.js:240:17)

  console.log
    Attempting to update project ID 14 with data: {
      "name": "Updated Project Name",
      "status_id": 1,
      "description": "This is an updated description."
    }

      at Object.log [as updateProject] (src/api/v1/projects/service.js:528:13)

  console.log
    Project ID 14 updated successfully.

      at Object.log [as updateProject] (src/api/v1/projects/service.js:548:13)

  console.log
    Reloaded project object before return (ID: 14): {
      "id": 14,
      "name": "Updated Project Name",
      "clickup_space_id": "space_put",
      "clickup_id": "proj_put",
      "status_id": 1,
      "created_by_user_id": 998,
      "description": "This is an updated description.",
      "notes": null,
      "project_open": true,
      "archived": false,
      "start_date": null,
      "due_date": null,
      "closed_at": null,
      "created_at": "2025-04-18T23:22:18.290Z",
      "modified_at": "2025-04-18T23:22:18.304Z"
    }

      at Object.log [as updateProject] (src/api/v1/projects/service.js:552:13)

[0mPUT /api/v1/projects/14 [32m200[0m 12.000 ms - 387[0m
  console.log
    afterEach: Destroying 1 created projects tracked in this file...

      at Object.log (tests/integration/projects.write.test.js:65:15)

  console.log
    afterEach: Tracked projects destroyed.

      at Object.log (tests/integration/projects.write.test.js:71:21)

  console.log
    Created project 15 for PUT test.

      at Object.log (tests/integration/projects.write.test.js:240:17)

  console.log
    Attempting to update project ID 15 with data: {
      "name": "Updated Project Name",
      "status_id": 1,
      "description": "This is an updated description."
    }

      at Object.log [as updateProject] (src/api/v1/projects/service.js:528:13)

  console.log
    Project ID 15 updated successfully.

      at Object.log [as updateProject] (src/api/v1/projects/service.js:548:13)

  console.log
    Reloaded project object before return (ID: 15): {
      "id": 15,
      "name": "Updated Project Name",
      "clickup_space_id": "space_put",
      "clickup_id": "proj_put",
      "status_id": 1,
      "created_by_user_id": 998,
      "description": "This is an updated description.",
      "notes": null,
      "project_open": true,
      "archived": false,
      "start_date": null,
      "due_date": null,
      "closed_at": null,
      "created_at": "2025-04-18T23:22:18.317Z",
      "modified_at": "2025-04-18T23:22:18.331Z"
    }

      at Object.log [as updateProject] (src/api/v1/projects/service.js:552:13)

[0mPUT /api/v1/projects/15 [32m200[0m 13.292 ms - 387[0m
  console.log
    afterEach: Destroying 1 created projects tracked in this file...

      at Object.log (tests/integration/projects.write.test.js:65:15)

  console.log
    afterEach: Tracked projects destroyed.

      at Object.log (tests/integration/projects.write.test.js:71:21)

  console.log
    Created project 16 for DELETE test.

      at Object.log (tests/integration/projects.write.test.js:394:17)

[0mDELETE /api/v1/projects/16 [33m401[0m 0.428 ms - 61[0m
  console.log
    afterEach: Destroying 1 created projects tracked in this file...

      at Object.log (tests/integration/projects.write.test.js:65:15)

  console.log
    afterEach: Tracked projects destroyed.

      at Object.log (tests/integration/projects.write.test.js:71:21)

  console.log
    Created project 17 for DELETE test.

      at Object.log (tests/integration/projects.write.test.js:394:17)

  console.error
    Authentication error: jwt malformed

    [0m [90m 67 |[39m   } [36mcatch[39m (error) {
     [90m 68 |[39m     [90m// Original error logging (optional to keep error.message)[39m
    [31m[1m>[22m[39m[90m 69 |[39m     console[33m.[39merror([32m'Authentication error:'[39m[33m,[39m error[33m.[39mmessage)[33m;[39m
     [90m    |[39m             [31m[1m^[22m[39m
     [90m 70 |[39m     [36mif[39m (error[33m.[39mname [33m===[39m [32m'TokenExpiredError'[39m) {
     [90m 71 |[39m       [36mreturn[39m res[33m.[39mstatus([35m401[39m)[33m.[39mjson({
     [90m 72 |[39m         success[33m:[39m [36mfalse[39m[33m,[39m[0m

      at error (src/middleware/auth.js:69:13)
      at Layer.handleRequest (node_modules/router/lib/layer.js:152:17)
      at trimPrefix (node_modules/router/index.js:342:13)
      at node_modules/router/index.js:297:9
      at processParams (node_modules/router/index.js:582:12)
      at next (node_modules/router/index.js:291:5)
      at Function.handle (node_modules/router/index.js:186:3)
      at router (node_modules/router/index.js:60:12)
      at Layer.handleRequest (node_modules/router/lib/layer.js:152:17)
      at trimPrefix (node_modules/router/index.js:342:13)
      at node_modules/router/index.js:297:9
      at processParams (node_modules/router/index.js:582:12)
      at next (node_modules/router/index.js:291:5)
      at urlencodedParser (node_modules/body-parser/lib/types/urlencoded.js:68:7)
      at Layer.handleRequest (node_modules/router/lib/layer.js:152:17)
      at trimPrefix (node_modules/router/index.js:342:13)
      at node_modules/router/index.js:297:9
      at processParams (node_modules/router/index.js:582:12)
      at next (node_modules/router/index.js:291:5)
      at jsonParser (node_modules/body-parser/lib/types/json.js:100:7)
      at Layer.handleRequest (node_modules/router/lib/layer.js:152:17)
      at trimPrefix (node_modules/router/index.js:342:13)
      at node_modules/router/index.js:297:9
      at processParams (node_modules/router/index.js:582:12)
      at next (node_modules/router/index.js:291:5)
      at logger (node_modules/morgan/index.js:144:5)
      at Layer.handleRequest (node_modules/router/lib/layer.js:152:17)
      at trimPrefix (node_modules/router/index.js:342:13)
      at node_modules/router/index.js:297:9
      at processParams (node_modules/router/index.js:582:12)
      at next (node_modules/router/index.js:291:5)
      at internalNext (node_modules/helmet/index.cjs:531:6)
      at xXssProtectionMiddleware (node_modules/helmet/index.cjs:311:3)
      at internalNext (node_modules/helmet/index.cjs:529:6)
      at xPoweredByMiddleware (node_modules/helmet/index.cjs:304:3)
      at internalNext (node_modules/helmet/index.cjs:529:6)
      at xPermittedCrossDomainPoliciesMiddleware (node_modules/helmet/index.cjs:297:3)
      at internalNext (node_modules/helmet/index.cjs:529:6)
      at xFrameOptionsMiddleware (node_modules/helmet/index.cjs:281:3)
      at internalNext (node_modules/helmet/index.cjs:529:6)
      at xDownloadOptionsMiddleware (node_modules/helmet/index.cjs:261:3)
      at internalNext (node_modules/helmet/index.cjs:529:6)
      at xDnsPrefetchControlMiddleware (node_modules/helmet/index.cjs:254:3)
      at internalNext (node_modules/helmet/index.cjs:529:6)
      at xContentTypeOptionsMiddleware (node_modules/helmet/index.cjs:246:3)
      at internalNext (node_modules/helmet/index.cjs:529:6)
      at strictTransportSecurityMiddleware (node_modules/helmet/index.cjs:239:3)
      at internalNext (node_modules/helmet/index.cjs:529:6)
      at referrerPolicyMiddleware (node_modules/helmet/index.cjs:207:3)
      at internalNext (node_modules/helmet/index.cjs:529:6)
      at originAgentClusterMiddleware (node_modules/helmet/index.cjs:182:3)
      at internalNext (node_modules/helmet/index.cjs:529:6)
      at crossOriginResourcePolicyMiddleware (node_modules/helmet/index.cjs:175:3)
      at internalNext (node_modules/helmet/index.cjs:529:6)
      at crossOriginOpenerPolicyMiddleware (node_modules/helmet/index.cjs:159:3)
      at internalNext (node_modules/helmet/index.cjs:529:6)
      at contentSecurityPolicyMiddleware (node_modules/helmet/index.cjs:124:4)
      at internalNext (node_modules/helmet/index.cjs:529:6)
      at helmetMiddleware (node_modules/helmet/index.cjs:533:6)
      at Layer.handleRequest (node_modules/router/lib/layer.js:152:17)
      at trimPrefix (node_modules/router/index.js:342:13)
      at node_modules/router/index.js:297:9
      at processParams (node_modules/router/index.js:582:12)
      at next (node_modules/router/index.js:291:5)
      at cors (node_modules/cors/lib/index.js:188:7)
      at node_modules/cors/lib/index.js:224:17
      at originCallback (node_modules/cors/lib/index.js:214:15)
      at node_modules/cors/lib/index.js:219:13
      at optionsCallback (node_modules/cors/lib/index.js:199:9)
      at corsMiddleware (node_modules/cors/lib/index.js:204:7)
      at Layer.handleRequest (node_modules/router/lib/layer.js:152:17)
      at trimPrefix (node_modules/router/index.js:342:13)
      at node_modules/router/index.js:297:9
      at processParams (node_modules/router/index.js:582:12)
      at next (node_modules/router/index.js:291:5)
      at Function.handle (node_modules/router/index.js:186:3)
      at Function.handle (node_modules/express/lib/application.js:177:15)
      at Server.app (node_modules/express/lib/express.js:38:9)

[0mDELETE /api/v1/projects/17 [33m401[0m 6.732 ms - 42[0m
  console.log
    afterEach: Destroying 1 created projects tracked in this file...

      at Object.log (tests/integration/projects.write.test.js:65:15)

  console.log
    afterEach: Tracked projects destroyed.

      at Object.log (tests/integration/projects.write.test.js:71:21)

  console.log
    Created project 18 for DELETE test.

      at Object.log (tests/integration/projects.write.test.js:394:17)

  console.error
    Global Error Handler: {
      error: Error: Invalid project ID
          at handleValidationErrors (C:\Apps\Brian\src\api\v1\projects\routes.js:16:17)
          at Layer.handleRequest (C:\Apps\Brian\node_modules\router\lib\layer.js:152:17)
          at next (C:\Apps\Brian\node_modules\router\lib\route.js:157:13)
          at middleware (C:\Apps\Brian\node_modules\express-validator\lib\middlewares\check.js:16:13)
          at processTicksAndRejections (node:internal/process/task_queues:105:5) {
        statusCode: 400,
        errors: [ [Object] ]
      },
      message: 'Invalid project ID',
      statusCode: 400,
      name: 'Error',
      stack: 'Error: Invalid project ID\n' +
        '    at handleValidationErrors (C:\\Apps\\Brian\\src\\api\\v1\\projects\\routes.js:16:17)\n' +
        '    at Layer.handleRequest (C:\\Apps\\Brian\\node_modules\\router\\lib\\layer.js:152:17)\n' +
        '    at next (C:\\Apps\\Brian\\node_modules\\router\\lib\\route.js:157:13)\n' +
        '    at middleware (C:\\Apps\\Brian\\node_modules\\express-validator\\lib\\middlewares\\check.js:16:13)\n' +
        '    at processTicksAndRejections (node:internal/process/task_queues:105:5)',
      path: '/api/v1/projects/abc',
      method: 'DELETE'
    }

    [0m [90m  8 |[39m   
     [90m  9 |[39m   [90m// Enhanced logging for debugging[39m
    [31m[1m>[22m[39m[90m 10 |[39m   console[33m.[39merror([32m'Global Error Handler:'[39m[33m,[39m {
     [90m    |[39m           [31m[1m^[22m[39m
     [90m 11 |[39m     error[33m:[39m err[33m,[39m
     [90m 12 |[39m     message[33m:[39m err[33m.[39mmessage[33m,[39m
     [90m 13 |[39m     statusCode[33m:[39m statusCode[33m,[39m[0m

      at error (src/middleware/error-handler.js:10:11)
      at Layer.handleError (node_modules/router/lib/layer.js:116:17)
      at trimPrefix (node_modules/router/index.js:340:13)
      at node_modules/router/index.js:297:9
      at processParams (node_modules/router/index.js:582:12)
      at Immediate.next (node_modules/router/index.js:291:5)
      at Immediate._onImmediate (node_modules/router/index.js:688:15)

[0mDELETE /api/v1/projects/abc [33m400[0m 5.336 ms - 46[0m
  console.log
    afterEach: Destroying 1 created projects tracked in this file...

      at Object.log (tests/integration/projects.write.test.js:65:15)

  console.log
    afterEach: Tracked projects destroyed.

      at Object.log (tests/integration/projects.write.test.js:71:21)

  console.log
    Created project 19 for DELETE test.

      at Object.log (tests/integration/projects.write.test.js:394:17)

  console.error
    Error deleting project with ID 999999: Error: Project with ID 999999 not found.
        at Object.deleteProject (C:\Apps\Brian\src\api\v1\projects\service.js:588:21)
        at processTicksAndRejections (node:internal/process/task_queues:105:5)
        at deleteProject (C:\Apps\Brian\src\api\v1\projects\controller.js:189:20) {
      statusCode: 404
    }

    [0m [90m 627 |[39m
     [90m 628 |[39m   } [36mcatch[39m (error) {
    [31m[1m>[22m[39m[90m 629 |[39m     console[33m.[39merror([32m`Error deleting project with ID ${projectId}:`[39m[33m,[39m error)[33m;[39m
     [90m     |[39m             [31m[1m^[22m[39m
     [90m 630 |[39m     [90m// Re-throw the error, preserving status code if already set (404, 400, 409)[39m
     [90m 631 |[39m     [36mif[39m ([33m![39merror[33m.[39mstatusCode) {
     [90m 632 |[39m       error[33m.[39mmessage [33m=[39m [32m`Failed to delete project with ID ${projectId}: ${error.message}`[39m[33m;[39m[0m

      at Object.error [as deleteProject] (src/api/v1/projects/service.js:629:13)
      at deleteProject (src/api/v1/projects/controller.js:189:20)

  console.error
    handleError: {
      error: Error: Project with ID 999999 not found.
          at Object.deleteProject (C:\Apps\Brian\src\api\v1\projects\service.js:588:21)
          at processTicksAndRejections (node:internal/process/task_queues:105:5)
          at deleteProject (C:\Apps\Brian\src\api\v1\projects\controller.js:189:20) {
        statusCode: 404
      },
      status: 404,
      message: 'Project with ID 999999 not found.',
      name: 'Error',
      stack: 'Error: Project with ID 999999 not found.\n' +
        '    at Object.deleteProject (C:\\Apps\\Brian\\src\\api\\v1\\projects\\service.js:588:21)\n' +
        '    at processTicksAndRejections (node:internal/process/task_queues:105:5)\n' +
        '    at deleteProject (C:\\Apps\\Brian\\src\\api\\v1\\projects\\controller.js:189:20)'
    }

    [0m [90m 47 |[39m   
     [90m 48 |[39m   [90m// Enhanced logging for debugging purposes[39m
    [31m[1m>[22m[39m[90m 49 |[39m   console[33m.[39merror([32m'handleError:'[39m[33m,[39m {
     [90m    |[39m           [31m[1m^[22m[39m
     [90m 50 |[39m     error[33m:[39m error[33m,[39m
     [90m 51 |[39m     status[33m:[39m statusCode[33m,[39m
     [90m 52 |[39m     message[33m:[39m error[33m.[39mmessage[33m,[39m[0m

      at error (src/utils/responseHandlers.js:49:11)
      at handleError (src/api/v1/projects/controller.js:197:5)

[0mDELETE /api/v1/projects/999999 [33m404[0m 12.837 ms - 61[0m
  console.log
    afterEach: Destroying 1 created projects tracked in this file...

      at Object.log (tests/integration/projects.write.test.js:65:15)

  console.log
    afterEach: Tracked projects destroyed.

      at Object.log (tests/integration/projects.write.test.js:71:21)

  console.log
    Created project 20 for DELETE test.

      at Object.log (tests/integration/projects.write.test.js:394:17)

  console.log
    Attempting to delete project ID 20...

      at Object.log [as deleteProject] (src/api/v1/projects/service.js:613:13)

  console.log
    Project ID 20 deleted successfully.

      at Object.log [as deleteProject] (src/api/v1/projects/service.js:624:13)

[0mDELETE /api/v1/projects/20 [32m204[0m 11.552 ms - -[0m
  console.log
    afterEach: Destroying 0 created projects tracked in this file...

      at Object.log (tests/integration/projects.write.test.js:65:15)

  console.log
    afterEach: No projects tracked for destruction.

      at Object.log (tests/integration/projects.write.test.js:76:17)

  console.log
    Created project 21 for DELETE test.

      at Object.log (tests/integration/projects.write.test.js:394:17)

  console.log
    Created dependency task 33 for project 21

      at Object.log (tests/integration/projects.write.test.js:470:21)

  console.error
    Error deleting project with ID 21: Error: Cannot delete project ID 21: It has 1 associated task(s). Please resolve or reassign them first.
        at Object.deleteProject (C:\Apps\Brian\src\api\v1\projects\service.js:597:21)
        at processTicksAndRejections (node:internal/process/task_queues:105:5)
        at deleteProject (C:\Apps\Brian\src\api\v1\projects\controller.js:189:20) {
      statusCode: 409
    }

    [0m [90m 627 |[39m
     [90m 628 |[39m   } [36mcatch[39m (error) {
    [31m[1m>[22m[39m[90m 629 |[39m     console[33m.[39merror([32m`Error deleting project with ID ${projectId}:`[39m[33m,[39m error)[33m;[39m
     [90m     |[39m             [31m[1m^[22m[39m
     [90m 630 |[39m     [90m// Re-throw the error, preserving status code if already set (404, 400, 409)[39m
     [90m 631 |[39m     [36mif[39m ([33m![39merror[33m.[39mstatusCode) {
     [90m 632 |[39m       error[33m.[39mmessage [33m=[39m [32m`Failed to delete project with ID ${projectId}: ${error.message}`[39m[33m;[39m[0m

      at Object.error [as deleteProject] (src/api/v1/projects/service.js:629:13)
      at deleteProject (src/api/v1/projects/controller.js:189:20)

  console.error
    handleError: {
      error: Error: Cannot delete project ID 21: It has 1 associated task(s). Please resolve or reassign them first.
          at Object.deleteProject (C:\Apps\Brian\src\api\v1\projects\service.js:597:21)
          at processTicksAndRejections (node:internal/process/task_queues:105:5)
          at deleteProject (C:\Apps\Brian\src\api\v1\projects\controller.js:189:20) {
        statusCode: 409
      },
      status: 409,
      message: 'Cannot delete project ID 21: It has 1 associated task(s). Please resolve or reassign them first.',
      name: 'Error',
      stack: 'Error: Cannot delete project ID 21: It has 1 associated task(s). Please resolve or reassign them first.\n' +
        '    at Object.deleteProject (C:\\Apps\\Brian\\src\\api\\v1\\projects\\service.js:597:21)\n' +
        '    at processTicksAndRejections (node:internal/process/task_queues:105:5)\n' +
        '    at deleteProject (C:\\Apps\\Brian\\src\\api\\v1\\projects\\controller.js:189:20)'
    }

    [0m [90m 47 |[39m   
     [90m 48 |[39m   [90m// Enhanced logging for debugging purposes[39m
    [31m[1m>[22m[39m[90m 49 |[39m   console[33m.[39merror([32m'handleError:'[39m[33m,[39m {
     [90m    |[39m           [31m[1m^[22m[39m
     [90m 50 |[39m     error[33m:[39m error[33m,[39m
     [90m 51 |[39m     status[33m:[39m statusCode[33m,[39m
     [90m 52 |[39m     message[33m:[39m error[33m.[39mmessage[33m,[39m[0m

      at error (src/utils/responseHandlers.js:49:11)
      at handleError (src/api/v1/projects/controller.js:197:5)

[0mDELETE /api/v1/projects/21 [33m409[0m 13.075 ms - 124[0m
  console.log
    Cleaned up dependency task 33

      at Object.log (tests/integration/projects.write.test.js:493:25)

  console.log
    afterEach: Destroying 1 created projects tracked in this file...

      at Object.log (tests/integration/projects.write.test.js:65:15)

  console.log
    afterEach: Tracked projects destroyed.

      at Object.log (tests/integration/projects.write.test.js:71:21)

  console.log
    Test user 998 destroyed.

      at Object.log (tests/integration/projects.write.test.js:89:15)

  console.log
    Test DB Connection has been closed successfully.

      at Object.log (tests/setup.js:31:13)

PASS tests/integration/projects.write.test.js
  Projects API - Write Operations (Integration)
    POST /api/v1/projects
      ΓêÜ should return 401 Unauthorized if no token is provided (113 ms)
      ΓêÜ should return 401 Unauthorized if an invalid token is provided (16 ms)
      ΓêÜ should return 400 Bad Request if required field "name" is missing (10 ms)
      ΓêÜ should return 400 Bad Request if required field "clickup_space_id" is missing (12 ms)
      ΓêÜ should return 400 Bad Request if required field "clickup_id" is missing (11 ms)
      ΓêÜ should return 400 Bad Request if "status_id" is invalid or non-existent (51 ms)
      ΓêÜ should return 201 Created and the new project details for valid data (26 ms)
    PUT /api/v1/projects/:id
      ΓêÜ should return 401 Unauthorized if no token is provided (12 ms)
      ΓêÜ should return 401 Unauthorized if an invalid token is provided (14 ms)
      ΓêÜ should return 400 Bad Request for an invalid (non-numeric) project ID format (22 ms)
      ΓêÜ should return 404 Not Found for a non-existent project ID (25 ms)
      ΓêÜ should return 400 Bad Request if validation fails (e.g., empty name) (22 ms)
      ΓêÜ should return 400 Bad Request if validation fails (e.g., invalid status_id) (25 ms)
      ΓêÜ should return 200 OK and the updated project details for valid data (27 ms)
      ΓêÜ should ignore attempts to update immutable fields (e.g., id, created_by_user_id) (28 ms)
    DELETE /api/v1/projects/:id
      ΓêÜ should return 401 Unauthorized if no token is provided (15 ms)
      ΓêÜ should return 401 Unauthorized if an invalid token is provided (25 ms)
      ΓêÜ should return 400 Bad Request for an invalid (non-numeric) project ID format (17 ms)
      ΓêÜ should return 404 Not Found for a non-existent project ID (29 ms)
      ΓêÜ should return 204 No Content for successful deletion (26 ms)
      ΓêÜ should return 4xx if attempting to delete a project with dependencies (e.g., tasks) (38 ms)

  console.log
    Using TEST environment configuration from ../../config/config.json

      at Object.log (src/models/index.js:22:9)

  console.log
    Associating model: Job

      at log (src/models/index.js:102:13)
          at Array.forEach (<anonymous>)

  console.log
    Associating model: Person

      at log (src/models/index.js:102:13)
          at Array.forEach (<anonymous>)

  console.log
    Associating model: Project

      at log (src/models/index.js:102:13)
          at Array.forEach (<anonymous>)

  console.log
    Associating model: Task

      at log (src/models/index.js:102:13)
          at Array.forEach (<anonymous>)

  console.log
    --- Association Check (Project -> AssignedPeople) ---

      at Object.log (src/models/index.js:109:11)

  console.log
    Association Type: BelongsToMany

      at Object.log (src/models/index.js:110:11)

  console.log
    Target Model: Person

      at Object.log (src/models/index.js:111:11)

  console.log
    Through Model: ProjectAssignment

      at Object.log (src/models/index.js:112:11)

  console.log
    Through Model Table Name: project_assignments

      at Object.log (src/models/index.js:113:11)

  console.log
    Foreign Key: project_id

      at Object.log (src/models/index.js:114:11)

  console.log
    Other Key: user_id

      at Object.log (src/models/index.js:115:11)

  console.log
    ----------------------------------------------------

      at Object.log (src/models/index.js:116:11)

  console.log
    --- ProjectAssignment Model Check ---

      at Object.log (src/models/index.js:122:13)

  console.log
    Model Name: ProjectAssignment

      at Object.log (src/models/index.js:123:13)

  console.log
    Table Name: project_assignments

      at Object.log (src/models/index.js:124:13)

  console.log
    -----------------------------------

      at Object.log (src/models/index.js:125:13)

  console.log
    Test DB Connection has been established successfully.

      at Object.log (tests/setup.js:18:13)

  console.log
    Test job 4 created with title "Test Job 1745018539288" for project 22

      at log (tests/test-helpers.js:60:13)

  console.log
    Test task 34 created with name "Test Task 1745018539303" for project 22

      at log (tests/test-helpers.js:100:13)

  console.log
    Test task 35 created with name "Test Task 1745018539306" for project 22

      at log (tests/test-helpers.js:100:13)

  console.log
    Executing Task.findAndCountAll with options: {
      "where": {},
      "order": [
        [
          "created_at",
          "DESC"
        ]
      ],
      "limit": 10,
      "offset": 0,
      "include": [],
      "distinct": true
    }

      at Object.log [as listTasks] (src/api/v1/tasks/service.js:242:13)

[0mGET /api/v1/tasks [32m200[0m 7.441 ms - 888[0m
  console.log
    Test task 36 created with name "Test Task 1745018539323" for project 22

      at log (tests/test-helpers.js:100:13)

  console.log
    Test task 37 created with name "Test Task 1745018539325" for project 22

      at log (tests/test-helpers.js:100:13)

[0mGET /api/v1/tasks?status_id=invalid [33m400[0m 2.353 ms - 95[0m
  console.log
    Test task 38 created with name "Test Task 1745018539336" for project 22

      at log (tests/test-helpers.js:100:13)

  console.log
    Test task 39 created with name "Test Task 1745018539338" for project 22

      at log (tests/test-helpers.js:100:13)

  console.log
    Executing Task.findByPk for ID: 38 with options: {
      "include": []
    }

      at Object.log [as getTaskById] (src/api/v1/tasks/service.js:278:15)

[0mGET /api/v1/tasks/38 [32m200[0m 3.890 ms - 433[0m
  console.log
    Test task 40 created with name "Test Task 1745018539349" for project 22

      at log (tests/test-helpers.js:100:13)

  console.log
    Test task 41 created with name "Test Task 1745018539351" for project 22

      at log (tests/test-helpers.js:100:13)

  console.log
    Executing Task.findByPk for ID: 99999 with options: {
      "include": []
    }

      at Object.log [as getTaskById] (src/api/v1/tasks/service.js:278:15)

  console.error
    Error fetching task with ID 99999: Error: Task with ID 99999 not found.
        at Object.getTaskById (C:\Apps\Brian\src\api\v1\tasks\service.js:282:31)
        at processTicksAndRejections (node:internal/process/task_queues:105:5)
        at getTaskById (C:\Apps\Brian\src\api\v1\tasks\controller.js:38:18) {
      statusCode: 404
    }

    [0m [90m 284 |[39m       [36mreturn[39m task[33m;[39m
     [90m 285 |[39m   } [36mcatch[39m (error) {
    [31m[1m>[22m[39m[90m 286 |[39m       console[33m.[39merror([32m`Error fetching task with ID ${taskId}:`[39m[33m,[39m error)[33m;[39m
     [90m     |[39m               [31m[1m^[22m[39m
     [90m 287 |[39m       [36mif[39m ([33m![39merror[33m.[39mstatusCode) {
     [90m 288 |[39m           error[33m.[39mmessage [33m=[39m [32m`Failed to retrieve task with ID ${taskId}: ${error.message}`[39m[33m;[39m
     [90m 289 |[39m       }[0m

      at Object.error [as getTaskById] (src/api/v1/tasks/service.js:286:15)
      at getTaskById (src/api/v1/tasks/controller.js:38:18)

  console.error
    handleError: {
      error: Error: Task with ID 99999 not found.
          at Object.getTaskById (C:\Apps\Brian\src\api\v1\tasks\service.js:282:31)
          at processTicksAndRejections (node:internal/process/task_queues:105:5)
          at getTaskById (C:\Apps\Brian\src\api\v1\tasks\controller.js:38:18) {
        statusCode: 404
      },
      status: 404,
      message: 'Task with ID 99999 not found.',
      name: 'Error',
      stack: 'Error: Task with ID 99999 not found.\n' +
        '    at Object.getTaskById (C:\\Apps\\Brian\\src\\api\\v1\\tasks\\service.js:282:31)\n' +
        '    at processTicksAndRejections (node:internal/process/task_queues:105:5)\n' +
        '    at getTaskById (C:\\Apps\\Brian\\src\\api\\v1\\tasks\\controller.js:38:18)'
    }

    [0m [90m 47 |[39m   
     [90m 48 |[39m   [90m// Enhanced logging for debugging purposes[39m
    [31m[1m>[22m[39m[90m 49 |[39m   console[33m.[39merror([32m'handleError:'[39m[33m,[39m {
     [90m    |[39m           [31m[1m^[22m[39m
     [90m 50 |[39m     error[33m:[39m error[33m,[39m
     [90m 51 |[39m     status[33m:[39m statusCode[33m,[39m
     [90m 52 |[39m     message[33m:[39m error[33m.[39mmessage[33m,[39m[0m

      at error (src/utils/responseHandlers.js:49:11)
      at handleError (src/api/v1/tasks/controller.js:41:5)

[0mGET /api/v1/tasks/99999 [33m404[0m 32.288 ms - 57[0m
  console.log
    Test task 42 created with name "Test Task 1745018539391" for project 22

      at log (tests/test-helpers.js:100:13)

  console.log
    Test task 43 created with name "Test Task 1745018539393" for project 22

      at log (tests/test-helpers.js:100:13)

[0mGET /api/v1/tasks/abc [33m400[0m 1.422 ms - 43[0m
  console.log
    Test task 44 created with name "Test Task 1745018539402" for project 22

      at log (tests/test-helpers.js:100:13)

  console.log
    Test task 45 created with name "Test Task 1745018539404" for project 22

      at log (tests/test-helpers.js:100:13)

  console.log
    [Service:createTask] Validating FKs for data: {"name":"A brand new task","project_id":22,"status_id":1,"created_by_user_id":4}

      at Object.log [as createTask] (src/api/v1/tasks/service.js:315:17)

  console.log
    [Service:createTask] Checking Project ID: 22

      at Object.log [as createTask] (src/api/v1/tasks/service.js:317:21)

  console.log
    [Service:createTask] Project ID 22 exists: true

      at Object.log [as createTask] (src/api/v1/tasks/service.js:319:21)

  console.log
    [Service:createTask] Checking Status ID: 1

      at Object.log [as createTask] (src/api/v1/tasks/service.js:329:21)

  console.log
    [Service:createTask] Status ID 1 exists: true

      at Object.log [as createTask] (src/api/v1/tasks/service.js:331:21)

  console.log
    [Service:createTask] FK Validation passed. Attempting Task.create...

      at Object.log [as createTask] (src/api/v1/tasks/service.js:341:17)

  console.log
    [Service:createTask] Task.create successful. Task ID: 46

      at Object.log [as createTask] (src/api/v1/tasks/service.js:343:17)

[0mPOST /api/v1/tasks [32m201[0m 13.636 ms - 415[0m
  console.log
    Test task 47 created with name "Test Task 1745018539425" for project 22

      at log (tests/test-helpers.js:100:13)

  console.log
    Test task 48 created with name "Test Task 1745018539428" for project 22

      at log (tests/test-helpers.js:100:13)

[0mPOST /api/v1/tasks [33m401[0m 0.463 ms - 61[0m
  console.log
    Test task 49 created with name "Test Task 1745018539436" for project 22

      at log (tests/test-helpers.js:100:13)

  console.log
    Test task 50 created with name "Test Task 1745018539438" for project 22

      at log (tests/test-helpers.js:100:13)

  console.error
    Authentication error: jwt malformed

    [0m [90m 67 |[39m   } [36mcatch[39m (error) {
     [90m 68 |[39m     [90m// Original error logging (optional to keep error.message)[39m
    [31m[1m>[22m[39m[90m 69 |[39m     console[33m.[39merror([32m'Authentication error:'[39m[33m,[39m error[33m.[39mmessage)[33m;[39m
     [90m    |[39m             [31m[1m^[22m[39m
     [90m 70 |[39m     [36mif[39m (error[33m.[39mname [33m===[39m [32m'TokenExpiredError'[39m) {
     [90m 71 |[39m       [36mreturn[39m res[33m.[39mstatus([35m401[39m)[33m.[39mjson({
     [90m 72 |[39m         success[33m:[39m [36mfalse[39m[33m,[39m[0m

      at error (src/middleware/auth.js:69:13)
      at Layer.handleRequest (node_modules/router/lib/layer.js:152:17)
      at trimPrefix (node_modules/router/index.js:342:13)
      at node_modules/router/index.js:297:9
      at processParams (node_modules/router/index.js:582:12)
      at next (node_modules/router/index.js:291:5)
      at Function.handle (node_modules/router/index.js:186:3)
      at router (node_modules/router/index.js:60:12)
      at Layer.handleRequest (node_modules/router/lib/layer.js:152:17)
      at trimPrefix (node_modules/router/index.js:342:13)
      at node_modules/router/index.js:297:9
      at processParams (node_modules/router/index.js:582:12)
      at next (node_modules/router/index.js:291:5)
      at urlencodedParser (node_modules/body-parser/lib/types/urlencoded.js:57:7)
      at Layer.handleRequest (node_modules/router/lib/layer.js:152:17)
      at trimPrefix (node_modules/router/index.js:342:13)
      at node_modules/router/index.js:297:9
      at processParams (node_modules/router/index.js:582:12)
      at next (node_modules/router/index.js:291:5)
      at node_modules/body-parser/lib/read.js:132:5
      at invokeCallback (node_modules/raw-body/index.js:238:16)
      at done (node_modules/raw-body/index.js:227:7)
      at IncomingMessage.onEnd (node_modules/raw-body/index.js:287:7)

[0mPOST /api/v1/tasks [33m401[0m 2.782 ms - 42[0m
  console.log
    Test task 51 created with name "Test Task 1745018539448" for project 22

      at log (tests/test-helpers.js:100:13)

  console.log
    Test task 52 created with name "Test Task 1745018539450" for project 22

      at log (tests/test-helpers.js:100:13)

[0mPUT /api/v1/tasks/51 [32m200[0m 6.045 ms - 444[0m
  console.log
    Test task 53 created with name "Test Task 1745018539463" for project 22

      at log (tests/test-helpers.js:100:13)

  console.log
    Test task 54 created with name "Test Task 1745018539466" for project 22

      at log (tests/test-helpers.js:100:13)

  console.error
    Error updating task ID 99999: Error: Task with ID 99999 not found.
        at Object.updateTask (C:\Apps\Brian\src\api\v1\tasks\service.js:393:27)
        at processTicksAndRejections (node:internal/process/task_queues:105:5)
        at updateTask (C:\Apps\Brian\src\api\v1\tasks\controller.js:95:25) {
      statusCode: 404
    }

    [0m [90m 461 |[39m     }
     [90m 462 |[39m   } [36mcatch[39m (error) {
    [31m[1m>[22m[39m[90m 463 |[39m     console[33m.[39merror([32m`Error updating task ID ${taskId}:`[39m[33m,[39m error)[33m;[39m
     [90m     |[39m             [31m[1m^[22m[39m
     [90m 464 |[39m     [90m// Re-throw with statusCode if it already has one, otherwise set to 500[39m
     [90m 465 |[39m     [36mif[39m ([33m![39merror[33m.[39mstatusCode) {
     [90m 466 |[39m         error[33m.[39mstatusCode [33m=[39m [35m500[39m[33m;[39m[0m

      at Object.error [as updateTask] (src/api/v1/tasks/service.js:463:13)
      at updateTask (src/api/v1/tasks/controller.js:95:25)

  console.error
    Controller updateTask Catch: {
      message: 'Task with ID 99999 not found.',
      statusCode: 404,
      stack: 'Error: Task with ID 99999 not found.\n' +
        '    at Object.updateTask (C:\\Apps\\Brian\\src\\api\\v1\\tasks\\service.js:393:27)\n' +
        '    at processTicksAndRejections (node:internal/process/task_queues:105:5)\n' +
        '    at updateTask (C:\\Apps\\Brian\\src\\api\\v1\\tasks\\controller.js:95:25)'
    }

    [0m [90m 100 |[39m   } [36mcatch[39m (error) {
     [90m 101 |[39m     [90m// Add detailed logging for debugging[39m
    [31m[1m>[22m[39m[90m 102 |[39m     console[33m.[39merror([32m'Controller updateTask Catch:'[39m[33m,[39m {
     [90m     |[39m             [31m[1m^[22m[39m
     [90m 103 |[39m       message[33m:[39m error[33m.[39mmessage[33m,[39m
     [90m 104 |[39m       statusCode[33m:[39m error[33m.[39mstatusCode[33m,[39m
     [90m 105 |[39m       stack[33m:[39m error[33m.[39mstack[0m

      at error (src/api/v1/tasks/controller.js:102:13)

  console.error
    handleError: {
      error: Error: Task with ID 99999 not found.
          at Object.updateTask (C:\Apps\Brian\src\api\v1\tasks\service.js:393:27)
          at processTicksAndRejections (node:internal/process/task_queues:105:5)
          at updateTask (C:\Apps\Brian\src\api\v1\tasks\controller.js:95:25) {
        statusCode: 404
      },
      status: 404,
      message: 'Task with ID 99999 not found.',
      name: 'Error',
      stack: 'Error: Task with ID 99999 not found.\n' +
        '    at Object.updateTask (C:\\Apps\\Brian\\src\\api\\v1\\tasks\\service.js:393:27)\n' +
        '    at processTicksAndRejections (node:internal/process/task_queues:105:5)\n' +
        '    at updateTask (C:\\Apps\\Brian\\src\\api\\v1\\tasks\\controller.js:95:25)'
    }

    [0m [90m 47 |[39m   
     [90m 48 |[39m   [90m// Enhanced logging for debugging purposes[39m
    [31m[1m>[22m[39m[90m 49 |[39m   console[33m.[39merror([32m'handleError:'[39m[33m,[39m {
     [90m    |[39m           [31m[1m^[22m[39m
     [90m 50 |[39m     error[33m:[39m error[33m,[39m
     [90m 51 |[39m     status[33m:[39m statusCode[33m,[39m
     [90m 52 |[39m     message[33m:[39m error[33m.[39mmessage[33m,[39m[0m

      at error (src/utils/responseHandlers.js:49:11)
      at handleError (src/api/v1/tasks/controller.js:108:5)

[0mPUT /api/v1/tasks/99999 [33m404[0m 8.845 ms - 57[0m
  console.log
    Test task 55 created with name "Test Task 1745018539483" for project 22

      at log (tests/test-helpers.js:100:13)

  console.log
    Test task 56 created with name "Test Task 1745018539485" for project 22

      at log (tests/test-helpers.js:100:13)

[0mPUT /api/v1/tasks/55 [33m401[0m 0.401 ms - 61[0m
  console.log
    Test task 57 created with name "Test Task 1745018539492" for project 22

      at log (tests/test-helpers.js:100:13)

  console.log
    Test task 58 created with name "Test Task 1745018539494" for project 22

      at log (tests/test-helpers.js:100:13)

[0mPUT /api/v1/tasks/abc [33m400[0m 1.727 ms - 43[0m
  console.log
    Test task 59 created with name "Test Task 1745018539503" for project 22

      at log (tests/test-helpers.js:100:13)

  console.log
    Test task 60 created with name "Test Task 1745018539505" for project 22

      at log (tests/test-helpers.js:100:13)

[0mDELETE /api/v1/tasks/59 [32m204[0m 3.901 ms - -[0m
  console.log
    Executing Task.findByPk for ID: 59 with options: {
      "include": []
    }

      at Object.log [as getTaskById] (src/api/v1/tasks/service.js:278:15)

  console.error
    Error fetching task with ID 59: Error: Task with ID 59 not found.
        at Object.getTaskById (C:\Apps\Brian\src\api\v1\tasks\service.js:282:31)
        at processTicksAndRejections (node:internal/process/task_queues:105:5)
        at getTaskById (C:\Apps\Brian\src\api\v1\tasks\controller.js:38:18) {
      statusCode: 404
    }

    [0m [90m 284 |[39m       [36mreturn[39m task[33m;[39m
     [90m 285 |[39m   } [36mcatch[39m (error) {
    [31m[1m>[22m[39m[90m 286 |[39m       console[33m.[39merror([32m`Error fetching task with ID ${taskId}:`[39m[33m,[39m error)[33m;[39m
     [90m     |[39m               [31m[1m^[22m[39m
     [90m 287 |[39m       [36mif[39m ([33m![39merror[33m.[39mstatusCode) {
     [90m 288 |[39m           error[33m.[39mmessage [33m=[39m [32m`Failed to retrieve task with ID ${taskId}: ${error.message}`[39m[33m;[39m
     [90m 289 |[39m       }[0m

      at Object.error [as getTaskById] (src/api/v1/tasks/service.js:286:15)
      at getTaskById (src/api/v1/tasks/controller.js:38:18)

  console.error
    handleError: {
      error: Error: Task with ID 59 not found.
          at Object.getTaskById (C:\Apps\Brian\src\api\v1\tasks\service.js:282:31)
          at processTicksAndRejections (node:internal/process/task_queues:105:5)
          at getTaskById (C:\Apps\Brian\src\api\v1\tasks\controller.js:38:18) {
        statusCode: 404
      },
      status: 404,
      message: 'Task with ID 59 not found.',
      name: 'Error',
      stack: 'Error: Task with ID 59 not found.\n' +
        '    at Object.getTaskById (C:\\Apps\\Brian\\src\\api\\v1\\tasks\\service.js:282:31)\n' +
        '    at processTicksAndRejections (node:internal/process/task_queues:105:5)\n' +
        '    at getTaskById (C:\\Apps\\Brian\\src\\api\\v1\\tasks\\controller.js:38:18)'
    }

    [0m [90m 47 |[39m   
     [90m 48 |[39m   [90m// Enhanced logging for debugging purposes[39m
    [31m[1m>[22m[39m[90m 49 |[39m   console[33m.[39merror([32m'handleError:'[39m[33m,[39m {
     [90m    |[39m           [31m[1m^[22m[39m
     [90m 50 |[39m     error[33m:[39m error[33m,[39m
     [90m 51 |[39m     status[33m:[39m statusCode[33m,[39m
     [90m 52 |[39m     message[33m:[39m error[33m.[39mmessage[33m,[39m[0m

      at error (src/utils/responseHandlers.js:49:11)
      at handleError (src/api/v1/tasks/controller.js:41:5)

[0mGET /api/v1/tasks/59 [33m404[0m 7.247 ms - 54[0m
  console.log
    Test task 61 created with name "Test Task 1745018539527" for project 22

      at log (tests/test-helpers.js:100:13)

  console.log
    Test task 62 created with name "Test Task 1745018539529" for project 22

      at log (tests/test-helpers.js:100:13)

  console.error
    Error deleting task ID 99999: Error: Task with ID 99999 not found.
        at Object.deleteTask (C:\Apps\Brian\src\api\v1\tasks\service.js:488:27)
        at processTicksAndRejections (node:internal/process/task_queues:105:5)
        at deleteTask (C:\Apps\Brian\src\api\v1\tasks\controller.js:123:5) {
      statusCode: 404
    }

    [0m [90m 512 |[39m   } [36mcatch[39m (error) {
     [90m 513 |[39m     [90m// await transaction.rollback(); // Rollback on error if using transaction[39m
    [31m[1m>[22m[39m[90m 514 |[39m     console[33m.[39merror([32m`Error deleting task ID ${taskId}:`[39m[33m,[39m error)[33m;[39m
     [90m     |[39m             [31m[1m^[22m[39m
     [90m 515 |[39m     [90m// Ensure statusCode is set if not already present (but respect existing 404)[39m
     [90m 516 |[39m     [36mif[39m ([33m![39merror[33m.[39mstatusCode) {
     [90m 517 |[39m         [36mif[39m (error[33m.[39mname [33m===[39m [32m'SequelizeForeignKeyConstraintError'[39m) {[0m

      at Object.error [as deleteTask] (src/api/v1/tasks/service.js:514:13)
      at deleteTask (src/api/v1/tasks/controller.js:123:5)

  console.error
    Controller deleteTask Catch: {
      message: 'Task with ID 99999 not found.',
      statusCode: 404,
      stack: 'Error: Task with ID 99999 not found.\n' +
        '    at Object.deleteTask (C:\\Apps\\Brian\\src\\api\\v1\\tasks\\service.js:488:27)\n' +
        '    at processTicksAndRejections (node:internal/process/task_queues:105:5)\n' +
        '    at deleteTask (C:\\Apps\\Brian\\src\\api\\v1\\tasks\\controller.js:123:5)'
    }

    [0m [90m 127 |[39m   } [36mcatch[39m (error) {
     [90m 128 |[39m     [90m// Add detailed logging for debugging[39m
    [31m[1m>[22m[39m[90m 129 |[39m     console[33m.[39merror([32m'Controller deleteTask Catch:'[39m[33m,[39m {
     [90m     |[39m             [31m[1m^[22m[39m
     [90m 130 |[39m       message[33m:[39m error[33m.[39mmessage[33m,[39m
     [90m 131 |[39m       statusCode[33m:[39m error[33m.[39mstatusCode[33m,[39m
     [90m 132 |[39m       stack[33m:[39m error[33m.[39mstack[0m

      at error (src/api/v1/tasks/controller.js:129:13)

  console.error
    handleError: {
      error: Error: Task with ID 99999 not found.
          at Object.deleteTask (C:\Apps\Brian\src\api\v1\tasks\service.js:488:27)
          at processTicksAndRejections (node:internal/process/task_queues:105:5)
          at deleteTask (C:\Apps\Brian\src\api\v1\tasks\controller.js:123:5) {
        statusCode: 404
      },
      status: 404,
      message: 'Task with ID 99999 not found.',
      name: 'Error',
      stack: 'Error: Task with ID 99999 not found.\n' +
        '    at Object.deleteTask (C:\\Apps\\Brian\\src\\api\\v1\\tasks\\service.js:488:27)\n' +
        '    at processTicksAndRejections (node:internal/process/task_queues:105:5)\n' +
        '    at deleteTask (C:\\Apps\\Brian\\src\\api\\v1\\tasks\\controller.js:123:5)'
    }

    [0m [90m 47 |[39m   
     [90m 48 |[39m   [90m// Enhanced logging for debugging purposes[39m
    [31m[1m>[22m[39m[90m 49 |[39m   console[33m.[39merror([32m'handleError:'[39m[33m,[39m {
     [90m    |[39m           [31m[1m^[22m[39m
     [90m 50 |[39m     error[33m:[39m error[33m,[39m
     [90m 51 |[39m     status[33m:[39m statusCode[33m,[39m
     [90m 52 |[39m     message[33m:[39m error[33m.[39mmessage[33m,[39m[0m

      at error (src/utils/responseHandlers.js:49:11)
      at handleError (src/api/v1/tasks/controller.js:135:5)

[0mDELETE /api/v1/tasks/99999 [33m404[0m 7.675 ms - 57[0m
  console.log
    Test task 63 created with name "Test Task 1745018539544" for project 22

      at log (tests/test-helpers.js:100:13)

  console.log
    Test task 64 created with name "Test Task 1745018539547" for project 22

      at log (tests/test-helpers.js:100:13)

[0mDELETE /api/v1/tasks/64 [33m401[0m 0.226 ms - 61[0m
  console.log
    Test task 65 created with name "Test Task 1745018539555" for project 22

      at log (tests/test-helpers.js:100:13)

  console.log
    Test task 66 created with name "Test Task 1745018539557" for project 22

      at log (tests/test-helpers.js:100:13)

[0mDELETE /api/v1/tasks/abc [33m400[0m 1.330 ms - 43[0m
  console.log
    Test DB Connection has been closed successfully.

      at Object.log (tests/setup.js:31:13)

PASS tests/integration/tasks.test.js
  Tasks API - /api/v1/tasks
    GET /
      ΓêÜ should return a list of tasks (19 ms)
      ΓêÜ should return 400 if invalid status query parameter is provided (13 ms)
    GET /:id
      ΓêÜ should return a single task by ID (14 ms)
      ΓêÜ should return 404 if task not found (41 ms)
      ΓêÜ should return 400 if task ID is invalid (12 ms)
    POST /
      ΓêÜ should create a new task with valid data and token (23 ms)
      ΓêÜ should return 401 if no token is provided (11 ms)
      ΓêÜ should return 401 if token is invalid (12 ms)
      Γùï skipped should return 400 if required fields are missing
    PUT /:id
      ΓêÜ should update an existing task with valid data and token (15 ms)
      ΓêÜ should return 404 if task to update is not found (20 ms)
      ΓêÜ should return 401 if no token is provided (9 ms)
      ΓêÜ should return 400 if task ID is invalid (11 ms)
      Γùï skipped should return 400 if update data is invalid
    DELETE /:id
      ΓêÜ should delete an existing task with a valid token (23 ms)
      ΓêÜ should return 404 if task to delete is not found (17 ms)
      ΓêÜ should return 401 if no token is provided (10 ms)
      ΓêÜ should return 400 if task ID is invalid (12 ms)

-----------------------|---------|----------|---------|---------|----------------------------------------------------------------------------------------------------------------------------------------------------------------------------------------------------
File                   | % Stmts | % Branch | % Funcs | % Lines | Uncovered Line #s                                                                                                                                                                                  
-----------------------|---------|----------|---------|---------|----------------------------------------------------------------------------------------------------------------------------------------------------------------------------------------------------
All files              |   69.46 |    53.27 |   70.73 |    70.1 |                                                                                                                                                                                                    
 src                   |    87.5 |     37.5 |       0 |    87.5 |                                                                                                                                                                                                    
  index.js             |    87.5 |     37.5 |       0 |    87.5 | 4,31,59-60                                                                                                                                                                                         
 src/api/v1/jobs       |   30.72 |     9.75 |      20 |   31.28 |                                                                                                                                                                                                    
  controller.js        |    27.5 |        0 |      20 |    27.5 | 10-17,26-35,44-55,64-70,84                                                                                                                                                                         
  routes.js            |      72 |        0 |       0 |      72 | 13-20                                                                                                                                                                                              
  service.js           |   21.78 |    11.42 |   22.22 |   22.44 | 51-53,64-118,129-168,178-192,203-213                                                                                                                                                               
 src/api/v1/projects   |   74.94 |    53.15 |   87.87 |   75.29 |                                                                                                                                                                                                    
  controller.js        |   80.85 |       50 |     100 |   80.85 | 23,96-99,109-111,126-127,142-145,161,177-180                                                                                                                                                       
  routes.js            |     100 |      100 |     100 |     100 |                                                                                                                                                                                                    
  service.js           |   70.26 |    52.35 |    82.6 |   70.66 | 10,14-18,23,27,30,33,36,39,42,45,63,65,67,90-113,128-129,133,162,172-174,184-208,218,248,260,289-290,300,326-327,337,391,401-408,466-477,487-489,523-525,560-565,578-580,605-607,618-621,632       
 src/api/v1/tasks      |   78.86 |    62.86 |    82.5 |   80.14 |                                                                                                                                                                                                    
  controller.js        |    91.3 |    54.54 |     100 |    91.3 | 23,57,91,147,151,178                                                                                                                                                                               
  routes.js            |   85.91 |    74.07 |    87.5 |   87.69 | 56,65-74                                                                                                                                                                                           
  service.js           |   74.33 |    62.23 |      76 |   75.77 | 14,23-24,28,31,34,48,50,52,83-85,91-93,115,123-134,172,194-203,238,252-253,263,274,288,325,337,354,357,360,369,375-376,386,447,449,451,460,466-467,477,517-523,537,577-581,588-589,601,648,657-658 
 src/controllers       |      25 |        0 |       0 |      25 |                                                                                                                                                                                                    
  authController.js    |      25 |        0 |       0 |      25 | 9-28,38-60,71                                                                                                                                                                                      
 src/middleware        |   50.98 |    41.66 |   42.85 |   53.06 |                                                                                                                                                                                                    
  auth.js              |   70.37 |    63.15 |     100 |   70.37 | 41-65,71,83                                                                                                                                                                                        
  error-handler.js     |     100 |       50 |     100 |     100 | 7-23                                                                                                                                                                                               
  rbac.js              |       0 |        0 |       0 |       0 | 8-20                                                                                                                                                                                               
  validateRequest.js   |       0 |        0 |       0 |       0 | 2-23                                                                                                                                                                                               
  validationMessage.js |     100 |       50 |     100 |     100 | 3                                                                                                                                                                                                  
 src/models            |   87.38 |    57.77 |   93.75 |   87.38 |                                                                                                                                                                                                    
  index.js             |   81.48 |    61.53 |     100 |   81.48 | 19,31-32,42,75-78,86-89,95                                                                                                                                                                         
  job.js               |     100 |      100 |     100 |     100 |                                                                                                                                                                                                    
  person.js            |   77.77 |    33.33 |      75 |   77.77 | 77,90-93                                                                                                                                                                                           
  project.js           |     100 |      100 |     100 |     100 |                                                                                                                                                                                                    
  projectAssignment.js |     100 |      100 |     100 |     100 |                                                                                                                                                                                                    
  status.js            |     100 |      100 |     100 |     100 |                                                                                                                                                                                                    
  task.js              |     100 |      100 |     100 |     100 |                                                                                                                                                                                                    
  taskAssignment.js    |     100 |      100 |     100 |     100 |                                                                                                                                                                                                    
 src/routes            |     100 |      100 |     100 |     100 |                                                                                                                                                                                                    
  authRoutes.js        |     100 |      100 |     100 |     100 |                                                                                                                                                                                                    
 src/services          |    23.8 |        0 |       0 |    23.8 |                                                                                                                                                                                                    
  authService.js       |    23.8 |        0 |       0 |    23.8 | 12-56                                                                                                                                                                                              
 src/utils             |   71.87 |    69.23 |   66.66 |   70.96 |                                                                                                                                                                                                    
  responseHandlers.js  |   71.87 |    69.23 |   66.66 |   70.96 | 60,64,76-87                                                                                                                                                                                        
-----------------------|---------|----------|---------|---------|----------------------------------------------------------------------------------------------------------------------------------------------------------------------------------------------------
Test Suites: 1 failed, 6 passed, 7 total
Tests:       17 failed, 2 skipped, 136 passed, 155 total
Snapshots:   0 total
Time:        9.052 s, estimated 21 s
Ran all test suites.
